Component: ARM Compiler 5.06 update 7 (build 960) Tool: armlink [4d3601]

==============================================================================

Section Cross References

    startup_stm32f407xx.o(RESET) refers to startup_stm32f407xx.o(STACK) for __initial_sp
    startup_stm32f407xx.o(RESET) refers to startup_stm32f407xx.o(.text) for Reset_Handler
    startup_stm32f407xx.o(RESET) refers to stm32f4xx_it.o(i.NMI_Handler) for NMI_Handler
    startup_stm32f407xx.o(RESET) refers to stm32f4xx_it.o(i.HardFault_Handler) for HardFault_Handler
    startup_stm32f407xx.o(RESET) refers to stm32f4xx_it.o(i.MemManage_Handler) for MemManage_Handler
    startup_stm32f407xx.o(RESET) refers to stm32f4xx_it.o(i.BusFault_Handler) for BusFault_Handler
    startup_stm32f407xx.o(RESET) refers to stm32f4xx_it.o(i.UsageFault_Handler) for UsageFault_Handler
    startup_stm32f407xx.o(RESET) refers to port.o(.emb_text) for SVC_Handler
    startup_stm32f407xx.o(RESET) refers to stm32f4xx_it.o(i.DebugMon_Handler) for DebugMon_Handler
    startup_stm32f407xx.o(RESET) refers to port.o(i.SysTick_Handler) for SysTick_Handler
    startup_stm32f407xx.o(RESET) refers to stm32f4xx_it.o(i.DMA1_Stream0_IRQHandler) for DMA1_Stream0_IRQHandler
    startup_stm32f407xx.o(RESET) refers to stm32f4xx_it.o(i.DMA1_Stream2_IRQHandler) for DMA1_Stream2_IRQHandler
    startup_stm32f407xx.o(RESET) refers to stm32f4xx_it.o(i.DMA1_Stream5_IRQHandler) for DMA1_Stream5_IRQHandler
    startup_stm32f407xx.o(RESET) refers to stm32f4xx_it.o(i.CAN1_RX0_IRQHandler) for CAN1_RX0_IRQHandler
    startup_stm32f407xx.o(RESET) refers to stm32f4xx_it.o(i.TIM2_IRQHandler) for TIM2_IRQHandler
    startup_stm32f407xx.o(RESET) refers to stm32f4xx_it.o(i.USART1_IRQHandler) for USART1_IRQHandler
    startup_stm32f407xx.o(RESET) refers to stm32f4xx_it.o(i.USART2_IRQHandler) for USART2_IRQHandler
    startup_stm32f407xx.o(RESET) refers to stm32f4xx_it.o(i.UART4_IRQHandler) for UART4_IRQHandler
    startup_stm32f407xx.o(RESET) refers to stm32f4xx_it.o(i.UART5_IRQHandler) for UART5_IRQHandler
    startup_stm32f407xx.o(RESET) refers to stm32f4xx_it.o(i.DMA2_Stream2_IRQHandler) for DMA2_Stream2_IRQHandler
    startup_stm32f407xx.o(RESET) refers to stm32f4xx_it.o(i.CAN2_RX0_IRQHandler) for CAN2_RX0_IRQHandler
    startup_stm32f407xx.o(.text) refers to system_stm32f4xx.o(i.SystemInit) for SystemInit
    startup_stm32f407xx.o(.text) refers to entry.o(.ARM.Collect$$$$00000000) for __main
    drv_can.o(i.CAN1_Init) refers to drv_can.o(i.CAN_Filter_ParamsInit) for CAN_Filter_ParamsInit
    drv_can.o(i.CAN1_Init) refers to stm32f4xx_hal_can.o(i.HAL_CAN_ConfigFilter) for HAL_CAN_ConfigFilter
    drv_can.o(i.CAN1_Init) refers to stm32f4xx_hal_can.o(i.HAL_CAN_ActivateNotification) for HAL_CAN_ActivateNotification
    drv_can.o(i.CAN1_Init) refers to stm32f4xx_hal_can.o(i.HAL_CAN_Start) for HAL_CAN_Start
    drv_can.o(i.CAN1_Init) refers to can.o(.bss) for hcan1
    drv_can.o(i.CAN2_Init) refers to drv_can.o(i.CAN_Filter_ParamsInit) for CAN_Filter_ParamsInit
    drv_can.o(i.CAN2_Init) refers to stm32f4xx_hal_can.o(i.HAL_CAN_ConfigFilter) for HAL_CAN_ConfigFilter
    drv_can.o(i.CAN2_Init) refers to stm32f4xx_hal_can.o(i.HAL_CAN_ActivateNotification) for HAL_CAN_ActivateNotification
    drv_can.o(i.CAN2_Init) refers to stm32f4xx_hal_can.o(i.HAL_CAN_Start) for HAL_CAN_Start
    drv_can.o(i.CAN2_Init) refers to can.o(.bss) for hcan2
    drv_can.o(i.CAN_AddMsgByDriver) refers to drv_can.o(i.CAN_CreateTxPort) for CAN_CreateTxPort
    drv_can.o(i.CAN_AddMsgByDriver) refers to drv_can.o(.bss) for .bss
    drv_can.o(i.CAN_AutoTx) refers to drv_can.o(i.CAN_PopWaitTxPort) for CAN_PopWaitTxPort
    drv_can.o(i.CAN_AutoTx) refers to drv_haltick.o(i.micros) for micros
    drv_can.o(i.CAN_AutoTx) refers to drv_can.o(i.CAN_StartTxByTxPort) for CAN_StartTxByTxPort
    drv_can.o(i.CAN_AutoTx) refers to drv_can.o(.data) for .data
    drv_can.o(i.CAN_AutoTx) refers to monitor_task.o(.data) for send_control_time
    drv_can.o(i.CAN_CreateTxPort) refers to heap_4.o(i.pvPortMalloc) for pvPortMalloc
    drv_can.o(i.CAN_MailboxReadyForTx) refers to drv_haltick.o(i.micros) for micros
    drv_can.o(i.CAN_MailboxReadyForTx) refers to drv_can.o(i.CAN_PushWaitTxPort) for CAN_PushWaitTxPort
    drv_can.o(i.CAN_StartTxByDriver) refers to stm32f4xx_hal_can.o(i.HAL_CAN_AddTxMessage) for HAL_CAN_AddTxMessage
    drv_can.o(i.CAN_StartTxByDriver) refers to can.o(.bss) for hcan2
    drv_can.o(i.CAN_StartTxByTxPort) refers to port.o(i.vPortEnterCritical) for vPortEnterCritical
    drv_can.o(i.CAN_StartTxByTxPort) refers to stm32f4xx_hal_can.o(i.HAL_CAN_AddTxMessage) for HAL_CAN_AddTxMessage
    drv_can.o(i.CAN_StartTxByTxPort) refers to drv_haltick.o(i.micros) for micros
    drv_can.o(i.CAN_StartTxByTxPort) refers to port.o(i.vPortExitCritical) for vPortExitCritical
    drv_can.o(i.CAN_StartTxByTxPort) refers to drv_can.o(.bss) for .bss
    drv_can.o(i.CAN_StartTxByTxPort) refers to can.o(.bss) for hcan1
[...]
    HAL_CAN_TxMailbox1CompleteCallback       0x0800231b   Thumb Code     2  stm32f4xx_hal_can.o(i.HAL_CAN_TxMailbox1CompleteCallback)
    HAL_CAN_TxMailbox2AbortCallback          0x0800231d   Thumb Code     2  stm32f4xx_hal_can.o(i.HAL_CAN_TxMailbox2AbortCallback)
    HAL_CAN_TxMailbox2CompleteCallback       0x0800231f   Thumb Code     2  stm32f4xx_hal_can.o(i.HAL_CAN_TxMailbox2CompleteCallback)
    HAL_CAN_WakeUpFromRxMsgCallback          0x08002321   Thumb Code     2  stm32f4xx_hal_can.o(i.HAL_CAN_WakeUpFromRxMsgCallback)
    HAL_DAC_ConfigChannel                    0x08002323   Thumb Code    70  stm32f4xx_hal_dac.o(i.HAL_DAC_ConfigChannel)
    HAL_DAC_Init                             0x08002369   Thumb Code    40  stm32f4xx_hal_dac.o(i.HAL_DAC_Init)
    HAL_DAC_MspInit                          0x08002391   Thumb Code    84  dac.o(i.HAL_DAC_MspInit)
    HAL_DAC_Start                            0x080023f1   Thumb Code    92  stm32f4xx_hal_dac.o(i.HAL_DAC_Start)
    HAL_DMA_Abort                            0x0800244d   Thumb Code   146  stm32f4xx_hal_dma.o(i.HAL_DMA_Abort)
    HAL_DMA_Abort_IT                         0x080024df   Thumb Code    36  stm32f4xx_hal_dma.o(i.HAL_DMA_Abort_IT)
    HAL_DMA_IRQHandler                       0x08002505   Thumb Code   412  stm32f4xx_hal_dma.o(i.HAL_DMA_IRQHandler)
    HAL_DMA_Init                             0x080026a5   Thumb Code   206  stm32f4xx_hal_dma.o(i.HAL_DMA_Init)
    HAL_GPIO_Init                            0x08002779   Thumb Code   450  stm32f4xx_hal_gpio.o(i.HAL_GPIO_Init)
    HAL_GPIO_TogglePin                       0x08002969   Thumb Code    16  stm32f4xx_hal_gpio.o(i.HAL_GPIO_TogglePin)
    HAL_GPIO_WritePin                        0x08002979   Thumb Code    10  stm32f4xx_hal_gpio.o(i.HAL_GPIO_WritePin)
    HAL_GetTick                              0x08002985   Thumb Code     6  stm32f4xx_hal.o(i.HAL_GetTick)
    HAL_IncTick                              0x08002991   Thumb Code    38  drv_haltick.o(i.HAL_IncTick)
    HAL_Init                                 0x080029c5   Thumb Code    48  stm32f4xx_hal.o(i.HAL_Init)
    HAL_InitTick                             0x080029f9   Thumb Code   134  stm32f4xx_hal_timebase_tim.o(i.HAL_InitTick)
    HAL_MspInit                              0x08002a91   Thumb Code    52  stm32f4xx_hal_msp.o(i.HAL_MspInit)
    HAL_NVIC_EnableIRQ                       0x08002ac9   Thumb Code    26  stm32f4xx_hal_cortex.o(i.HAL_NVIC_EnableIRQ)
    HAL_NVIC_SetPriority                     0x08002ae5   Thumb Code    60  stm32f4xx_hal_cortex.o(i.HAL_NVIC_SetPriority)
    HAL_NVIC_SetPriorityGrouping             0x08002b25   Thumb Code    26  stm32f4xx_hal_cortex.o(i.HAL_NVIC_SetPriorityGrouping)
    HAL_RCC_ClockConfig                      0x08002b49   Thumb Code   288  stm32f4xx_hal_rcc.o(i.HAL_RCC_ClockConfig)
    HAL_RCC_GetClockConfig                   0x08002c7d   Thumb Code    54  stm32f4xx_hal_rcc.o(i.HAL_RCC_GetClockConfig)
    HAL_RCC_GetPCLK1Freq                     0x08002cbd   Thumb Code    20  stm32f4xx_hal_rcc.o(i.HAL_RCC_GetPCLK1Freq)
    HAL_RCC_GetPCLK2Freq                     0x08002cdd   Thumb Code    20  stm32f4xx_hal_rcc.o(i.HAL_RCC_GetPCLK2Freq)
    HAL_RCC_GetSysClockFreq                  0x08002cfd   Thumb Code    88  stm32f4xx_hal_rcc.o(i.HAL_RCC_GetSysClockFreq)
    HAL_RCC_OscConfig                        0x08002d61   Thumb Code   856  stm32f4xx_hal_rcc.o(i.HAL_RCC_OscConfig)
    HAL_TIMEx_BreakCallback                  0x080030cd   Thumb Code     2  stm32f4xx_hal_tim_ex.o(i.HAL_TIMEx_BreakCallback)
    HAL_TIMEx_CommutCallback                 0x080030cf   Thumb Code     2  stm32f4xx_hal_tim_ex.o(i.HAL_TIMEx_CommutCallback)
    HAL_TIMEx_ConfigBreakDeadTime            0x080030d1   Thumb Code    84  stm32f4xx_hal_tim_ex.o(i.HAL_TIMEx_ConfigBreakDeadTime)
    HAL_TIMEx_MasterConfigSynchronization    0x08003125   Thumb Code   116  stm32f4xx_hal_tim_ex.o(i.HAL_TIMEx_MasterConfigSynchronization)
    HAL_TIM_Base_Init                        0x080031b5   Thumb Code    90  stm32f4xx_hal_tim.o(i.HAL_TIM_Base_Init)
    HAL_TIM_Base_MspInit                     0x08003211   Thumb Code    56  tim.o(i.HAL_TIM_Base_MspInit)
    HAL_TIM_Base_Start_IT                    0x08003255   Thumb Code   100  stm32f4xx_hal_tim.o(i.HAL_TIM_Base_Start_IT)
    HAL_TIM_ConfigClockSource                0x080032d5   Thumb Code   220  stm32f4xx_hal_tim.o(i.HAL_TIM_ConfigClockSource)
    HAL_TIM_IC_CaptureCallback               0x080033b1   Thumb Code     2  stm32f4xx_hal_tim.o(i.HAL_TIM_IC_CaptureCallback)
    HAL_TIM_IRQHandler                       0x080033b3   Thumb Code   358  stm32f4xx_hal_tim.o(i.HAL_TIM_IRQHandler)
    HAL_TIM_MspPostInit                      0x08003519   Thumb Code   110  tim.o(i.HAL_TIM_MspPostInit)
    HAL_TIM_OC_DelayElapsedCallback          0x0800359d   Thumb Code     2  stm32f4xx_hal_tim.o(i.HAL_TIM_OC_DelayElapsedCallback)
    HAL_TIM_PWM_ConfigChannel                0x0800359f   Thumb Code   204  stm32f4xx_hal_tim.o(i.HAL_TIM_PWM_ConfigChannel)
    HAL_TIM_PWM_Init                         0x0800366b   Thumb Code    90  stm32f4xx_hal_tim.o(i.HAL_TIM_PWM_Init)
    HAL_TIM_PWM_MspInit                      0x080036c5   Thumb Code     2  stm32f4xx_hal_tim.o(i.HAL_TIM_PWM_MspInit)
    HAL_TIM_PWM_PulseFinishedCallback        0x080036c7   Thumb Code     2  stm32f4xx_hal_tim.o(i.HAL_TIM_PWM_PulseFinishedCallback)
    HAL_TIM_PWM_Start                        0x080036c9   Thumb Code   172  stm32f4xx_hal_tim.o(i.HAL_TIM_PWM_Start)
    HAL_TIM_PeriodElapsedCallback            0x08003791   Thumb Code    14  main.o(i.HAL_TIM_PeriodElapsedCallback)
    HAL_TIM_TriggerCallback                  0x0800379f   Thumb Code     2  stm32f4xx_hal_tim.o(i.HAL_TIM_TriggerCallback)
    HAL_UARTEx_RxEventCallback               0x080037a1   Thumb Code     2  stm32f4xx_hal_uart.o(i.HAL_UARTEx_RxEventCallback)
    HAL_UART_ErrorCallback                   0x080037a3   Thumb Code     2  stm32f4xx_hal_uart.o(i.HAL_UART_ErrorCallback)
    HAL_UART_IRQHandler                      0x080037a5   Thumb Code   610  stm32f4xx_hal_uart.o(i.HAL_UART_IRQHandler)
    HAL_UART_Init                            0x08003a0d   Thumb Code    98  stm32f4xx_hal_uart.o(i.HAL_UART_Init)
    HAL_UART_MspInit                         0x08003a71   Thumb Code   706  usart.o(i.HAL_UART_MspInit)
    HAL_UART_RxCpltCallback                  0x08003d65   Thumb Code     2  stm32f4xx_hal_uart.o(i.HAL_UART_RxCpltCallback)
    HAL_UART_TxCpltCallback                  0x08003d67   Thumb Code     2  stm32f4xx_hal_uart.o(i.HAL_UART_TxCpltCallback)
    HardFault_Handler                        0x08003d69   Thumb Code     2  stm32f4xx_it.o(i.HardFault_Handler)
    IIC_Ack                                  0x08003d6d   Thumb Code    56  soft_iic.o(i.IIC_Ack)
    IIC_NAck                                 0x08003dad   Thumb Code    56  soft_iic.o(i.IIC_NAck)
    IIC_Read_Byte                            0x08003ded   Thumb Code    96  soft_iic.o(i.IIC_Read_Byte)
    IIC_Send_Byte                            0x08003e55   Thumb Code    86  soft_iic.o(i.IIC_Send_Byte)
    IIC_Start                                0x08003eb5   Thumb Code    56  soft_iic.o(i.IIC_Start)
    IIC_Stop                                 0x08003ef5   Thumb Code    58  soft_iic.o(i.IIC_Stop)
    IIC_Wait_Ack                             0x08003f39   Thumb Code    74  soft_iic.o(i.IIC_Wait_Ack)
    MOTOR_3508_CAN_SENT_DATA                 0x08004065   Thumb Code    76  3508_motor.o(i.MOTOR_3508_CAN_SENT_DATA)
    MOTOR_3508_GET_DATA                      0x080040b5   Thumb Code    74  3508_motor.o(i.MOTOR_3508_GET_DATA)
    MOTOR_3508_INIT                          0x08004105   Thumb Code    36  3508_motor.o(i.MOTOR_3508_INIT)
    MOTOR_6020_CAN_SENT_DATA                 0x08004129   Thumb Code    76  6020_motor.o(i.MOTOR_6020_CAN_SENT_DATA)
    MOTOR_6020_GET_DATA                      0x08004179   Thumb Code    74  6020_motor.o(i.MOTOR_6020_GET_DATA)
    MOTOR_6020_INIT                          0x080041c9   Thumb Code    36  6020_motor.o(i.MOTOR_6020_INIT)
    MPU_Read_Byte                            0x080041ed   Thumb Code    72  bmi2_common.o(i.MPU_Read_Byte)
    MPU_Read_all                             0x08004239   Thumb Code    92  bmi2_common.o(i.MPU_Read_all)
    MX_ADC1_Init                             0x08004299   Thumb Code    88  adc.o(i.MX_ADC1_Init)
    MX_CAN1_Init                             0x080042fd   Thumb Code    62  can.o(i.MX_CAN1_Init)
    MX_CAN2_Init                             0x08004345   Thumb Code    62  can.o(i.MX_CAN2_Init)
    MX_DAC_Init                              0x0800438d   Thumb Code    52  dac.o(i.MX_DAC_Init)
    MX_DMA_Init                              0x080043c9   Thumb Code   104  dma.o(i.MX_DMA_Init)
    MX_FREERTOS_Init                         0x08004435   Thumb Code   142  freertos.o(i.MX_FREERTOS_Init)
    MX_GPIO_Init                             0x080044f5   Thumb Code   284  gpio.o(i.MX_GPIO_Init)
    MX_TIM1_Init                             0x08004625   Thumb Code   194  tim.o(i.MX_TIM1_Init)
    MX_TIM3_Init                             0x080046f1   Thumb Code   160  tim.o(i.MX_TIM3_Init)
    MX_UART4_Init                            0x08004799   Thumb Code    48  usart.o(i.MX_UART4_Init)
    MX_UART5_Init                            0x080047d1   Thumb Code    48  usart.o(i.MX_UART5_Init)
    MX_USART1_UART_Init                      0x08004809   Thumb Code    48  usart.o(i.MX_USART1_UART_Init)
    MX_USART2_UART_Init                      0x08004841   Thumb Code    46  usart.o(i.MX_USART2_UART_Init)
    MemManage_Handler                        0x0800487d   Thumb Code     2  stm32f4xx_it.o(i.MemManage_Handler)
    NMI_Handler                              0x0800487f   Thumb Code     2  stm32f4xx_it.o(i.NMI_Handler)
    PWM_Init                                 0x08004881   Thumb Code    42  drv_tim.o(i.PWM_Init)
    RC_ResetData                             0x080048b9   Thumb Code    58  rc_sensor.o(i.RC_ResetData)
    RM3508_GetDataId                         0x080048f3   Thumb Code    10  rm_protocol.o(i.RM3508_GetDataId)
    RM3508_GetTxId                           0x080048fd   Thumb Code    22  rm_protocol.o(i.RM3508_GetTxId)
    Set_accel                                0x08004913   Thumb Code    84  bmi.o(i.Set_accel)
    Set_gyro                                 0x08004967   Thumb Code    88  bmi.o(i.Set_gyro)
    StartControlTask                         0x080049c1   Thumb Code    28  control_task.o(i.StartControlTask)
    StartMonitorTask                         0x080049e5   Thumb Code   112  monitor_task.o(i.StartMonitorTask)
    StartSendTask                            0x08004a69   Thumb Code    48  send_task.o(i.StartSendTask)
    StartSystemTask                          0x08004aa5   Thumb Code    82  system_task.o(i.StartSystemTask)
    SysTick_Handler                          0x08004b01   Thumb Code    38  port.o(i.SysTick_Handler)
    SystemClock_Config                       0x08004b2d   Thumb Code   126  main.o(i.SystemClock_Config)
    SystemInit                               0x08004bb5   Thumb Code    22  system_stm32f4xx.o(i.SystemInit)
    TIM2_IRQHandler                          0x08004bd1   Thumb Code     6  stm32f4xx_it.o(i.TIM2_IRQHandler)
    TIM_Base_SetConfig                       0x08004bdd   Thumb Code   156  stm32f4xx_hal_tim.o(i.TIM_Base_SetConfig)
    TIM_CCxChannelCmd                        0x08004ca5   Thumb Code    26  stm32f4xx_hal_tim.o(i.TIM_CCxChannelCmd)
    TIM_ETR_SetConfig                        0x08004cbf   Thumb Code    20  stm32f4xx_hal_tim.o(i.TIM_ETR_SetConfig)
    TIM_OC2_SetConfig                        0x08004d45   Thumb Code    98  stm32f4xx_hal_tim.o(i.TIM_OC2_SetConfig)
    UART4_IRQHandler                         0x08004eb1   Thumb Code    18  stm32f4xx_it.o(i.UART4_IRQHandler)
    UART5_IRQHandler                         0x08004ec9   Thumb Code    18  stm32f4xx_it.o(i.UART5_IRQHandler)
    USART1_IRQHandler                        0x0800510d   Thumb Code    18  stm32f4xx_it.o(i.USART1_IRQHandler)
    USART1_Init                              0x08005125   Thumb Code    46  drv_uart.o(i.USART1_Init)
    USART2_IRQHandler                        0x0800515d   Thumb Code    18  stm32f4xx_it.o(i.USART2_IRQHandler)
    USART2_Init                              0x08005175   Thumb Code    52  drv_uart.o(i.USART2_Init)
    USART2_rxDataHandler                     0x080051b1   Thumb Code    22  rc_protocol.o(i.USART2_rxDataHandler)
    USART4_Init                              0x080051cd   Thumb Code    46  drv_uart.o(i.USART4_Init)
    USART4_rxDataHandler                     0x08005205   Thumb Code     2  drv_uart.o(i.USART4_rxDataHandler)
    USART5_Init                              0x08005209   Thumb Code    46  drv_uart.o(i.USART5_Init)
    USART5_rxDataHandler                     0x08005241   Thumb Code     2  drv_uart.o(i.USART5_rxDataHandler)
    UsageFault_Handler                       0x08005243   Thumb Code     2  stm32f4xx_it.o(i.UsageFault_Handler)
    __ARM_fpclassify                         0x08005245   Thumb Code    48  fpclassify.o(i.__ARM_fpclassify)
    __hardfp_asin                            0x080052b9   Thumb Code   770  asin.o(i.__hardfp_asin)
    __hardfp_atan                            0x08005619   Thumb Code   622  atan.o(i.__hardfp_atan)
    __hardfp_atan2                           0x080058f1   Thumb Code   448  atan2.o(i.__hardfp_atan2)
    __kernel_poly                            0x08005af1   Thumb Code   248  poly.o(i.__kernel_poly)
    __mathlib_dbl_infnan                     0x08005be9   Thumb Code    20  dunder.o(i.__mathlib_dbl_infnan)
    __mathlib_dbl_infnan2                    0x08005bfd   Thumb Code    20  dunder.o(i.__mathlib_dbl_infnan2)
    __mathlib_dbl_invalid                    0x08005c11   Thumb Code    24  dunder.o(i.__mathlib_dbl_invalid)
    __mathlib_dbl_underflow                  0x08005c31   Thumb Code    24  dunder.o(i.__mathlib_dbl_underflow)
    __scatterload_copy                       0x08005c51   Thumb Code    14  handlers.o(i.__scatterload_copy)
    __scatterload_null                       0x08005c5f   Thumb Code     2  handlers.o(i.__scatterload_null)
    __scatterload_zeroinit                   0x08005c61   Thumb Code    14  handlers.o(i.__scatterload_zeroinit)
    __set_errno                              0x08005c71   Thumb Code     6  errno.o(i.__set_errno)
    atan                                     0x08005c7d   Thumb Code    16  atan.o(i.atan)
    bmi270_init                              0x08005c8d   Thumb Code   110  bmi270.o(i.bmi270_init)
    bmi2_error_codes_print_result            0x08005d05   Thumb Code     2  bmi2_common.o(i.bmi2_error_codes_print_result)
    bmi2_extract_input_feat_config           0x08005d07   Thumb Code    54  bmi2.o(i.bmi2_extract_input_feat_config)
    bmi2_get_feat_config                     0x08005d3d   Thumb Code   160  bmi2.o(i.bmi2_get_feat_config)
    bmi2_get_gyro_cross_sense                0x08005ddd   Thumb Code    60  bmi2.o(i.bmi2_get_gyro_cross_sense)
    bmi2_get_internal_status                 0x08005e19   Thumb Code    48  bmi2.o(i.bmi2_get_internal_status)
    bmi2_get_regs                            0x08005e49   Thumb Code   146  bmi2.o(i.bmi2_get_regs)
    bmi2_get_sensor_config                   0x08005edd   Thumb Code   570  bmi2.o(i.bmi2_get_sensor_config)
    bmi2_get_sensor_data                     0x08006117   Thumb Code   734  bmi2.o(i.bmi2_get_sensor_data)
    bmi2_get_status                          0x080063f5   Thumb Code    38  bmi2.o(i.bmi2_get_status)
    bmi2_interface_selection                 0x0800641d   Thumb Code    48  bmi2_common.o(i.bmi2_interface_selection)
    bmi2_map_data_int                        0x0800645d   Thumb Code   118  bmi2.o(i.bmi2_map_data_int)
    bmi2_sec_init                            0x080064d5   Thumb Code    96  bmi2.o(i.bmi2_sec_init)
    bmi2_sensor_enable                       0x08006539   Thumb Code    56  bmi2.o(i.bmi2_sensor_enable)
    bmi2_set_adv_power_save                  0x08006571   Thumb Code    98  bmi2.o(i.bmi2_set_adv_power_save)
    bmi2_set_regs                            0x080065d5   Thumb Code   156  bmi2.o(i.bmi2_set_regs)
    bmi2_set_sensor_config                   0x08006671   Thumb Code   486  bmi2.o(i.bmi2_set_sensor_config)
    bmi2_soft_reset                          0x08006857   Thumb Code    96  bmi2.o(i.bmi2_soft_reset)
    bmi2_write_config_file                   0x080068b7   Thumb Code    86  bmi2.o(i.bmi2_write_config_file)
    delay_us                                 0x08006b45   Thumb Code    24  drv_haltick.o(i.delay_us)
    fabs                                     0x08006c1b   Thumb Code    24  fabs.o(i.fabs)
    free                                     0x08006c35   Thumb Code    76  malloc.o(i.free)
    imu_sensor_init                          0x08007bd5   Thumb Code   156  imu_protocol.o(i.imu_sensor_init)
    imu_sensor_update                        0x08007c75   Thumb Code    86  imu_protocol.o(i.imu_sensor_update)
    inVSqrt                                  0x08007cd1   Thumb Code    40  bmi.o(i.inVSqrt)
    main                                     0x08007d59   Thumb Code   102  main.o(i.main)
    malloc                                   0x08007dd5   Thumb Code    92  malloc.o(i.malloc)
    micros                                   0x08007e41   Thumb Code    30  drv_haltick.o(i.micros)
    osDelay                                  0x08007e81   Thumb Code    14  cmsis_os.o(i.osDelay)
    osKernelStart                            0x08007e8f   Thumb Code    10  cmsis_os.o(i.osKernelStart)
    osThreadCreate                           0x08007e99   Thumb Code    84  cmsis_os.o(i.osThreadCreate)
    pid_val_init                             0x08007eed   Thumb Code    34  pid.o(i.pid_val_init)
    pvPortMalloc                             0x08008261   Thumb Code   216  heap_4.o(i.pvPortMalloc)
    pxPortInitialiseStack                    0x0800833d   Thumb Code    40  port.o(i.pxPortInitialiseStack)
    rc_sensor_init                           0x080083df   Thumb Code    22  rc_protocol.o(i.rc_sensor_init)
    rc_sensor_update                         0x080083f5   Thumb Code   136  rc_protocol.o(i.rc_sensor_update)
    single_pid_ctrl                          0x0800a3f5   Thumb Code   150  pid.o(i.single_pid_ctrl)
    sqrt                                     0x0800a48b   Thumb Code   110  sqrt.o(i.sqrt)
    user_delay_us                            0x0800a601   Thumb Code     4  bmi2_common.o(i.user_delay_us)
    user_i2c_reg_read                        0x0800a605   Thumb Code    36  bmi2_common.o(i.user_i2c_reg_read)
    user_i2c_reg_write                       0x0800a629   Thumb Code    70  bmi2_common.o(i.user_i2c_reg_write)
    uxListRemove                             0x0800a675   Thumb Code    38  list.o(i.uxListRemove)
    vApplicationGetIdleTaskMemory            0x0800a69d   Thumb Code    16  freertos.o(i.vApplicationGetIdleTaskMemory)
    vListInitialise                          0x0800a6b1   Thumb Code    22  list.o(i.vListInitialise)
    vListInitialiseItem                      0x0800a6c7   Thumb Code     6  list.o(i.vListInitialiseItem)
    vListInsert                              0x0800a6cd   Thumb Code    48  list.o(i.vListInsert)
    vListInsertEnd                           0x0800a6fd   Thumb Code    24  list.o(i.vListInsertEnd)
    vPortEnterCritical                       0x0800a715   Thumb Code    54  port.o(i.vPortEnterCritical)
    vPortExitCritical                        0x0800a755   Thumb Code    34  port.o(i.vPortExitCritical)
    vPortFree                                0x0800a77d   Thumb Code    94  heap_4.o(i.vPortFree)
    vPortSetupTimerInterrupt                 0x0800a7e1   Thumb Code    32  port.o(i.vPortSetupTimerInterrupt)
    vTaskDelay                               0x0800a805   Thumb Code    66  tasks.o(i.vTaskDelay)
    vTaskStartScheduler                      0x0800a851   Thumb Code    90  tasks.o(i.vTaskStartScheduler)
    vTaskSuspendAll                          0x0800a8bd   Thumb Code    10  tasks.o(i.vTaskSuspendAll)
    vTaskSwitchContext                       0x0800a8cd   Thumb Code    82  tasks.o(i.vTaskSwitchContext)
    xPortStartScheduler                      0x0800aa0d   Thumb Code   222  port.o(i.xPortStartScheduler)
    xTaskCreate                              0x0800ab01   Thumb Code    90  tasks.o(i.xTaskCreate)
    xTaskCreateStatic                        0x0800ab5b   Thumb Code    86  tasks.o(i.xTaskCreateStatic)
    xTaskGenericNotify                       0x0800abb1   Thumb Code   212  tasks.o(i.xTaskGenericNotify)
    xTaskIncrementTick                       0x0800ac91   Thumb Code   194  tasks.o(i.xTaskIncrementTick)
    xTaskNotifyWait                          0x0800ad5d   Thumb Code   130  tasks.o(i.xTaskNotifyWait)
    xTaskResumeAll                           0x0800ade9   Thumb Code   182  tasks.o(i.xTaskResumeAll)
    bmi270_config_file                       0x0800aeb2   Data        8192  bmi270.o(.constdata)
    bmi270_feat_in                           0x0800ceb2   Data          48  bmi270.o(.constdata)
    bmi270_feat_out                          0x0800cee2   Data          21  bmi270.o(.constdata)
    AHBPrescTable                            0x0800cf68   Data          16  system_stm32f4xx.o(.constdata)
    APBPrescTable                            0x0800cf78   Data           8  system_stm32f4xx.o(.constdata)
    __mathlib_zero                           0x0800d070   Data           8  qnan.o(.constdata)
    Region$$Table$$Base                      0x0800d0a8   Number         0  anon$$obj.o(Region$$Table)
    Region$$Table$$Limit                     0x0800d0c8   Number         0  anon$$obj.o(Region$$Table)
    tx_time                                  0x20000000   Data           4  drv_can.o(.data)
    delta_time                               0x20000004   Data           4  drv_can.o(.data)
    dlt_t                                    0x20000008   Data           4  drv_can.o(.data)
    last_t                                   0x2000000c   Data           4  drv_can.o(.data)
    HalTick                                  0x20000010   Data           4  drv_haltick.o(.data)
    Kp                                       0x20000014   Data           4  bmi.o(.data)
    Ki                                       0x20000018   Data           4  bmi.o(.data)
    halfT                                    0x2000001c   Data           4  bmi.o(.data)
    q0                                       0x20000020   Data           4  bmi.o(.data)
    q1                                       0x20000024   Data           4  bmi.o(.data)
    q2                                       0x20000028   Data           4  bmi.o(.data)
    q3                                       0x2000002c   Data           4  bmi.o(.data)
    norm                                     0x20000030   Data           4  bmi.o(.data)
    vx                                       0x20000034   Data           4  bmi.o(.data)
    vy                                       0x20000038   Data           4  bmi.o(.data)
    vz                                       0x2000003c   Data           4  bmi.o(.data)
    ex                                       0x20000040   Data           4  bmi.o(.data)
    ey                                       0x20000044   Data           4  bmi.o(.data)
    ez                                       0x20000048   Data           4  bmi.o(.data)
    gx                                       0x2000004c   Data           4  bmi.o(.data)
    gy                                       0x20000050   Data           4  bmi.o(.data)
    gz                                       0x20000054   Data           4  bmi.o(.data)
    ax                                       0x20000058   Data           4  bmi.o(.data)
    ay                                       0x2000005c   Data           4  bmi.o(.data)
    az                                       0x20000060   Data           4  bmi.o(.data)
    exInt                                    0x20000064   Data           4  bmi.o(.data)
    eyInt                                    0x20000068   Data           4  bmi.o(.data)
    ezInt                                    0x2000006c   Data           4  bmi.o(.data)
    q0temp                                   0x20000070   Data           4  bmi.o(.data)
    q1temp                                   0x20000074   Data           4  bmi.o(.data)
    q2temp                                   0x20000078   Data           4  bmi.o(.data)
    q3temp                                   0x2000007c   Data           4  bmi.o(.data)
    MPU_ADDR                                 0x20000080   Data           1  bmi2_common.o(.data)
    rc_sensor_info                           0x20000082   Data          26  rc_sensor.o(.data)
    rc_sensor                                0x2000009c   Data          28  rc_sensor.o(.data)
    imu_sensor_driver                        0x200000b8   Data           2  imu_sensor.o(.data)
    imu_sensor_info                          0x200000bc   Data          32  imu_sensor.o(.data)
    imu_sensor                               0x200000dc   Data          28  imu_sensor.o(.data)
    chassis_motor_driver                     0x200000f8   Data         144  chassis_motor.o(.data)
    chassis_motor_info                       0x20000188   Data          80  chassis_motor.o(.data)
    chassis_motor                            0x200001d8   Data         112  chassis_motor.o(.data)
    dev_list                                 0x20000248   Data          24  device.o(.data)
    chas_info                                0x20000260   Data           2  chassis.o(.data)
    chas_motor_pid                           0x20000264   Data         464  chassis.o(.data)
    chas_dev                                 0x20000434   Data          24  chassis.o(.data)
    chas_ctrl                                0x2000044c   Data           4  chassis.o(.data)
    chassis                                  0x20000450   Data          40  chassis.o(.data)
    sys                                      0x20000478   Data           3  system_task.o(.data)
    send_control_time                        0x20000480   Data           4  monitor_task.o(.data)
    event                                    0x20000484   Data           4  monitor_task.o(.data)
    SendFlag                                 0x20000488   Data           4  send_task.o(.data)
    gyrox                                    0x2000048c   Data           2  imu_protocol.o(.data)
    gyroy                                    0x2000048e   Data           2  imu_protocol.o(.data)
    gyroz                                    0x20000490   Data           2  imu_protocol.o(.data)
    accx                                     0x20000492   Data           2  imu_protocol.o(.data)
    accy                                     0x20000494   Data           2  imu_protocol.o(.data)
    accz                                     0x20000496   Data           2  imu_protocol.o(.data)
    motor_3508_info                          0x20000498   Data           3  main.o(.data)
    motor_6020_info                          0x2000049b   Data           3  main.o(.data)
    speed                                    0x200004a0   Data           2  freertos.o(.data)
    current                                  0x200004a2   Data           2  freertos.o(.data)
    angle                                    0x200004a4   Data           2  freertos.o(.data)
    MonitorTaskHandle                        0x200004b0   Data           4  freertos.o(.data)
    ControlTaskHandle                        0x200004b4   Data           4  freertos.o(.data)
    SystemTaskHandle                         0x200004b8   Data           4  freertos.o(.data)
    SendTaskHandle                           0x200004bc   Data           4  freertos.o(.data)
    SystemCoreClock                          0x200004c4   Data           4  system_stm32f4xx.o(.data)
    uwTickFreq                               0x200004c8   Data           1  stm32f4xx_hal.o(.data)
    uwTickPrio                               0x200004cc   Data           4  stm32f4xx_hal.o(.data)
    uwTick                                   0x200004d0   Data           4  stm32f4xx_hal.o(.data)
    pxCurrentTCB                             0x200004d4   Data           4  tasks.o(.data)
    __microlib_freelist                      0x2000053c   Data           4  mvars.o(.data)
    __microlib_freelist_initialised          0x20000540   Data           4  mvars.o(.data)
    hcan1Mailbox                             0x20000548   Data          28  drv_can.o(.bss)
    hcan2Mailbox                             0x20000564   Data          28  drv_can.o(.bss)
    hcan1RxFrame                             0x20000580   Data          36  drv_can.o(.bss)
    usart1_dma_rxbuf                         0x200005a4   Data         100  drv_uart.o(.bss)
    usart2_dma_rxbuf                         0x20000608   Data          48  drv_uart.o(.bss)
    usart4_dma_rxbuf                         0x20000638   Data         100  drv_uart.o(.bss)
    usart5_dma_rxbuf                         0x2000069c   Data         200  drv_uart.o(.bss)
    bmi2_dev                                 0x20000768   Data         104  bmi.o(.bss)
    chas_drv                                 0x200007d0   Data          16  chassis.o(.bss)
    chas_motor                               0x200007e0   Data          16  chassis.o(.bss)
    chas_motor_info                          0x200007f0   Data          16  chassis.o(.bss)
    motor_3508__structure                    0x20000800   Data          28  main.o(.bss)
    motor_3508_base_info                     0x2000081c   Data          20  main.o(.bss)
    motor_6020__structure                    0x20000830   Data          28  main.o(.bss)
    motor_6020_base_info                     0x2000084c   Data          20  main.o(.bss)
    hadc1                                    0x20000ab4   Data          72  adc.o(.bss)
    hcan1                                    0x20000afc   Data          40  can.o(.bss)
    hcan2                                    0x20000b24   Data          40  can.o(.bss)
    hdac                                     0x20000b4c   Data          20  dac.o(.bss)
    htim1                                    0x20000b60   Data          72  tim.o(.bss)
    htim3                                    0x20000ba8   Data          72  tim.o(.bss)
    huart4                                   0x20000bf0   Data          68  usart.o(.bss)
    huart5                                   0x20000c34   Data          68  usart.o(.bss)
    huart1                                   0x20000c78   Data          68  usart.o(.bss)
    huart2                                   0x20000cbc   Data          68  usart.o(.bss)
    hdma_uart4_rx                            0x20000d00   Data          96  usart.o(.bss)
    hdma_uart5_rx                            0x20000d60   Data          96  usart.o(.bss)
    hdma_usart1_rx                           0x20000dc0   Data          96  usart.o(.bss)
    hdma_usart2_rx                           0x20000e20   Data          96  usart.o(.bss)
    htim2                                    0x20000e80   Data          72  stm32f4xx_hal_timebase_tim.o(.bss)
    __heap_base                              0x20004bb8   Data           0  startup_stm32f407xx.o(HEAP)
    __heap_limit                             0x20004db8   Data           0  startup_stm32f407xx.o(HEAP)
    __initial_sp                             0x200051b8   Data           0  startup_stm32f407xx.o(STACK)



==============================================================================

Memory Map of the image

  Image Entry point : 0x08000189

  Load Region LR_IROM1 (Base: 0x08000000, Size: 0x0000d610, Max: 0x00080000, ABSOLUTE, COMPRESSED[0x0000d1e4])

    Execution Region ER_IROM1 (Exec base: 0x08000000, Load base: 0x08000000, Size: 0x0000d0c8, Max: 0x00080000, ABSOLUTE)

    Exec Addr    Load Addr    Size         Type   Attr      Idx    E Section Name        Object

    0x08000000   0x08000000   0x00000188   Data   RO            3    RESET               startup_stm32f407xx.o
    0x08000188   0x08000188   0x00000000   Code   RO         8713  * .ARM.Collect$$$$00000000  mc_w.l(entry.o)
    0x08000188   0x08000188   0x00000004   Code   RO         8811    .ARM.Collect$$$$00000001  mc_w.l(entry2.o)
    0x0800018c   0x0800018c   0x00000004   Code   RO         8814    .ARM.Collect$$$$00000004  mc_w.l(entry5.o)
    0x08000190   0x08000190   0x00000000   Code   RO         8816    .ARM.Collect$$$$00000008  mc_w.l(entry7b.o)
    0x08000190   0x08000190   0x00000000   Code   RO         8818    .ARM.Collect$$$$0000000A  mc_w.l(entry8b.o)
    0x08000190   0x08000190   0x00000008   Code   RO         8819    .ARM.Collect$$$$0000000B  mc_w.l(entry9a.o)
    0x08000198   0x08000198   0x00000004   Code   RO         8826    .ARM.Collect$$$$0000000E  mc_w.l(entry12b.o)
    0x0800019c   0x0800019c   0x00000000   Code   RO         8821    .ARM.Collect$$$$0000000F  mc_w.l(entry10a.o)
    0x0800019c   0x0800019c   0x00000000   Code   RO         8823    .ARM.Collect$$$$00000011  mc_w.l(entry11a.o)
    0x0800019c   0x0800019c   0x00000004   Code   RO         8812    .ARM.Collect$$$$00002712  mc_w.l(entry2.o)
    0x080001a0   0x080001a0   0x000000be   Code   RO         8536    .emb_text           port.o
    0x0800025e   0x0800025e   0x00000002   PAD
    0x08000260   0x08000260   0x00000024   Code   RO            4    .text               startup_stm32f407xx.o
    0x08000284   0x08000284   0x00000062   Code   RO         8716    .text               mc_w.l(uldiv.o)
    0x080002e6   0x080002e6   0x00000024   Code   RO         8718    .text               mc_w.l(memcpya.o)
    0x0800030a   0x0800030a   0x00000024   Code   RO         8722    .text               mc_w.l(memseta.o)
    0x0800032e   0x0800032e   0x000000e4   Code   RO         8754    .text               mf_w.l(dmul.o)
    0x08000412   0x08000412   0x00000026   Code   RO         8756    .text               mf_w.l(f2d.o)
    0x08000438   0x08000438   0x00000038   Code   RO         8758    .text               mf_w.l(d2f.o)
    0x08000470   0x08000470   0x0000001e   Code   RO         8827    .text               mc_w.l(llshl.o)
    0x0800048e   0x0800048e   0x00000020   Code   RO         8829    .text               mc_w.l(llushr.o)
    0x080004ae   0x080004ae   0x00000000   Code   RO         8840    .text               mc_w.l(iusefp.o)
    0x080004ae   0x080004ae   0x0000006e   Code   RO         8841    .text               mf_w.l(fepilogue.o)
    0x0800051c   0x0800051c   0x000000ba   Code   RO         8843    .text               mf_w.l(depilogue.o)
    0x080005d6   0x080005d6   0x0000014e   Code   RO         8845    .text               mf_w.l(dadd.o)
    0x08000724   0x08000724   0x000000de   Code   RO         8847    .text               mf_w.l(ddiv.o)
    0x08000802   0x08000802   0x00000002   PAD
    0x08000804   0x08000804   0x00000030   Code   RO         8851    .text               mf_w.l(cdcmple.o)
    0x08000834   0x08000834   0x00000024   Code   RO         8853    .text               mc_w.l(init.o)
    0x08000858   0x08000858   0x00000024   Code   RO         8855    .text               mc_w.l(llsshr.o)
    0x0800087c   0x0800087c   0x000000a2   Code   RO         8857    .text               mf_w.l(dsqrt.o)
    0x0800091e   0x0800091e   0x00000056   Code   RO         8867    .text               mc_w.l(__dczerorl2.o)
    0x08000974   0x08000974   0x00000002   Code   RO          571    i.ADC_Init          drv_adda.o
    0x08000976   0x08000976   0x00000002   PAD
    0x08000978   0x08000978   0x00000128   Code   RO         4105    i.ADC_Init          stm32f4xx_hal_adc.o
    0x08000aa0   0x08000aa0   0x0000045c   Code   RO          762    i.BMI_Get_EulerAngle  bmi.o
    0x08000efc   0x08000efc   0x0000004e   Code   RO          763    i.BMI_Get_GRO       bmi.o
    0x08000f4a   0x08000f4a   0x00000048   Code   RO          764    i.BMI_Get_RawData   bmi.o
    0x08000f92   0x08000f92   0x00000002   PAD
    0x08000f94   0x08000f94   0x0000006c   Code   RO          765    i.BMI_Init          bmi.o
    0x08001000   0x08001000   0x00000002   Code   RO         3724    i.BusFault_Handler  stm32f4xx_it.o
    0x08001002   0x08001002   0x00000002   PAD
    0x08001004   0x08001004   0x00000028   Code   RO          149    i.CAN1_Init         drv_can.o
    0x0800102c   0x0800102c   0x0000000c   Code   RO         3725    i.CAN1_RX0_IRQHandler  stm32f4xx_it.o
    0x08001038   0x08001038   0x00000028   Code   RO          151    i.CAN2_Init         drv_can.o
    0x08001060   0x08001060   0x0000000c   Code   RO         3726    i.CAN2_RX0_IRQHandler  stm32f4xx_it.o
    0x0800106c   0x0800106c   0x00000006   Code   RO         3145    i.CAN_01_GetMotorAngle  rm_protocol.o
    0x08001072   0x08001072   0x00000008   Code   RO         3146    i.CAN_23_GetMotorSpeed  rm_protocol.o
    0x0800107a   0x0800107a   0x00000008   Code   RO         3148    i.CAN_45_GetMotorCurrent  rm_protocol.o
    0x08001082   0x08001082   0x00000004   Code   RO         3150    i.CAN_6_GetMotorTemperature  rm_protocol.o
    0x08001086   0x08001086   0x0000000c   Code   RO         3073    i.CAN_AddByte       can_protocol.o
    0x08001092   0x08001092   0x00000016   Code   RO         3074    i.CAN_AddHalfWord   can_protocol.o
    0x080010a8   0x080010a8   0x00000004   Code   RO         3075    i.CAN_AddMsg        can_protocol.o
    0x080010ac   0x080010ac   0x00000068   Code   RO          153    i.CAN_AddMsgByDriver  drv_can.o
    0x08001114   0x08001114   0x00000022   Code   RO         3076    i.CAN_AddWord       can_protocol.o
    0x08001136   0x08001136   0x00000002   PAD
    0x08001138   0x08001138   0x0000004c   Code   RO          154    i.CAN_AutoTx        drv_can.o
    0x08001184   0x08001184   0x00000086   Code   RO          155    i.CAN_CreateTxPort  drv_can.o
    0x0800120a   0x0800120a   0x0000001a   Code   RO          156    i.CAN_Filter_ParamsInit  drv_can.o
    0x08001224   0x08001224   0x00000040   Code   RO          157    i.CAN_MailboxReadyForTx  drv_can.o
    0x08001264   0x08001264   0x00000004   Code   RO         3077    i.CAN_ManualTx      can_protocol.o
    0x08001268   0x08001268   0x0000002e   Code   RO          158    i.CAN_PopWaitTxPort  drv_can.o
    0x08001296   0x08001296   0x0000001e   Code   RO          159    i.CAN_PushWaitTxPort  drv_can.o
    0x080012b4   0x080012b4   0x00000044   Code   RO          160    i.CAN_StartTxByDriver  drv_can.o
    0x080012f8   0x080012f8   0x00000064   Code   RO          161    i.CAN_StartTxByTxPort  drv_can.o
    0x0800135c   0x0800135c   0x0000000e   Code   RO         2356    i.CHASSIS_Ctrl      chassis.o
    0x0800136a   0x0800136a   0x0000000e   Code   RO         2357    i.CHASSIS_GetInfo   chassis.o
    0x08001378   0x08001378   0x00000018   Code   RO         2359    i.CHASSIS_GetSysInfo  chassis.o
    0x08001390   0x08001390   0x00000048   Code   RO         2360    i.CHASSIS_Init      chassis.o
    0x080013d8   0x080013d8   0x00000078   Code   RO         2362    i.CHASSIS_PidCtrl   chassis.o
    0x08001450   0x08001450   0x00000040   Code   RO         2363    i.CHASSIS_PidParamsInit  chassis.o
    0x08001490   0x08001490   0x00000058   Code   RO         2365    i.CHASSIS_SelfProtect  chassis.o
    0x080014e8   0x080014e8   0x0000002a   Code   RO         2366    i.CHASSIS_Speed_PidCalc  chassis.o
    0x08001512   0x08001512   0x00000002   Code   RO         2367    i.CHASSIS_Test      chassis.o
    0x08001514   0x08001514   0x00000058   Code   RO         2368    i.CHASSIS_UpdateController  chassis.o
    0x0800156c   0x0800156c   0x0000000c   Code   RO          572    i.DAC_Init          drv_adda.o
    0x08001578   0x08001578   0x00000030   Code   RO         2322    i.DEV_Init          device.o
    0x080015a8   0x080015a8   0x0000000c   Code   RO         3727    i.DMA1_Stream0_IRQHandler  stm32f4xx_it.o
    0x080015b4   0x080015b4   0x0000000c   Code   RO         3728    i.DMA1_Stream2_IRQHandler  stm32f4xx_it.o
    0x080015c0   0x080015c0   0x0000000c   Code   RO         3729    i.DMA1_Stream5_IRQHandler  stm32f4xx_it.o
    0x080015cc   0x080015cc   0x0000000c   Code   RO         3730    i.DMA2_Stream2_IRQHandler  stm32f4xx_it.o
    0x080015d8   0x080015d8   0x00000244   Code   RO          463    i.DMAEx_MultiBufferStart_NoIT  drv_uart.o
    0x0800181c   0x0800181c   0x00000028   Code   RO         4839    i.DMA_CalcBaseAndBitshift  stm32f4xx_hal_dma.o
    0x08001844   0x08001844   0x00000054   Code   RO         4840    i.DMA_CheckFifoParam  stm32f4xx_hal_dma.o
    0x08001898   0x08001898   0x00000062   Code   RO          464    i.DMA_Start         drv_uart.o
    0x080018fa   0x080018fa   0x0000002a   Code   RO          657    i.DRIVER_Init       driver.o
    0x08001924   0x08001924   0x00000014   Code   RO          465    i.DRV_UART_IRQHandler  drv_uart.o
    0x08001938   0x08001938   0x00000002   Code   RO         3731    i.DebugMon_Handler  stm32f4xx_it.o
    0x0800193a   0x0800193a   0x00000002   Code   RO         3277    i.Error_Handler     main.o
    0x0800193c   0x0800193c   0x00000018   Code   RO          426    i.FRICTION_PwmOut   drv_tim.o
    0x08001954   0x08001954   0x0000014c   Code   RO         4107    i.HAL_ADC_ConfigChannel  stm32f4xx_hal_adc.o
    0x08001aa0   0x08001aa0   0x00000054   Code   RO         4116    i.HAL_ADC_Init      stm32f4xx_hal_adc.o
    0x08001af4   0x08001af4   0x00000060   Code   RO         3451    i.HAL_ADC_MspInit   adc.o
    0x08001b54   0x08001b54   0x00000024   Code   RO         5513    i.HAL_CAN_ActivateNotification  stm32f4xx_hal_can.o
    0x08001b78   0x08001b78   0x000000dc   Code   RO         5514    i.HAL_CAN_AddTxMessage  stm32f4xx_hal_can.o
    0x08001c54   0x08001c54   0x0000010c   Code   RO         5515    i.HAL_CAN_ConfigFilter  stm32f4xx_hal_can.o
    0x08001d60   0x08001d60   0x00000002   Code   RO         5518    i.HAL_CAN_ErrorCallback  stm32f4xx_hal_can.o
    0x08001d62   0x08001d62   0x000000e8   Code   RO         5521    i.HAL_CAN_GetRxMessage  stm32f4xx_hal_can.o
    0x08001e4a   0x08001e4a   0x000001fc   Code   RO         5525    i.HAL_CAN_IRQHandler  stm32f4xx_hal_can.o
    0x08002046   0x08002046   0x0000011a   Code   RO         5526    i.HAL_CAN_Init      stm32f4xx_hal_can.o
    0x08002160   0x08002160   0x000000fc   Code   RO         3493    i.HAL_CAN_MspInit   can.o
    0x0800225c   0x0800225c   0x00000002   Code   RO         5533    i.HAL_CAN_RxFifo0FullCallback  stm32f4xx_hal_can.o
    0x0800225e   0x0800225e   0x00000002   PAD
    0x08002260   0x08002260   0x00000054   Code   RO          162    i.HAL_CAN_RxFifo0MsgPendingCallback  drv_can.o
    0x080022b4   0x080022b4   0x00000002   Code   RO         5535    i.HAL_CAN_RxFifo1FullCallback  stm32f4xx_hal_can.o
    0x080022b6   0x080022b6   0x00000002   Code   RO         5536    i.HAL_CAN_RxFifo1MsgPendingCallback  stm32f4xx_hal_can.o
    0x080022b8   0x080022b8   0x00000002   Code   RO         5537    i.HAL_CAN_SleepCallback  stm32f4xx_hal_can.o
    0x080022ba   0x080022ba   0x00000002   PAD
    0x080022bc   0x080022bc   0x00000058   Code   RO         5538    i.HAL_CAN_Start     stm32f4xx_hal_can.o
    0x08002314   0x08002314   0x00000002   Code   RO         5540    i.HAL_CAN_TxMailbox0AbortCallback  stm32f4xx_hal_can.o
    0x08002316   0x08002316   0x00000002   Code   RO         5541    i.HAL_CAN_TxMailbox0CompleteCallback  stm32f4xx_hal_can.o
    0x08002318   0x08002318   0x00000002   Code   RO         5542    i.HAL_CAN_TxMailbox1AbortCallback  stm32f4xx_hal_can.o
    0x0800231a   0x0800231a   0x00000002   Code   RO         5543    i.HAL_CAN_TxMailbox1CompleteCallback  stm32f4xx_hal_can.o
    0x0800231c   0x0800231c   0x00000002   Code   RO         5544    i.HAL_CAN_TxMailbox2AbortCallback  stm32f4xx_hal_can.o
    0x0800231e   0x0800231e   0x00000002   Code   RO         5545    i.HAL_CAN_TxMailbox2CompleteCallback  stm32f4xx_hal_can.o
    0x08002320   0x08002320   0x00000002   Code   RO         5547    i.HAL_CAN_WakeUpFromRxMsgCallback  stm32f4xx_hal_can.o
    0x08002322   0x08002322   0x00000046   Code   RO         5749    i.HAL_DAC_ConfigChannel  stm32f4xx_hal_dac.o
    0x08002368   0x08002368   0x00000028   Code   RO         5759    i.HAL_DAC_Init      stm32f4xx_hal_dac.o
    0x08002390   0x08002390   0x00000060   Code   RO         3542    i.HAL_DAC_MspInit   dac.o
    0x080023f0   0x080023f0   0x0000005c   Code   RO         5763    i.HAL_DAC_Start     stm32f4xx_hal_dac.o
    0x0800244c   0x0800244c   0x00000092   Code   RO         4842    i.HAL_DMA_Abort     stm32f4xx_hal_dma.o
    0x080024de   0x080024de   0x00000024   Code   RO         4843    i.HAL_DMA_Abort_IT  stm32f4xx_hal_dma.o
    0x08002502   0x08002502   0x00000002   PAD
    0x08002504   0x08002504   0x000001a0   Code   RO         4847    i.HAL_DMA_IRQHandler  stm32f4xx_hal_dma.o
    0x080026a4   0x080026a4   0x000000d4   Code   RO         4848    i.HAL_DMA_Init      stm32f4xx_hal_dma.o
    0x08002778   0x08002778   0x000001f0   Code   RO         4735    i.HAL_GPIO_Init     stm32f4xx_hal_gpio.o
    0x08002968   0x08002968   0x00000010   Code   RO         4738    i.HAL_GPIO_TogglePin  stm32f4xx_hal_gpio.o
    0x08002978   0x08002978   0x0000000a   Code   RO         4739    i.HAL_GPIO_WritePin  stm32f4xx_hal_gpio.o
    0x08002982   0x08002982   0x00000002   PAD
    0x08002984   0x08002984   0x0000000c   Code   RO         5267    i.HAL_GetTick       stm32f4xx_hal.o
    0x08002990   0x08002990   0x00000034   Code   RO          610    i.HAL_IncTick       drv_haltick.o
    0x080029c4   0x080029c4   0x00000034   Code   RO         5274    i.HAL_Init          stm32f4xx_hal.o
    0x080029f8   0x080029f8   0x00000098   Code   RO         3875    i.HAL_InitTick      stm32f4xx_hal_timebase_tim.o
    0x08002a90   0x08002a90   0x00000038   Code   RO         3851    i.HAL_MspInit       stm32f4xx_hal_msp.o
    0x08002ac8   0x08002ac8   0x0000001a   Code   RO         5124    i.HAL_NVIC_EnableIRQ  stm32f4xx_hal_cortex.o
    0x08002ae2   0x08002ae2   0x00000002   PAD
    0x08002ae4   0x08002ae4   0x00000040   Code   RO         5130    i.HAL_NVIC_SetPriority  stm32f4xx_hal_cortex.o
    0x08002b24   0x08002b24   0x00000024   Code   RO         5131    i.HAL_NVIC_SetPriorityGrouping  stm32f4xx_hal_cortex.o
    0x08002b48   0x08002b48   0x00000134   Code   RO         4381    i.HAL_RCC_ClockConfig  stm32f4xx_hal_rcc.o
    0x08002c7c   0x08002c7c   0x00000040   Code   RO         4385    i.HAL_RCC_GetClockConfig  stm32f4xx_hal_rcc.o
    0x08002cbc   0x08002cbc   0x00000020   Code   RO         4388    i.HAL_RCC_GetPCLK1Freq  stm32f4xx_hal_rcc.o
    0x08002cdc   0x08002cdc   0x00000020   Code   RO         4389    i.HAL_RCC_GetPCLK2Freq  stm32f4xx_hal_rcc.o
    0x08002cfc   0x08002cfc   0x00000064   Code   RO         4390    i.HAL_RCC_GetSysClockFreq  stm32f4xx_hal_rcc.o
    0x08002d60   0x08002d60   0x0000036c   Code   RO         4393    i.HAL_RCC_OscConfig  stm32f4xx_hal_rcc.o
    0x080030cc   0x080030cc   0x00000002   Code   RO         6692    i.HAL_TIMEx_BreakCallback  stm32f4xx_hal_tim_ex.o
    0x080030ce   0x080030ce   0x00000002   Code   RO         6693    i.HAL_TIMEx_CommutCallback  stm32f4xx_hal_tim_ex.o
    0x080030d0   0x080030d0   0x00000054   Code   RO         6695    i.HAL_TIMEx_ConfigBreakDeadTime  stm32f4xx_hal_tim_ex.o
    0x08003124   0x08003124   0x00000090   Code   RO         6711    i.HAL_TIMEx_MasterConfigSynchronization  stm32f4xx_hal_tim_ex.o
    0x080031b4   0x080031b4   0x0000005a   Code   RO         5988    i.HAL_TIM_Base_Init  stm32f4xx_hal_tim.o
    0x0800320e   0x0800320e   0x00000002   PAD
    0x08003210   0x08003210   0x00000044   Code   RO         3611    i.HAL_TIM_Base_MspInit  tim.o
    0x08003254   0x08003254   0x00000080   Code   RO         5993    i.HAL_TIM_Base_Start_IT  stm32f4xx_hal_tim.o
    0x080032d4   0x080032d4   0x000000dc   Code   RO         5997    i.HAL_TIM_ConfigClockSource  stm32f4xx_hal_tim.o
    0x080033b0   0x080033b0   0x00000002   Code   RO         6022    i.HAL_TIM_IC_CaptureCallback  stm32f4xx_hal_tim.o
    0x080033b2   0x080033b2   0x00000166   Code   RO         6036    i.HAL_TIM_IRQHandler  stm32f4xx_hal_tim.o
    0x08003518   0x08003518   0x00000084   Code   RO         3612    i.HAL_TIM_MspPostInit  tim.o
    0x0800359c   0x0800359c   0x00000002   Code   RO         6039    i.HAL_TIM_OC_DelayElapsedCallback  stm32f4xx_hal_tim.o
    0x0800359e   0x0800359e   0x000000cc   Code   RO         6060    i.HAL_TIM_PWM_ConfigChannel  stm32f4xx_hal_tim.o
    0x0800366a   0x0800366a   0x0000005a   Code   RO         6063    i.HAL_TIM_PWM_Init  stm32f4xx_hal_tim.o
    0x080036c4   0x080036c4   0x00000002   Code   RO         6065    i.HAL_TIM_PWM_MspInit  stm32f4xx_hal_tim.o
    0x080036c6   0x080036c6   0x00000002   Code   RO         6066    i.HAL_TIM_PWM_PulseFinishedCallback  stm32f4xx_hal_tim.o
    0x080036c8   0x080036c8   0x000000c8   Code   RO         6068    i.HAL_TIM_PWM_Start  stm32f4xx_hal_tim.o
    0x08003790   0x08003790   0x0000000e   Code   RO         3278    i.HAL_TIM_PeriodElapsedCallback  main.o
    0x0800379e   0x0800379e   0x00000002   Code   RO         6079    i.HAL_TIM_TriggerCallback  stm32f4xx_hal_tim.o
    0x080037a0   0x080037a0   0x00000002   Code   RO         6970    i.HAL_UARTEx_RxEventCallback  stm32f4xx_hal_uart.o
    0x080037a2   0x080037a2   0x00000002   Code   RO         6984    i.HAL_UART_ErrorCallback  stm32f4xx_hal_uart.o
    0x080037a4   0x080037a4   0x00000268   Code   RO         6987    i.HAL_UART_IRQHandler  stm32f4xx_hal_uart.o
    0x08003a0c   0x08003a0c   0x00000062   Code   RO         6988    i.HAL_UART_Init     stm32f4xx_hal_uart.o
    0x08003a6e   0x08003a6e   0x00000002   PAD
    0x08003a70   0x08003a70   0x000002f4   Code   RO         3665    i.HAL_UART_MspInit  usart.o
    0x08003d64   0x08003d64   0x00000002   Code   RO         6994    i.HAL_UART_RxCpltCallback  stm32f4xx_hal_uart.o
    0x08003d66   0x08003d66   0x00000002   Code   RO         6999    i.HAL_UART_TxCpltCallback  stm32f4xx_hal_uart.o
    0x08003d68   0x08003d68   0x00000002   Code   RO         3732    i.HardFault_Handler  stm32f4xx_it.o
    0x08003d6a   0x08003d6a   0x00000002   PAD
    0x08003d6c   0x08003d6c   0x00000040   Code   RO          691    i.IIC_Ack           soft_iic.o
    0x08003dac   0x08003dac   0x00000040   Code   RO          692    i.IIC_NAck          soft_iic.o
    0x08003dec   0x08003dec   0x00000068   Code   RO          693    i.IIC_Read_Byte     soft_iic.o
    0x08003e54   0x08003e54   0x00000060   Code   RO          694    i.IIC_Send_Byte     soft_iic.o
    0x08003eb4   0x08003eb4   0x00000040   Code   RO          695    i.IIC_Start         soft_iic.o
    0x08003ef4   0x08003ef4   0x00000044   Code   RO          696    i.IIC_Stop          soft_iic.o
    0x08003f38   0x08003f38   0x00000054   Code   RO          697    i.IIC_Wait_Ack      soft_iic.o
    0x08003f8c   0x08003f8c   0x00000050   Code   RO         3388    i.KAL_Task          freertos.o
    0x08003fdc   0x08003fdc   0x00000088   Code   RO         3389    i.MONITOR_MOTOR_Task  freertos.o
    0x08004064   0x08004064   0x00000050   Code   RO         8616    i.MOTOR_3508_CAN_SENT_DATA  3508_motor.o
    0x080040b4   0x080040b4   0x00000050   Code   RO         8617    i.MOTOR_3508_GET_DATA  3508_motor.o
    0x08004104   0x08004104   0x00000024   Code   RO         8618    i.MOTOR_3508_INIT   3508_motor.o
    0x08004128   0x08004128   0x00000050   Code   RO         8653    i.MOTOR_6020_CAN_SENT_DATA  6020_motor.o
    0x08004178   0x08004178   0x00000050   Code   RO         8654    i.MOTOR_6020_GET_DATA  6020_motor.o
    0x080041c8   0x080041c8   0x00000024   Code   RO         8655    i.MOTOR_6020_INIT   6020_motor.o
    0x080041ec   0x080041ec   0x0000004c   Code   RO         1974    i.MPU_Read_Byte     bmi2_common.o
    0x08004238   0x08004238   0x00000060   Code   RO         1975    i.MPU_Read_all      bmi2_common.o
    0x08004298   0x08004298   0x00000064   Code   RO         3452    i.MX_ADC1_Init      adc.o
    0x080042fc   0x080042fc   0x00000048   Code   RO         3494    i.MX_CAN1_Init      can.o
    0x08004344   0x08004344   0x00000048   Code   RO         3495    i.MX_CAN2_Init      can.o
    0x0800438c   0x0800438c   0x0000003c   Code   RO         3543    i.MX_DAC_Init       dac.o
    0x080043c8   0x080043c8   0x0000006c   Code   RO         3583    i.MX_DMA_Init       dma.o
    0x08004434   0x08004434   0x000000c0   Code   RO         3390    i.MX_FREERTOS_Init  freertos.o
    0x080044f4   0x080044f4   0x00000130   Code   RO         3361    i.MX_GPIO_Init      gpio.o
    0x08004624   0x08004624   0x000000cc   Code   RO         3613    i.MX_TIM1_Init      tim.o
    0x080046f0   0x080046f0   0x000000a8   Code   RO         3614    i.MX_TIM3_Init      tim.o
    0x08004798   0x08004798   0x00000038   Code   RO         3666    i.MX_UART4_Init     usart.o
    0x080047d0   0x080047d0   0x00000038   Code   RO         3667    i.MX_UART5_Init     usart.o
    0x08004808   0x08004808   0x00000038   Code   RO         3668    i.MX_USART1_UART_Init  usart.o
    0x08004840   0x08004840   0x0000003c   Code   RO         3669    i.MX_USART2_UART_Init  usart.o
    0x0800487c   0x0800487c   0x00000002   Code   RO         3733    i.MemManage_Handler  stm32f4xx_it.o
    0x0800487e   0x0800487e   0x00000002   Code   RO         3734    i.NMI_Handler       stm32f4xx_it.o
    0x08004880   0x08004880   0x00000038   Code   RO          427    i.PWM_Init          drv_tim.o
    0x080048b8   0x080048b8   0x0000003a   Code   RO         2156    i.RC_ResetData      rc_sensor.o
    0x080048f2   0x080048f2   0x0000000a   Code   RO         3158    i.RM3508_GetDataId  rm_protocol.o
    0x080048fc   0x080048fc   0x00000016   Code   RO         3159    i.RM3508_GetTxId    rm_protocol.o
    0x08004912   0x08004912   0x00000054   Code   RO          766    i.Set_accel         bmi.o
    0x08004966   0x08004966   0x00000058   Code   RO          767    i.Set_gyro          bmi.o
    0x080049be   0x080049be   0x00000002   PAD
    0x080049c0   0x080049c0   0x00000024   Code   RO         2581    i.StartControlTask  control_task.o
    0x080049e4   0x080049e4   0x00000084   Code   RO         2516    i.StartMonitorTask  monitor_task.o
    0x08004a68   0x08004a68   0x0000003c   Code   RO         2612    i.StartSendTask     send_task.o
    0x08004aa4   0x08004aa4   0x0000005c   Code   RO         2461    i.StartSystemTask   system_task.o
    0x08004b00   0x08004b00   0x0000002c   Code   RO         8537    i.SysTick_Handler   port.o
    0x08004b2c   0x08004b2c   0x00000088   Code   RO         3279    i.SystemClock_Config  main.o
    0x08004bb4   0x08004bb4   0x0000001c   Code   RO         4065    i.SystemInit        system_stm32f4xx.o
    0x08004bd0   0x08004bd0   0x0000000c   Code   RO         3735    i.TIM2_IRQHandler   stm32f4xx_it.o
    0x08004bdc   0x08004bdc   0x000000c8   Code   RO         6081    i.TIM_Base_SetConfig  stm32f4xx_hal_tim.o
    0x08004ca4   0x08004ca4   0x0000001a   Code   RO         6082    i.TIM_CCxChannelCmd  stm32f4xx_hal_tim.o
    0x08004cbe   0x08004cbe   0x00000014   Code   RO         6092    i.TIM_ETR_SetConfig  stm32f4xx_hal_tim.o
    0x08004cd2   0x08004cd2   0x00000010   Code   RO         6093    i.TIM_ITRx_SetConfig  stm32f4xx_hal_tim.o
    0x08004ce2   0x08004ce2   0x00000002   PAD
    0x08004ce4   0x08004ce4   0x00000060   Code   RO         6094    i.TIM_OC1_SetConfig  stm32f4xx_hal_tim.o
    0x08004d44   0x08004d44   0x0000006c   Code   RO         6095    i.TIM_OC2_SetConfig  stm32f4xx_hal_tim.o
    0x08004db0   0x08004db0   0x00000068   Code   RO         6096    i.TIM_OC3_SetConfig  stm32f4xx_hal_tim.o
    0x08004e18   0x08004e18   0x00000050   Code   RO         6097    i.TIM_OC4_SetConfig  stm32f4xx_hal_tim.o
    0x08004e68   0x08004e68   0x00000022   Code   RO         6099    i.TIM_TI1_ConfigInputStage  stm32f4xx_hal_tim.o
    0x08004e8a   0x08004e8a   0x00000024   Code   RO         6101    i.TIM_TI2_ConfigInputStage  stm32f4xx_hal_tim.o
    0x08004eae   0x08004eae   0x00000002   PAD
    0x08004eb0   0x08004eb0   0x00000018   Code   RO         3736    i.UART4_IRQHandler  stm32f4xx_it.o
    0x08004ec8   0x08004ec8   0x00000018   Code   RO         3737    i.UART5_IRQHandler  stm32f4xx_it.o
    0x08004ee0   0x08004ee0   0x00000010   Code   RO         7001    i.UART_DMAAbortOnError  stm32f4xx_hal_uart.o
    0x08004ef0   0x08004ef0   0x0000004e   Code   RO         7011    i.UART_EndRxTransfer  stm32f4xx_hal_uart.o
    0x08004f3e   0x08004f3e   0x000000c0   Code   RO         7013    i.UART_Receive_IT   stm32f4xx_hal_uart.o
    0x08004ffe   0x08004ffe   0x00000002   PAD
    0x08005000   0x08005000   0x0000010c   Code   RO         7014    i.UART_SetConfig    stm32f4xx_hal_uart.o
    0x0800510c   0x0800510c   0x00000018   Code   RO         3738    i.USART1_IRQHandler  stm32f4xx_it.o
    0x08005124   0x08005124   0x00000038   Code   RO          466    i.USART1_Init       drv_uart.o
    0x0800515c   0x0800515c   0x00000018   Code   RO         3739    i.USART2_IRQHandler  stm32f4xx_it.o
    0x08005174   0x08005174   0x0000003c   Code   RO          468    i.USART2_Init       drv_uart.o
    0x080051b0   0x080051b0   0x0000001c   Code   RO         2979    i.USART2_rxDataHandler  rc_protocol.o
    0x080051cc   0x080051cc   0x00000038   Code   RO          470    i.USART4_Init       drv_uart.o
    0x08005204   0x08005204   0x00000002   Code   RO          471    i.USART4_rxDataHandler  drv_uart.o
    0x08005206   0x08005206   0x00000002   PAD
    0x08005208   0x08005208   0x00000038   Code   RO          472    i.USART5_Init       drv_uart.o
    0x08005240   0x08005240   0x00000002   Code   RO          473    i.USART5_rxDataHandler  drv_uart.o
    0x08005242   0x08005242   0x00000002   Code   RO         3740    i.UsageFault_Handler  stm32f4xx_it.o
    0x08005244   0x08005244   0x00000030   Code   RO         8794    i.__ARM_fpclassify  m_wm.l(fpclassify.o)
    0x08005274   0x08005274   0x00000020   Code   RO         5137    i.__NVIC_SetPriority  stm32f4xx_hal_cortex.o
    0x08005294   0x08005294   0x00000024   Code   RO         2462    i.__NVIC_SystemReset  system_task.o
    0x080052b8   0x080052b8   0x00000360   Code   RO         8687    i.__hardfp_asin     m_wm.l(asin.o)
    0x08005618   0x08005618   0x000002d8   Code   RO         8760    i.__hardfp_atan     m_wm.l(atan.o)
    0x080058f0   0x080058f0   0x00000200   Code   RO         8701    i.__hardfp_atan2    m_wm.l(atan2.o)
    0x08005af0   0x08005af0   0x000000f8   Code   RO         8796    i.__kernel_poly     m_wm.l(poly.o)
    0x08005be8   0x08005be8   0x00000014   Code   RO         8775    i.__mathlib_dbl_infnan  m_wm.l(dunder.o)
    0x08005bfc   0x08005bfc   0x00000014   Code   RO         8776    i.__mathlib_dbl_infnan2  m_wm.l(dunder.o)
    0x08005c10   0x08005c10   0x00000020   Code   RO         8777    i.__mathlib_dbl_invalid  m_wm.l(dunder.o)
    0x08005c30   0x08005c30   0x00000020   Code   RO         8780    i.__mathlib_dbl_underflow  m_wm.l(dunder.o)
    0x08005c50   0x08005c50   0x0000000e   Code   RO         8861    i.__scatterload_copy  mc_w.l(handlers.o)
    0x08005c5e   0x08005c5e   0x00000002   Code   RO         8862    i.__scatterload_null  mc_w.l(handlers.o)
    0x08005c60   0x08005c60   0x0000000e   Code   RO         8863    i.__scatterload_zeroinit  mc_w.l(handlers.o)
    0x08005c6e   0x08005c6e   0x00000002   PAD
    0x08005c70   0x08005c70   0x0000000c   Code   RO         8835    i.__set_errno       mc_w.l(errno.o)
    0x08005c7c   0x08005c7c   0x00000010   Code   RO         8762    i.atan              m_wm.l(atan.o)
    0x08005c8c   0x08005c8c   0x00000078   Code   RO         2126    i.bmi270_init       bmi270.o
    0x08005d04   0x08005d04   0x00000002   Code   RO         1977    i.bmi2_error_codes_print_result  bmi2_common.o
    0x08005d06   0x08005d06   0x00000036   Code   RO          881    i.bmi2_extract_input_feat_config  bmi2.o
    0x08005d3c   0x08005d3c   0x000000a0   Code   RO          886    i.bmi2_get_feat_config  bmi2.o
    0x08005ddc   0x08005ddc   0x0000003c   Code   RO          893    i.bmi2_get_gyro_cross_sense  bmi2.o
    0x08005e18   0x08005e18   0x00000030   Code   RO          896    i.bmi2_get_internal_status  bmi2.o
    0x08005e48   0x08005e48   0x00000092   Code   RO          897    i.bmi2_get_regs     bmi2.o
    0x08005eda   0x08005eda   0x00000002   PAD
    0x08005edc   0x08005edc   0x0000023a   Code   RO          899    i.bmi2_get_sensor_config  bmi2.o
    0x08006116   0x08006116   0x000002de   Code   RO          900    i.bmi2_get_sensor_data  bmi2.o
    0x080063f4   0x080063f4   0x00000026   Code   RO          901    i.bmi2_get_status   bmi2.o
    0x0800641a   0x0800641a   0x00000002   PAD
    0x0800641c   0x0800641c   0x00000040   Code   RO         1978    i.bmi2_interface_selection  bmi2_common.o
    0x0800645c   0x0800645c   0x00000076   Code   RO          902    i.bmi2_map_data_int  bmi2.o
    0x080064d2   0x080064d2   0x00000002   PAD
    0x080064d4   0x080064d4   0x00000064   Code   RO          912    i.bmi2_sec_init     bmi2.o
    0x08006538   0x08006538   0x00000038   Code   RO          914    i.bmi2_sensor_enable  bmi2.o
    0x08006570   0x08006570   0x00000062   Code   RO          916    i.bmi2_set_adv_power_save  bmi2.o
    0x080065d2   0x080065d2   0x00000002   PAD
    0x080065d4   0x080065d4   0x0000009c   Code   RO          926    i.bmi2_set_regs     bmi2.o
    0x08006670   0x08006670   0x000001e6   Code   RO          928    i.bmi2_set_sensor_config  bmi2.o
    0x08006856   0x08006856   0x00000060   Code   RO          929    i.bmi2_soft_reset   bmi2.o
    0x080068b6   0x080068b6   0x00000056   Code   RO          933    i.bmi2_write_config_file  bmi2.o
    0x0800690c   0x0800690c   0x0000003e   Code   RO          936    i.cfg_error_status  bmi2.o
    0x0800694a   0x0800694a   0x00000048   Code   RO         2270    i.chassis_motor_check  chassis_motor.o
    0x08006992   0x08006992   0x00000022   Code   RO         2271    i.chassis_motor_heart_beat  chassis_motor.o
    0x080069b4   0x080069b4   0x0000003c   Code   RO         2272    i.chassis_motor_init  chassis_motor.o
    0x080069f0   0x080069f0   0x0000002c   Code   RO         2273    i.chassis_motor_update  chassis_motor.o
    0x08006a1c   0x08006a1c   0x00000030   Code   RO          937    i.check_boundary_val  bmi2.o
    0x08006a4c   0x08006a4c   0x0000001a   Code   RO          939    i.comp_gyro_cross_axis_sensitivity  bmi2.o
    0x08006a66   0x08006a66   0x000000dc   Code   RO          940    i.config_aux_interface  bmi2.o
    0x08006b42   0x08006b42   0x00000002   PAD
    0x08006b44   0x08006b44   0x00000018   Code   RO          612    i.delay_us          drv_haltick.o
    0x08006b5c   0x08006b5c   0x00000018   Code   RO          474    i.dma_m0_rxcplt_callback  drv_uart.o
    0x08006b74   0x08006b74   0x00000018   Code   RO          475    i.dma_m1_rxcplt_callback  drv_uart.o
    0x08006b8c   0x08006b8c   0x00000058   Code   RO         2517    i.event_notify      monitor_task.o
    0x08006be4   0x08006be4   0x00000036   Code   RO          947    i.extract_output_feat_config  bmi2.o
    0x08006c1a   0x08006c1a   0x00000018   Code   RO         8790    i.fabs              m_wm.l(fabs.o)
    0x08006c32   0x08006c32   0x00000002   PAD
    0x08006c34   0x08006c34   0x00000050   Code   RO         8726    i.free              mc_w.l(malloc.o)
    0x08006c84   0x08006c84   0x00000020   Code   RO          948    i.get_acc_gyr_data  bmi2.o
    0x08006ca4   0x08006ca4   0x0000004e   Code   RO          949    i.get_accel_config  bmi2.o
    0x08006cf2   0x08006cf2   0x00000068   Code   RO          950    i.get_accel_self_test_status  bmi2.o
    0x08006d5a   0x08006d5a   0x0000008a   Code   RO          951    i.get_any_motion_config  bmi2.o
    0x08006de4   0x08006de4   0x000000aa   Code   RO          952    i.get_aux_config    bmi2.o
    0x08006e8e   0x08006e8e   0x00000058   Code   RO          954    i.get_ext_sens_sync_config  bmi2.o
    0x08006ee6   0x08006ee6   0x00000086   Code   RO          955    i.get_flat_config   bmi2.o
    0x08006f6c   0x08006f6c   0x00000082   Code   RO          956    i.get_free_fall_det_config  bmi2.o
    0x08006fee   0x08006fee   0x00000058   Code   RO          957    i.get_glance_detect_config  bmi2.o
    0x08007046   0x08007046   0x0000005e   Code   RO          958    i.get_gyro_config   bmi2.o
    0x080070a4   0x080070a4   0x00000072   Code   RO          959    i.get_gyro_cross_sense  bmi2.o
    0x08007116   0x08007116   0x0000008a   Code   RO          960    i.get_gyro_gain_update_config  bmi2.o
    0x080071a0   0x080071a0   0x00000068   Code   RO          961    i.get_gyro_gain_update_status  bmi2.o
    0x08007208   0x08007208   0x000000a4   Code   RO          962    i.get_high_g_config  bmi2.o
    0x080072ac   0x080072ac   0x00000092   Code   RO          963    i.get_low_g_config  bmi2.o
    0x0800733e   0x0800733e   0x0000008a   Code   RO          965    i.get_no_motion_config  bmi2.o
    0x080073c8   0x080073c8   0x00000076   Code   RO          966    i.get_nvm_error_status  bmi2.o
    0x0800743e   0x0800743e   0x000000b4   Code   RO          967    i.get_ois_output    bmi2.o
    0x080074f2   0x080074f2   0x0000008c   Code   RO          968    i.get_orient_config  bmi2.o
    0x0800757e   0x0800757e   0x00000056   Code   RO          971    i.get_remapped_data  bmi2.o
    0x080075d4   0x080075d4   0x000000be   Code   RO          972    i.get_sig_motion_config  bmi2.o
    0x08007692   0x08007692   0x0000008a   Code   RO          974    i.get_step_config   bmi2.o
    0x0800771c   0x0800771c   0x000000aa   Code   RO          975    i.get_step_count_params_config  bmi2.o
    0x080077c6   0x080077c6   0x0000006e   Code   RO          976    i.get_step_counter_output  bmi2.o
    0x08007834   0x08007834   0x00000058   Code   RO          977    i.get_tilt_config   bmi2.o
    0x0800788c   0x0800788c   0x00000058   Code   RO          978    i.get_up_hold_to_wake_config  bmi2.o
    0x080078e4   0x080078e4   0x0000007c   Code   RO          980    i.get_wake_up_config  bmi2.o
    0x08007960   0x08007960   0x00000076   Code   RO          981    i.get_wrist_gest_config  bmi2.o
    0x080079d6   0x080079d6   0x0000008a   Code   RO          982    i.get_wrist_gest_w_config  bmi2.o
    0x08007a60   0x08007a60   0x0000008e   Code   RO          983    i.get_wrist_wear_wake_up_config  bmi2.o
    0x08007aee   0x08007aee   0x0000009c   Code   RO          984    i.get_wrist_wear_wake_up_wh_config  bmi2.o
    0x08007b8a   0x08007b8a   0x00000044   Code   RO         2231    i.imu_sensor_check  imu_sensor.o
    0x08007bce   0x08007bce   0x00000006   Code   RO         2232    i.imu_sensor_heart_beat  imu_sensor.o
    0x08007bd4   0x08007bd4   0x000000a0   Code   RO         3022    i.imu_sensor_init   imu_protocol.o
    0x08007c74   0x08007c74   0x0000005c   Code   RO         3023    i.imu_sensor_update  imu_protocol.o
    0x08007cd0   0x08007cd0   0x0000002c   Code   RO          768    i.inVSqrt           bmi.o
    0x08007cfc   0x08007cfc   0x00000026   Code   RO          769    i.lsb_to_dps        bmi.o
    0x08007d22   0x08007d22   0x00000002   PAD
    0x08007d24   0x08007d24   0x00000034   Code   RO          770    i.lsb_to_mps2       bmi.o
    0x08007d58   0x08007d58   0x00000070   Code   RO         3280    i.main              main.o
    0x08007dc8   0x08007dc8   0x0000000c   Code   RO         8102    i.makeFreeRtosPriority  cmsis_os.o
    0x08007dd4   0x08007dd4   0x0000006c   Code   RO         8727    i.malloc            mc_w.l(malloc.o)
    0x08007e40   0x08007e40   0x00000028   Code   RO          613    i.micros            drv_haltick.o
    0x08007e68   0x08007e68   0x00000018   Code   RO          986    i.null_ptr_check    bmi2.o
    0x08007e80   0x08007e80   0x0000000e   Code   RO         8104    i.osDelay           cmsis_os.o
    0x08007e8e   0x08007e8e   0x0000000a   Code   RO         8107    i.osKernelStart     cmsis_os.o
    0x08007e98   0x08007e98   0x00000054   Code   RO         8141    i.osThreadCreate    cmsis_os.o
    0x08007eec   0x08007eec   0x00000028   Code   RO         2642    i.pid_val_init      pid.o
    0x08007f14   0x08007f14   0x00000070   Code   RO         7778    i.prvAddCurrentTaskToDelayedList  tasks.o
    0x08007f84   0x08007f84   0x000000d0   Code   RO         7779    i.prvAddNewTaskToReadyList  tasks.o
    0x08008054   0x08008054   0x00000034   Code   RO         7780    i.prvDeleteTCB      tasks.o
    0x08008088   0x08008088   0x0000004c   Code   RO         8469    i.prvHeapInit       heap_4.o
    0x080080d4   0x080080d4   0x00000060   Code   RO         7781    i.prvIdleTask       tasks.o
    0x08008134   0x08008134   0x00000098   Code   RO         7782    i.prvInitialiseNewTask  tasks.o
    0x080081cc   0x080081cc   0x0000004c   Code   RO         8470    i.prvInsertBlockIntoFreeList  heap_4.o
    0x08008218   0x08008218   0x00000020   Code   RO         7783    i.prvResetNextTaskUnblockTime  tasks.o
    0x08008238   0x08008238   0x00000028   Code   RO         8538    i.prvTaskExitError  port.o
    0x08008260   0x08008260   0x000000dc   Code   RO         8471    i.pvPortMalloc      heap_4.o
    0x0800833c   0x0800833c   0x0000002c   Code   RO         8539    i.pxPortInitialiseStack  port.o
    0x08008368   0x08008368   0x00000052   Code   RO         2157    i.rc_sensor_check   rc_sensor.o
    0x080083ba   0x080083ba   0x00000024   Code   RO         2158    i.rc_sensor_heart_beat  rc_sensor.o
    0x080083de   0x080083de   0x00000016   Code   RO         2980    i.rc_sensor_init    rc_protocol.o
    0x080083f4   0x080083f4   0x00000088   Code   RO         2981    i.rc_sensor_update  rc_protocol.o
    0x0800847c   0x0800847c   0x0000014e   Code   RO         1000    i.select_sensor     bmi2.o
    0x080085ca   0x080085ca   0x00000002   PAD
    0x080085cc   0x080085cc   0x000003c4   Code   RO         1003    i.sensor_enable     bmi2.o
    0x08008990   0x08008990   0x00000098   Code   RO         1004    i.set_accel_config  bmi2.o
    0x08008a28   0x08008a28   0x00000056   Code   RO         1006    i.set_act_recog     bmi2.o
    0x08008a7e   0x08008a7e   0x0000005a   Code   RO         1007    i.set_any_motion    bmi2.o
    0x08008ad8   0x08008ad8   0x000000c6   Code   RO         1008    i.set_any_motion_config  bmi2.o
    0x08008b9e   0x08008b9e   0x00000090   Code   RO         1009    i.set_aux_config    bmi2.o
    0x08008c2e   0x08008c2e   0x00000036   Code   RO         1010    i.set_config_load   bmi2.o
    0x08008c64   0x08008c64   0x00000056   Code   RO         1011    i.set_double_tap    bmi2.o
    0x08008cba   0x08008cba   0x00000056   Code   RO         1012    i.set_ext_sens_sync  bmi2.o
    0x08008d10   0x08008d10   0x0000008e   Code   RO         1013    i.set_ext_sens_sync_config  bmi2.o
    0x08008d9e   0x08008d9e   0x00000002   PAD
    0x08008da0   0x08008da0   0x00000068   Code   RO         1014    i.set_feat_accel_self_test  bmi2.o
    0x08008e08   0x08008e08   0x00000056   Code   RO         1015    i.set_flat          bmi2.o
    0x08008e5e   0x08008e5e   0x000000bc   Code   RO         1016    i.set_flat_config   bmi2.o
    0x08008f1a   0x08008f1a   0x00000056   Code   RO         1017    i.set_free_fall_det  bmi2.o
    0x08008f70   0x08008f70   0x000000a8   Code   RO         1018    i.set_free_fall_det_config  bmi2.o
    0x08009018   0x08009018   0x0000008e   Code   RO         1019    i.set_glance_detect_config  bmi2.o
    0x080090a6   0x080090a6   0x00000056   Code   RO         1020    i.set_glance_detector  bmi2.o
    0x080090fc   0x080090fc   0x000000ac   Code   RO         1021    i.set_gyro_config   bmi2.o
    0x080091a8   0x080091a8   0x00000056   Code   RO         1022    i.set_gyro_self_offset_corr  bmi2.o
    0x080091fe   0x080091fe   0x0000005a   Code   RO         1023    i.set_gyro_user_gain  bmi2.o
    0x08009258   0x08009258   0x000000a2   Code   RO         1024    i.set_gyro_user_gain_config  bmi2.o
    0x080092fa   0x080092fa   0x0000005a   Code   RO         1025    i.set_high_g        bmi2.o
    0x08009354   0x08009354   0x000000da   Code   RO         1026    i.set_high_g_config  bmi2.o
    0x0800942e   0x0800942e   0x0000005a   Code   RO         1028    i.set_low_g         bmi2.o
    0x08009488   0x08009488   0x000000ba   Code   RO         1029    i.set_low_g_config  bmi2.o
    0x08009542   0x08009542   0x0000005a   Code   RO         1031    i.set_no_motion     bmi2.o
    0x0800959c   0x0800959c   0x000000c6   Code   RO         1032    i.set_no_motion_config  bmi2.o
    0x08009662   0x08009662   0x000000c6   Code   RO         1034    i.set_orient_config  bmi2.o
    0x08009728   0x08009728   0x00000056   Code   RO         1035    i.set_orientation   bmi2.o
    0x0800977e   0x0800977e   0x0000009e   Code   RO         1036    i.set_primary_ois_config  bmi2.o
    0x0800981c   0x0800981c   0x0000005a   Code   RO         1038    i.set_sig_motion    bmi2.o
    0x08009876   0x08009876   0x000000be   Code   RO         1039    i.set_sig_motion_config  bmi2.o
    0x08009934   0x08009934   0x00000056   Code   RO         1040    i.set_single_tap    bmi2.o
    0x0800998a   0x0800998a   0x0000005a   Code   RO         1041    i.set_step_activity  bmi2.o
    0x080099e4   0x080099e4   0x000000c0   Code   RO         1042    i.set_step_config   bmi2.o
    0x08009aa4   0x08009aa4   0x000000d4   Code   RO         1043    i.set_step_count_params_config  bmi2.o
    0x08009b78   0x08009b78   0x0000005a   Code   RO         1044    i.set_step_counter  bmi2.o
    0x08009bd2   0x08009bd2   0x0000005a   Code   RO         1045    i.set_step_detector  bmi2.o
    0x08009c2c   0x08009c2c   0x00000056   Code   RO         1046    i.set_tilt          bmi2.o
    0x08009c82   0x08009c82   0x0000008e   Code   RO         1047    i.set_tilt_config   bmi2.o
    0x08009d10   0x08009d10   0x00000056   Code   RO         1048    i.set_triple_tap    bmi2.o
    0x08009d66   0x08009d66   0x00000056   Code   RO         1049    i.set_up_hold_to_wake  bmi2.o
    0x08009dbc   0x08009dbc   0x0000008e   Code   RO         1050    i.set_up_hold_to_wake_config  bmi2.o
    0x08009e4a   0x08009e4a   0x00000056   Code   RO         1051    i.set_wake_up       bmi2.o
    0x08009ea0   0x08009ea0   0x000000bc   Code   RO         1052    i.set_wake_up_config  bmi2.o
    0x08009f5c   0x08009f5c   0x000000b6   Code   RO         1053    i.set_wrist_gest_config  bmi2.o
    0x0800a012   0x0800a012   0x000000c8   Code   RO         1054    i.set_wrist_gest_w_config  bmi2.o
    0x0800a0da   0x0800a0da   0x00000056   Code   RO         1055    i.set_wrist_gesture  bmi2.o
    0x0800a130   0x0800a130   0x00000056   Code   RO         1056    i.set_wrist_gesture_wh  bmi2.o
    0x0800a186   0x0800a186   0x00000056   Code   RO         1057    i.set_wrist_wear_wake_up  bmi2.o
    0x0800a1dc   0x0800a1dc   0x000000c8   Code   RO         1058    i.set_wrist_wear_wake_up_config  bmi2.o
    0x0800a2a4   0x0800a2a4   0x00000056   Code   RO         1059    i.set_wrist_wear_wake_up_wh  bmi2.o
    0x0800a2fa   0x0800a2fa   0x000000fa   Code   RO         1060    i.set_wrist_wear_wake_up_wh_config  bmi2.o
    0x0800a3f4   0x0800a3f4   0x00000096   Code   RO         2643    i.single_pid_ctrl   pid.o
    0x0800a48a   0x0800a48a   0x0000006e   Code   RO         8801    i.sqrt              m_wm.l(sqrt.o)
    0x0800a4f8   0x0800a4f8   0x000000c8   Code   RO          476    i.uart_rx_idle_callback  drv_uart.o
    0x0800a5c0   0x0800a5c0   0x00000040   Code   RO         1072    i.upload_file       bmi2.o
    0x0800a600   0x0800a600   0x00000004   Code   RO         1982    i.user_delay_us     bmi2_common.o
    0x0800a604   0x0800a604   0x00000024   Code   RO         1983    i.user_i2c_reg_read  bmi2_common.o
    0x0800a628   0x0800a628   0x0000004c   Code   RO         1984    i.user_i2c_reg_write  bmi2_common.o
    0x0800a674   0x0800a674   0x00000026   Code   RO         7417    i.uxListRemove      list.o
    0x0800a69a   0x0800a69a   0x00000002   PAD
    0x0800a69c   0x0800a69c   0x00000014   Code   RO         3392    i.vApplicationGetIdleTaskMemory  freertos.o
    0x0800a6b0   0x0800a6b0   0x00000016   Code   RO         7418    i.vListInitialise   list.o
    0x0800a6c6   0x0800a6c6   0x00000006   Code   RO         7419    i.vListInitialiseItem  list.o
    0x0800a6cc   0x0800a6cc   0x00000030   Code   RO         7420    i.vListInsert       list.o
    0x0800a6fc   0x0800a6fc   0x00000018   Code   RO         7421    i.vListInsertEnd    list.o
    0x0800a714   0x0800a714   0x00000040   Code   RO         8541    i.vPortEnterCritical  port.o
    0x0800a754   0x0800a754   0x00000028   Code   RO         8542    i.vPortExitCritical  port.o
    0x0800a77c   0x0800a77c   0x00000064   Code   RO         8472    i.vPortFree         heap_4.o
    0x0800a7e0   0x0800a7e0   0x00000024   Code   RO         8543    i.vPortSetupTimerInterrupt  port.o
    0x0800a804   0x0800a804   0x0000004c   Code   RO         7792    i.vTaskDelay        tasks.o
    0x0800a850   0x0800a850   0x0000006c   Code   RO         7806    i.vTaskStartScheduler  tasks.o
    0x0800a8bc   0x0800a8bc   0x00000010   Code   RO         7808    i.vTaskSuspendAll   tasks.o
    0x0800a8cc   0x0800a8cc   0x0000005c   Code   RO         7809    i.vTaskSwitchContext  tasks.o
    0x0800a928   0x0800a928   0x000000e4   Code   RO         1078    i.write_config_file  bmi2.o
    0x0800aa0c   0x0800aa0c   0x000000f4   Code   RO         8545    i.xPortStartScheduler  port.o
    0x0800ab00   0x0800ab00   0x0000005a   Code   RO         7812    i.xTaskCreate       tasks.o
    0x0800ab5a   0x0800ab5a   0x00000056   Code   RO         7813    i.xTaskCreateStatic  tasks.o
    0x0800abb0   0x0800abb0   0x000000e0   Code   RO         7814    i.xTaskGenericNotify  tasks.o
    0x0800ac90   0x0800ac90   0x000000cc   Code   RO         7820    i.xTaskIncrementTick  tasks.o
    0x0800ad5c   0x0800ad5c   0x0000008c   Code   RO         7822    i.xTaskNotifyWait   tasks.o
    0x0800ade8   0x0800ade8   0x000000c4   Code   RO         7826    i.xTaskResumeAll    tasks.o
    0x0800aeac   0x0800aeac   0x00000006   Data   RO         1080    .constdata          bmi2.o
    0x0800aeb2   0x0800aeb2   0x00002045   Data   RO         2127    .constdata          bmi270.o
    0x0800cef7   0x0800cef7   0x00000001   PAD
    0x0800cef8   0x0800cef8   0x00000070   Data   RO         3395    .constdata          freertos.o
    0x0800cf68   0x0800cf68   0x00000010   Data   RO         4066    .constdata          system_stm32f4xx.o
    0x0800cf78   0x0800cf78   0x00000008   Data   RO         4067    .constdata          system_stm32f4xx.o
    0x0800cf80   0x0800cf80   0x00000008   Data   RO         4854    .constdata          stm32f4xx_hal_dma.o
    0x0800cf88   0x0800cf88   0x00000050   Data   RO         8690    .constdata          m_wm.l(asin.o)
    0x0800cfd8   0x0800cfd8   0x00000098   Data   RO         8763    .constdata          m_wm.l(atan.o)
    0x0800d070   0x0800d070   0x00000008   Data   RO         8798    .constdata          m_wm.l(qnan.o)
    0x0800d078   0x0800d078   0x00000030   Data   RO         3396    .conststring        freertos.o
    0x0800d0a8   0x0800d0a8   0x00000020   Data   RO         8859    Region$$Table       anon$$obj.o


    Execution Region RW_IRAM1 (Exec base: 0x20000000, Load base: 0x0800d0c8, Size: 0x000051b8, Max: 0x00020000, ABSOLUTE, COMPRESSED[0x0000011c])

    Exec Addr    Load Addr    Size         Type   Attr      Idx    E Section Name        Object

    0x20000000   COMPRESSED   0x00000010   Data   RW          168    .data               drv_can.o
    0x20000010   COMPRESSED   0x00000004   Data   RW          614    .data               drv_haltick.o
    0x20000014   COMPRESSED   0x0000006c   Data   RW          773    .data               bmi.o
    0x20000080   COMPRESSED   0x00000002   Data   RW         1987    .data               bmi2_common.o
    0x20000082   COMPRESSED   0x0000001a   Data   RW         2160    .data               rc_sensor.o
    0x2000009c   COMPRESSED   0x0000001c   Data   RW         2161    .data               rc_sensor.o
    0x200000b8   COMPRESSED   0x00000002   Data   RW         2233    .data               imu_sensor.o
    0x200000ba   COMPRESSED   0x00000002   PAD
    0x200000bc   COMPRESSED   0x00000020   Data   RW         2234    .data               imu_sensor.o
    0x200000dc   COMPRESSED   0x0000001c   Data   RW         2235    .data               imu_sensor.o
    0x200000f8   COMPRESSED   0x00000090   Data   RW         2274    .data               chassis_motor.o
    0x20000188   COMPRESSED   0x00000050   Data   RW         2275    .data               chassis_motor.o
    0x200001d8   COMPRESSED   0x00000070   Data   RW         2276    .data               chassis_motor.o
    0x20000248   COMPRESSED   0x00000018   Data   RW         2323    .data               device.o
    0x20000260   COMPRESSED   0x000001ec   Data   RW         2370    .data               chassis.o
    0x2000044c   COMPRESSED   0x00000004   Data   RW         2371    .data               chassis.o
    0x20000450   COMPRESSED   0x00000028   Data   RW         2372    .data               chassis.o
    0x20000478   COMPRESSED   0x00000003   Data   RW         2463    .data               system_task.o
    0x2000047b   COMPRESSED   0x00000001   PAD
    0x2000047c   COMPRESSED   0x0000000c   Data   RW         2518    .data               monitor_task.o
    0x20000488   COMPRESSED   0x00000004   Data   RW         2613    .data               send_task.o
    0x2000048c   COMPRESSED   0x0000000c   Data   RW         3024    .data               imu_protocol.o
    0x20000498   COMPRESSED   0x00000006   Data   RW         3282    .data               main.o
    0x2000049e   COMPRESSED   0x00000002   PAD
    0x200004a0   COMPRESSED   0x00000020   Data   RW         3397    .data               freertos.o
    0x200004c0   COMPRESSED   0x00000004   Data   RW         3497    .data               can.o
    0x200004c4   COMPRESSED   0x00000004   Data   RW         4068    .data               system_stm32f4xx.o
    0x200004c8   COMPRESSED   0x0000000c   Data   RW         5281    .data               stm32f4xx_hal.o
    0x200004d4   COMPRESSED   0x0000003c   Data   RW         7829    .data               tasks.o
    0x20000510   COMPRESSED   0x00000020   Data   RW         8478    .data               heap_4.o
    0x20000530   COMPRESSED   0x0000000c   Data   RW         8546    .data               port.o
    0x2000053c   COMPRESSED   0x00000004   Data   RW         8831    .data               mc_w.l(mvars.o)
    0x20000540   COMPRESSED   0x00000004   Data   RW         8832    .data               mc_w.l(mvars.o)
    0x20000544   COMPRESSED   0x00000004   Data   RW         8836    .data               mc_w.l(errno.o)
    0x20000548        -       0x0000005c   Zero   RW          163    .bss                drv_can.o
    0x200005a4        -       0x000001c0   Zero   RW          477    .bss                drv_uart.o
    0x20000764   COMPRESSED   0x00000004   PAD
    0x20000768        -       0x00000068   Zero   RW          772    .bss                bmi.o
    0x200007d0        -       0x00000030   Zero   RW         2369    .bss                chassis.o
    0x20000800        -       0x00000060   Zero   RW         3281    .bss                main.o
    0x20000860        -       0x00000254   Zero   RW         3394    .bss                freertos.o
    0x20000ab4        -       0x00000048   Zero   RW         3453    .bss                adc.o
    0x20000afc        -       0x00000050   Zero   RW         3496    .bss                can.o
    0x20000b4c        -       0x00000014   Zero   RW         3544    .bss                dac.o
    0x20000b60        -       0x00000090   Zero   RW         3615    .bss                tim.o
    0x20000bf0        -       0x00000290   Zero   RW         3670    .bss                usart.o
    0x20000e80        -       0x00000048   Zero   RW         3878    .bss                stm32f4xx_hal_timebase_tim.o
    0x20000ec8        -       0x000000f0   Zero   RW         7828    .bss                tasks.o
    0x20000fb8        -       0x00003c00   Zero   RW         8477    .bss                heap_4.o
    0x20004bb8        -       0x00000200   Zero   RW            2    HEAP                startup_stm32f407xx.o
    0x20004db8        -       0x00000400   Zero   RW            1    STACK               startup_stm32f407xx.o


==============================================================================

Image component sizes


      Code (inc. data)   RO Data    RW Data    ZI Data      Debug   Object Name

       196         10          0          0          0       3002   3508_motor.o
       196         10          0          0          0       2978   6020_motor.o
       196         24          0          0         72       2005   adc.o
         0          0          0          0          0        392   arm_mat_init_f32.o
      1680         46          0        108        104      49001   bmi.o
     15630        116          6          0          0     123282   bmi2.o
       120         10       8261          0          0       1842   bmi270.o
       354         30          0          2          0       6202   bmi2_common.o
       396         46          0          4         80       2870   can.o
        76          0          0          0          0       3874   can_protocol.o
       528         56          0        536         48       9290   chassis.o
       210          0          0        336          0       4804   chassis_motor.o
       120          0          0          0          0      24133   cmsis_os.o
        36          8          0          0          0        643   control_task.o
       156         20          0          0         20       1975   dac.o
        48          4          0         24          0       5629   device.o
       108          4          0          0          0        986   dma.o
        42          0          0          0          0       1946   driver.o
        14          4          0          0          0       1102   drv_adda.o
       812         60          0         16         92     731417   drv_can.o
       116         24          0          4          0       2534   drv_haltick.o
         0          0          0          0          0     620376   drv_io.o
        80         20          0          0          0       1782   drv_tim.o
      1178         82          0          0        448       9696   drv_uart.o
         0          0          0          0          0      17260   event_groups.o
       428         78        160         32        596       4293   freertos.o
       304         20          0          0          0       1243   gpio.o
       472         24          0         32      15360       8071   heap_4.o
       252         10          0         12          0       3590   imu_protocol.o
        74          0          0         62          0       3015   imu_sensor.o
       138          0          0          0          0       4110   list.o
       264         20          0          6         96       3892   main.o
       220         36          0         12          0       3750   monitor_task.o
       190          6          0          0          0     720479   pid.o
       702         72          0         12          0      12024   port.o
       186          6          0          0          0       6566   rc_protocol.o
       176          0          0         54          0      11662   rc_sensor.o
        58          0          0          0          0       4549   rm_protocol.o
        60         12          0          4          0        967   send_task.o
       544         62          0          0          0       4839   soft_iic.o
        36          8        392          0       1536        912   startup_stm32f407xx.o
        64         10          0         12          0       7948   stm32f4xx_hal.o
       712         28          0          0          0       3187   stm32f4xx_hal_adc.o
      1658          6          0          0          0      15779   stm32f4xx_hal_can.o
       158         14          0          0          0      33538   stm32f4xx_hal_cortex.o
       202          0          0          0          0       2979   stm32f4xx_hal_dac.o
       934         16          8          0          0       6143   stm32f4xx_hal_dma.o
       522         46          0          0          0       3141   stm32f4xx_hal_gpio.o
        56          4          0          0          0       1018   stm32f4xx_hal_msp.o
      1412         86          0          0          0       6429   stm32f4xx_hal_rcc.o
      2020        136          0          0          0      18630   stm32f4xx_hal_tim.o
       232         28          0          0          0       3653   stm32f4xx_hal_tim_ex.o
       152         18          0          0         72       1707   stm32f4xx_hal_timebase_tim.o
      1276         16          0          0          0       9164   stm32f4xx_hal_uart.o
       192         66          0          0          0       9457   stm32f4xx_it.o
        28          6         24          4          0       1383   system_stm32f4xx.o
       128         20          0          3          0      38179   system_task.o
      1884        140          0         60        240      23557   tasks.o
       572         52          0          0        144       3729   tim.o
       984         88          0          0        656       4815   usart.o

    ----------------------------------------------------------------------
     39636       1708       8884       1340      19568    2617419   Object Totals
         0          0         32          0          0          0   (incl. Generated)
        54          0          1          5          4          0   (incl. Padding)

    ----------------------------------------------------------------------

      Code (inc. data)   RO Data    RW Data    ZI Data      Debug   Library Member Name

       864         94         80          0          0        280   asin.o
       744        106        152          0          0        352   atan.o
       512         64          0          0          0        208   atan2.o
       104         16          0          0          0        496   dunder.o
        24          0          0          0          0        124   fabs.o
        48          0          0          0          0        124   fpclassify.o
       248          0          0          0          0        152   poly.o
         0          0          8          0          0          0   qnan.o
       110          0          0          0          0        148   sqrt.o
        86          0          0          0          0          0   __dczerorl2.o
         0          0          0          0          0          0   entry.o
         0          0          0          0          0          0   entry10a.o
         0          0          0          0          0          0   entry11a.o
         4          0          0          0          0          0   entry12b.o
         8          4          0          0          0          0   entry2.o
         4          0          0          0          0          0   entry5.o
         0          0          0          0          0          0   entry7b.o
         0          0          0          0          0          0   entry8b.o
         8          4          0          0          0          0   entry9a.o
        12          6          0          4          0         68   errno.o
        30          0          0          0          0          0   handlers.o
        36          8          0          0          0         68   init.o
         0          0          0          0          0          0   iusefp.o
        30          0          0          0          0         68   llshl.o
        36          0          0          0          0         68   llsshr.o
        32          0          0          0          0         68   llushr.o
       188         20          0          0          0        160   malloc.o
        36          0          0          0          0         68   memcpya.o
        36          0          0          0          0        108   memseta.o
         0          0          0          8          0          0   mvars.o
        98          0          0          0          0         92   uldiv.o
        48          0          0          0          0         68   cdcmple.o
        56          0          0          0          0         88   d2f.o
       334          0          0          0          0        148   dadd.o
       222          0          0          0          0        100   ddiv.o
       186          0          0          0          0        176   depilogue.o
       228          0          0          0          0         96   dmul.o
       162          0          0          0          0        100   dsqrt.o
        38          0          0          0          0         68   f2d.o
       110          0          0          0          0        168   fepilogue.o

    ----------------------------------------------------------------------
      4688        322        240         12          0       3664   Library Totals
         6          0          0          0          0          0   (incl. Padding)

    ----------------------------------------------------------------------

      Code (inc. data)   RO Data    RW Data    ZI Data      Debug   Library Name

      2654        280        240          0          0       1884   m_wm.l
       644         42          0         12          0        768   mc_w.l
      1384          0          0          0          0       1012   mf_w.l

    ----------------------------------------------------------------------
      4688        322        240         12          0       3664   Library Totals

    ----------------------------------------------------------------------

==============================================================================


      Code (inc. data)   RO Data    RW Data    ZI Data      Debug   

     44324       2030       9124       1352      19568    2582635   Grand Totals
     44324       2030       9124        284      19568    2582635   ELF Image Totals (compressed)
     44324       2030       9124        284          0          0   ROM Totals

==============================================================================

    Total RO  Size (Code + RO Data)                53448 (  52.20kB)
    Total RW  Size (RW Data + ZI Data)             20920 (  20.43kB)
    Total ROM Size (Code + RO Data + RW Data)      53732 (  52.47kB)

==============================================================================

