Component: ARM Compiler 5.06 update 7 (build 960) Tool: armlink [4d3601]

==============================================================================

Section Cross References

    startup_stm32f407xx.o(RESET) refers to startup_stm32f407xx.o(STACK) for __initial_sp
    startup_stm32f407xx.o(RESET) refers to startup_stm32f407xx.o(.text) for Reset_Handler
    startup_stm32f407xx.o(RESET) refers to stm32f4xx_it.o(i.NMI_Handler) for NMI_Handler
    startup_stm32f407xx.o(RESET) refers to stm32f4xx_it.o(i.HardFault_Handler) for HardFault_Handler
    startup_stm32f407xx.o(RESET) refers to stm32f4xx_it.o(i.MemManage_Handler) for MemManage_Handler
    startup_stm32f407xx.o(RESET) refers to stm32f4xx_it.o(i.BusFault_Handler) for BusFault_Handler
    startup_stm32f407xx.o(RESET) refers to stm32f4xx_it.o(i.UsageFault_Handler) for UsageFault_Handler
    startup_stm32f407xx.o(RESET) refers to port.o(.emb_text) for SVC_Handler
    startup_stm32f407xx.o(RESET) refers to stm32f4xx_it.o(i.DebugMon_Handler) for DebugMon_Handler
    startup_stm32f407xx.o(RESET) refers to port.o(i.SysTick_Handler) for SysTick_Handler
    startup_stm32f407xx.o(RESET) refers to stm32f4xx_it.o(i.DMA1_Stream0_IRQHandler) for DMA1_Stream0_IRQHandler
    startup_stm32f407xx.o(RESET) refers to stm32f4xx_it.o(i.DMA1_Stream2_IRQHandler) for DMA1_Stream2_IRQHandler
    startup_stm32f407xx.o(RESET) refers to stm32f4xx_it.o(i.DMA1_Stream5_IRQHandler) for DMA1_Stream5_IRQHandler
    startup_stm32f407xx.o(RESET) refers to stm32f4xx_it.o(i.CAN1_RX0_IRQHandler) for CAN1_RX0_IRQHandler
    startup_stm32f407xx.o(RESET) refers to stm32f4xx_it.o(i.TIM2_IRQHandler) for TIM2_IRQHandler
    startup_stm32f407xx.o(RESET) refers to stm32f4xx_it.o(i.USART1_IRQHandler) for USART1_IRQHandler
    startup_stm32f407xx.o(RESET) refers to stm32f4xx_it.o(i.USART2_IRQHandler) for USART2_IRQHandler
    startup_stm32f407xx.o(RESET) refers to stm32f4xx_it.o(i.UART4_IRQHandler) for UART4_IRQHandler
    startup_stm32f407xx.o(RESET) refers to stm32f4xx_it.o(i.UART5_IRQHandler) for UART5_IRQHandler
    startup_stm32f407xx.o(RESET) refers to stm32f4xx_it.o(i.DMA2_Stream2_IRQHandler) for DMA2_Stream2_IRQHandler
    startup_stm32f407xx.o(RESET) refers to stm32f4xx_it.o(i.CAN2_RX0_IRQHandler) for CAN2_RX0_IRQHandler
    startup_stm32f407xx.o(.text) refers to system_stm32f4xx.o(i.SystemInit) for SystemInit
    startup_stm32f407xx.o(.text) refers to entry.o(.ARM.Collect$$$$00000000) for __main
    drv_can.o(i.CAN1_Init) refers to drv_can.o(i.CAN_Filter_ParamsInit) for CAN_Filter_ParamsInit
    drv_can.o(i.CAN1_Init) refers to stm32f4xx_hal_can.o(i.HAL_CAN_ConfigFilter) for HAL_CAN_ConfigFilter
    drv_can.o(i.CAN1_Init) refers to stm32f4xx_hal_can.o(i.HAL_CAN_ActivateNotification) for HAL_CAN_ActivateNotification
    drv_can.o(i.CAN1_Init) refers to stm32f4xx_hal_can.o(i.HAL_CAN_Start) for HAL_CAN_Start
    drv_can.o(i.CAN1_Init) refers to can.o(.bss) for hcan1
    drv_can.o(i.CAN2_Init) refers to drv_can.o(i.CAN_Filter_ParamsInit) for CAN_Filter_ParamsInit
    drv_can.o(i.CAN2_Init) refers to stm32f4xx_hal_can.o(i.HAL_CAN_ConfigFilter) for HAL_CAN_ConfigFilter
    drv_can.o(i.CAN2_Init) refers to stm32f4xx_hal_can.o(i.HAL_CAN_ActivateNotification) for HAL_CAN_ActivateNotification
    drv_can.o(i.CAN2_Init) refers to stm32f4xx_hal_can.o(i.HAL_CAN_Start) for HAL_CAN_Start
    drv_can.o(i.CAN2_Init) refers to can.o(.bss) for hcan2
    drv_can.o(i.CAN_AddMsgByDriver) refers to drv_can.o(i.CAN_CreateTxPort) for CAN_CreateTxPort
    drv_can.o(i.CAN_AddMsgByDriver) refers to drv_can.o(.bss) for .bss
    drv_can.o(i.CAN_AutoTx) refers to drv_can.o(i.CAN_PopWaitTxPort) for CAN_PopWaitTxPort
    drv_can.o(i.CAN_AutoTx) refers to drv_haltick.o(i.micros) for micros
    drv_can.o(i.CAN_AutoTx) refers to drv_can.o(i.CAN_StartTxByTxPort) for CAN_StartTxByTxPort
    drv_can.o(i.CAN_AutoTx) refers to drv_can.o(.data) for .data
    drv_can.o(i.CAN_AutoTx) refers to monitor_task.o(.data) for send_control_time
    drv_can.o(i.CAN_CreateTxPort) refers to heap_4.o(i.pvPortMalloc) for pvPortMalloc
    drv_can.o(i.CAN_MailboxReadyForTx) refers to drv_haltick.o(i.micros) for micros
    drv_can.o(i.CAN_MailboxReadyForTx) refers to drv_can.o(i.CAN_PushWaitTxPort) for CAN_PushWaitTxPort
    drv_can.o(i.CAN_Rx_Callback) refers to stm32f4xx_hal_can.o(i.HAL_CAN_GetRxMessage) for HAL_CAN_GetRxMessage
    drv_can.o(i.CAN_Rx_Callback) refers to 2006_motor.o(i.MOTOR_2006_GET_DATA) for MOTOR_2006_GET_DATA
    drv_can.o(i.CAN_Rx_Callback) refers to 3508_motor.o(i.MOTOR_3508_GET_DATA1) for MOTOR_3508_GET_DATA1
    drv_can.o(i.CAN_Rx_Callback) refers to 6020_motor.o(i.MOTOR_6020_GET_DATA) for MOTOR_6020_GET_DATA
    drv_can.o(i.CAN_Rx_Callback) refers to 3508_motor.o(i.MOTOR_3508_GET_DATA2) for MOTOR_3508_GET_DATA2
    drv_can.o(i.CAN_Rx_Callback) refers to drv_can.o(.bss) for .bss
    drv_can.o(i.CAN_Rx_Callback) refers to can.o(.bss) for hcan1
[...]
    bmi2_get_feat_config                     0x08006679   Thumb Code   160  bmi2.o(i.bmi2_get_feat_config)
    bmi2_get_gyro_cross_sense                0x08006719   Thumb Code    60  bmi2.o(i.bmi2_get_gyro_cross_sense)
    bmi2_get_internal_status                 0x08006755   Thumb Code    48  bmi2.o(i.bmi2_get_internal_status)
    bmi2_get_regs                            0x08006785   Thumb Code   146  bmi2.o(i.bmi2_get_regs)
    bmi2_get_sensor_config                   0x08006819   Thumb Code   570  bmi2.o(i.bmi2_get_sensor_config)
    bmi2_get_sensor_data                     0x08006a53   Thumb Code   734  bmi2.o(i.bmi2_get_sensor_data)
    bmi2_get_status                          0x08006d31   Thumb Code    38  bmi2.o(i.bmi2_get_status)
    bmi2_interface_selection                 0x08006d59   Thumb Code    48  bmi2_common.o(i.bmi2_interface_selection)
    bmi2_map_data_int                        0x08006d99   Thumb Code   118  bmi2.o(i.bmi2_map_data_int)
    bmi2_sec_init                            0x08006e11   Thumb Code    96  bmi2.o(i.bmi2_sec_init)
    bmi2_sensor_enable                       0x08006e75   Thumb Code    56  bmi2.o(i.bmi2_sensor_enable)
    bmi2_set_adv_power_save                  0x08006ead   Thumb Code    98  bmi2.o(i.bmi2_set_adv_power_save)
    bmi2_set_regs                            0x08006f11   Thumb Code   156  bmi2.o(i.bmi2_set_regs)
    bmi2_set_sensor_config                   0x08006fad   Thumb Code   486  bmi2.o(i.bmi2_set_sensor_config)
    bmi2_soft_reset                          0x08007193   Thumb Code    96  bmi2.o(i.bmi2_soft_reset)
    bmi2_write_config_file                   0x080071f3   Thumb Code    86  bmi2.o(i.bmi2_write_config_file)
    chassis_info_init                        0x08007287   Thumb Code    18  my_chassis.o(i.chassis_info_init)
    chassis_init                             0x08007299   Thumb Code   186  my_chassis.o(i.chassis_init)
    delay_us                                 0x08007599   Thumb Code    24  drv_haltick.o(i.delay_us)
    fabs                                     0x0800769f   Thumb Code    24  fabs.o(i.fabs)
    free                                     0x080076b9   Thumb Code    76  malloc.o(i.free)
    gimbal_info_init                         0x0800860f   Thumb Code    18  my_gimbal.o(i.gimbal_info_init)
    gimbal_init                              0x08008621   Thumb Code   228  my_gimbal.o(i.gimbal_init)
    imu_sensor_init                          0x08008795   Thumb Code   156  imu_protocol.o(i.imu_sensor_init)
    imu_sensor_update                        0x08008835   Thumb Code    86  imu_protocol.o(i.imu_sensor_update)
    inVSqrt                                  0x08008891   Thumb Code    40  bmi.o(i.inVSqrt)
    main                                     0x08008919   Thumb Code   120  main.o(i.main)
    malloc                                   0x080089a5   Thumb Code    92  malloc.o(i.malloc)
    micros                                   0x08008a11   Thumb Code    30  drv_haltick.o(i.micros)
    my_BMI_Get_EulerAngle                    0x08008a39   Thumb Code  1192  bmi.o(i.my_BMI_Get_EulerAngle)
    osDelay                                  0x08008ef9   Thumb Code    14  cmsis_os.o(i.osDelay)
    osKernelStart                            0x08008f07   Thumb Code    10  cmsis_os.o(i.osKernelStart)
    osThreadCreate                           0x08008f11   Thumb Code    84  cmsis_os.o(i.osThreadCreate)
    pid_calc                                 0x08008f65   Thumb Code   448  dji_pid.o(i.pid_calc)
    pid_val_init                             0x0800913d   Thumb Code    34  pid.o(i.pid_val_init)
    pvPortMalloc                             0x080094b1   Thumb Code   216  heap_4.o(i.pvPortMalloc)
    pxPortInitialiseStack                    0x0800958d   Thumb Code    40  port.o(i.pxPortInitialiseStack)
    rc_base_info_update                      0x080095b9   Thumb Code   292  remote.o(i.rc_base_info_update)
    rc_init                                  0x080096dd   Thumb Code    32  remote.o(i.rc_init)
    rc_sensor_init                           0x08009773   Thumb Code    22  rc_protocol.o(i.rc_sensor_init)
    rc_sensor_update                         0x08009789   Thumb Code   136  rc_protocol.o(i.rc_sensor_update)
    rc_wheel_status_interrupt_update         0x08009811   Thumb Code    54  remote.o(i.rc_wheel_status_interrupt_update)
    shoot_task                               0x0800b7bd   Thumb Code    54  my_shoot.o(i.shoot_task)
    single_pid_ctrl                          0x0800b809   Thumb Code   150  pid.o(i.single_pid_ctrl)
    sqrt                                     0x0800b89f   Thumb Code   110  sqrt.o(i.sqrt)
    user_delay_us                            0x0800ba15   Thumb Code     4  bmi2_common.o(i.user_delay_us)
    user_i2c_reg_read                        0x0800ba19   Thumb Code    36  bmi2_common.o(i.user_i2c_reg_read)
    user_i2c_reg_write                       0x0800ba3d   Thumb Code    70  bmi2_common.o(i.user_i2c_reg_write)
    uxListRemove                             0x0800ba89   Thumb Code    38  list.o(i.uxListRemove)
    vApplicationGetIdleTaskMemory            0x0800bab1   Thumb Code    16  freertos.o(i.vApplicationGetIdleTaskMemory)
    vListInitialise                          0x0800bac5   Thumb Code    22  list.o(i.vListInitialise)
    vListInitialiseItem                      0x0800badb   Thumb Code     6  list.o(i.vListInitialiseItem)
    vListInsert                              0x0800bae1   Thumb Code    48  list.o(i.vListInsert)
    vListInsertEnd                           0x0800bb11   Thumb Code    24  list.o(i.vListInsertEnd)
    vPortEnterCritical                       0x0800bb29   Thumb Code    54  port.o(i.vPortEnterCritical)
    vPortExitCritical                        0x0800bb69   Thumb Code    34  port.o(i.vPortExitCritical)
    vPortFree                                0x0800bb91   Thumb Code    94  heap_4.o(i.vPortFree)
    vPortSetupTimerInterrupt                 0x0800bbf5   Thumb Code    32  port.o(i.vPortSetupTimerInterrupt)
    vTaskDelay                               0x0800bc19   Thumb Code    66  tasks.o(i.vTaskDelay)
    vTaskStartScheduler                      0x0800bc65   Thumb Code    90  tasks.o(i.vTaskStartScheduler)
    vTaskSuspendAll                          0x0800bcd1   Thumb Code    10  tasks.o(i.vTaskSuspendAll)
    vTaskSwitchContext                       0x0800bce1   Thumb Code    82  tasks.o(i.vTaskSwitchContext)
    xPortStartScheduler                      0x0800be21   Thumb Code   222  port.o(i.xPortStartScheduler)
    xTaskCreate                              0x0800bf15   Thumb Code    90  tasks.o(i.xTaskCreate)
    xTaskCreateStatic                        0x0800bf6f   Thumb Code    86  tasks.o(i.xTaskCreateStatic)
    xTaskGenericNotify                       0x0800bfc5   Thumb Code   212  tasks.o(i.xTaskGenericNotify)
    xTaskIncrementTick                       0x0800c0a5   Thumb Code   194  tasks.o(i.xTaskIncrementTick)
    xTaskNotifyWait                          0x0800c171   Thumb Code   130  tasks.o(i.xTaskNotifyWait)
    xTaskResumeAll                           0x0800c1fd   Thumb Code   182  tasks.o(i.xTaskResumeAll)
    bmi270_config_file                       0x0800c2c6   Data        8192  bmi270.o(.constdata)
    bmi270_feat_in                           0x0800e2c6   Data          48  bmi270.o(.constdata)
    bmi270_feat_out                          0x0800e2f6   Data          21  bmi270.o(.constdata)
    AHBPrescTable                            0x0800e37c   Data          16  system_stm32f4xx.o(.constdata)
    APBPrescTable                            0x0800e38c   Data           8  system_stm32f4xx.o(.constdata)
    __mathlib_zero                           0x0800e488   Data           8  qnan.o(.constdata)
    Region$$Table$$Base                      0x0800e4c0   Number         0  anon$$obj.o(Region$$Table)
    Region$$Table$$Limit                     0x0800e4e0   Number         0  anon$$obj.o(Region$$Table)
    tx_time                                  0x20000000   Data           4  drv_can.o(.data)
    delta_time                               0x20000004   Data           4  drv_can.o(.data)
    dlt_t                                    0x20000008   Data           4  drv_can.o(.data)
    last_t                                   0x2000000c   Data           4  drv_can.o(.data)
    HalTick                                  0x20000010   Data           4  drv_haltick.o(.data)
    Kp                                       0x20000014   Data           4  bmi.o(.data)
    Ki                                       0x20000018   Data           4  bmi.o(.data)
    halfT                                    0x2000001c   Data           4  bmi.o(.data)
    q0                                       0x20000020   Data           4  bmi.o(.data)
    q1                                       0x20000024   Data           4  bmi.o(.data)
    q2                                       0x20000028   Data           4  bmi.o(.data)
    q3                                       0x2000002c   Data           4  bmi.o(.data)
    norm                                     0x20000030   Data           4  bmi.o(.data)
    vx                                       0x20000034   Data           4  bmi.o(.data)
    vy                                       0x20000038   Data           4  bmi.o(.data)
    vz                                       0x2000003c   Data           4  bmi.o(.data)
    ex                                       0x20000040   Data           4  bmi.o(.data)
    ey                                       0x20000044   Data           4  bmi.o(.data)
    ez                                       0x20000048   Data           4  bmi.o(.data)
    gx                                       0x2000004c   Data           4  bmi.o(.data)
    gy                                       0x20000050   Data           4  bmi.o(.data)
    gz                                       0x20000054   Data           4  bmi.o(.data)
    ax                                       0x20000058   Data           4  bmi.o(.data)
    ay                                       0x2000005c   Data           4  bmi.o(.data)
    az                                       0x20000060   Data           4  bmi.o(.data)
    exInt                                    0x20000064   Data           4  bmi.o(.data)
    eyInt                                    0x20000068   Data           4  bmi.o(.data)
    ezInt                                    0x2000006c   Data           4  bmi.o(.data)
    q0temp                                   0x20000070   Data           4  bmi.o(.data)
    q1temp                                   0x20000074   Data           4  bmi.o(.data)
    q2temp                                   0x20000078   Data           4  bmi.o(.data)
    q3temp                                   0x2000007c   Data           4  bmi.o(.data)
    MPU_ADDR                                 0x20000080   Data           1  bmi2_common.o(.data)
    rc_sensor_info                           0x20000082   Data          26  rc_sensor.o(.data)
    rc_sensor                                0x2000009c   Data          28  rc_sensor.o(.data)
    imu_sensor_driver                        0x200000b8   Data           2  imu_sensor.o(.data)
    imu_sensor_info                          0x200000bc   Data          32  imu_sensor.o(.data)
    imu_sensor                               0x200000dc   Data          28  imu_sensor.o(.data)
    chassis_motor_driver                     0x200000f8   Data         144  chassis_motor.o(.data)
    chassis_motor_info                       0x20000188   Data          80  chassis_motor.o(.data)
    chassis_motor                            0x200001d8   Data         112  chassis_motor.o(.data)
    chas_info                                0x20000248   Data           2  chassis.o(.data)
    chas_motor_pid                           0x2000024c   Data         464  chassis.o(.data)
    chas_dev                                 0x2000041c   Data          24  chassis.o(.data)
    chas_ctrl                                0x20000434   Data           4  chassis.o(.data)
    chassis                                  0x20000438   Data          40  chassis.o(.data)
    sys                                      0x20000460   Data           3  system_task.o(.data)
    send_control_time                        0x20000468   Data           4  monitor_task.o(.data)
    event                                    0x2000046c   Data           4  monitor_task.o(.data)
    SendFlag                                 0x20000470   Data           4  send_task.o(.data)
    gyrox                                    0x20000474   Data           2  imu_protocol.o(.data)
    gyroy                                    0x20000476   Data           2  imu_protocol.o(.data)
    gyroz                                    0x20000478   Data           2  imu_protocol.o(.data)
    accx                                     0x2000047a   Data           2  imu_protocol.o(.data)
    accy                                     0x2000047c   Data           2  imu_protocol.o(.data)
    accz                                     0x2000047e   Data           2  imu_protocol.o(.data)
    gimbal_config_structure                  0x20000480   Data          28  main.o(.data)
    rc_structure                             0x2000049c   Data           8  main.o(.data)
    car_structure                            0x200004a4   Data           8  main.o(.data)
    gimbal_structure                         0x200004ac   Data          40  main.o(.data)
    motor_3508_LF_info                       0x200004d4   Data           3  main.o(.data)
    motor_3508_RF_info                       0x200004d7   Data           3  main.o(.data)
    motor_3508_LB_info                       0x200004da   Data           3  main.o(.data)
    motor_3508_RB_info                       0x200004dd   Data           3  main.o(.data)
    motor_6020_YAW_info                      0x200004e0   Data           3  main.o(.data)
    motor_6020_PIT_info                      0x200004e3   Data           3  main.o(.data)
    motor_2006_PLUCK_info                    0x200004e6   Data           3  main.o(.data)
    motor_3508_FIRC_L_info                   0x200004e9   Data           3  main.o(.data)
    motor_3508_FIRC_R_info                   0x200004ec   Data           3  main.o(.data)
    gimbal_work_info_structure               0x200004ef   Data           4  main.o(.data)
    s_pitch_work_info_structure              0x200004f4   Data           4  main.o(.data)
    s_yaw_work_info_structure                0x200004f8   Data           4  main.o(.data)
    bmi_structure                            0x200004fc   Data           8  main.o(.data)
    rc_connect                               0x20000504   Data           1  freertos.o(.data)
    rc_offline                               0x20000505   Data           1  freertos.o(.data)
    MonitorTaskHandle                        0x20000520   Data           4  freertos.o(.data)
    ControlTaskHandle                        0x20000524   Data           4  freertos.o(.data)
    SystemTaskHandle                         0x20000528   Data           4  freertos.o(.data)
    SendTaskHandle                           0x2000052c   Data           4  freertos.o(.data)
    SystemCoreClock                          0x20000534   Data           4  system_stm32f4xx.o(.data)
    uwTickFreq                               0x20000538   Data           1  stm32f4xx_hal.o(.data)
    uwTickPrio                               0x2000053c   Data           4  stm32f4xx_hal.o(.data)
    uwTick                                   0x20000540   Data           4  stm32f4xx_hal.o(.data)
    pxCurrentTCB                             0x20000544   Data           4  tasks.o(.data)
    s2_down_flag                             0x200005ac   Data           1  car.o(.data)
    s2_up_flag                               0x200005ad   Data           1  car.o(.data)
    s2_up_last_flag                          0x200005ae   Data           1  my_shoot.o(.data)
    init_ok                                  0x200005af   Data           1  my_shoot.o(.data)
    deal_done                                0x200005b0   Data           1  my_shoot.o(.data)
    shoot_offline_cnt                        0x200005b2   Data           2  my_shoot.o(.data)
    __microlib_freelist                      0x200005b4   Data           4  mvars.o(.data)
    __microlib_freelist_initialised          0x200005b8   Data           4  mvars.o(.data)
    hcan1Mailbox                             0x200005c0   Data          28  drv_can.o(.bss)
    hcan2Mailbox                             0x200005dc   Data          28  drv_can.o(.bss)
    hcan1RxFrame                             0x200005f8   Data          36  drv_can.o(.bss)
    hcan2RxFrame                             0x2000061c   Data          36  drv_can.o(.bss)
    usart1_dma_rxbuf                         0x20000640   Data         100  drv_uart.o(.bss)
    usart2_dma_rxbuf                         0x200006a4   Data          48  drv_uart.o(.bss)
    usart4_dma_rxbuf                         0x200006d4   Data         100  drv_uart.o(.bss)
    usart5_dma_rxbuf                         0x20000738   Data         200  drv_uart.o(.bss)
    bmi2_dev                                 0x20000800   Data         104  bmi.o(.bss)
    chas_drv                                 0x20000868   Data          16  chassis.o(.bss)
    chas_motor                               0x20000878   Data          16  chassis.o(.bss)
    chas_motor_info                          0x20000888   Data          16  chassis.o(.bss)
    motor_3508_LF_structure                  0x20000898   Data          28  main.o(.bss)
    motor_3508_LF_base_info                  0x200008b4   Data          14  main.o(.bss)
    motor_3508_RF_structure                  0x200008c4   Data          28  main.o(.bss)
    motor_3508_RF_base_info                  0x200008e0   Data          14  main.o(.bss)
    motor_3508_LB_structure                  0x200008f0   Data          28  main.o(.bss)
    motor_3508_LB_base_info                  0x2000090c   Data          14  main.o(.bss)
    motor_3508_RB_structure                  0x2000091c   Data          28  main.o(.bss)
    motor_3508_RB_base_info                  0x20000938   Data          14  main.o(.bss)
    chassis_structure                        0x20000948   Data          24  main.o(.bss)
    rc_info_structure                        0x20000960   Data          20  main.o(.bss)
    rc_base_info_structure                   0x20000974   Data         134  main.o(.bss)
    shoot_structure                          0x200009fc   Data          44  main.o(.bss)
    chassis_config_structure                 0x20000a28   Data          12  main.o(.bss)
    chassis_info_structure                   0x20000a34   Data          26  main.o(.bss)
    motor_6020_YAW_structure                 0x20000a50   Data          28  main.o(.bss)
    motor_6020_YAW_base_info                 0x20000a6c   Data          24  main.o(.bss)
    motor_6020_PIT_structure                 0x20000a84   Data          28  main.o(.bss)
    motor_6020_PIT_base_info                 0x20000aa0   Data          24  main.o(.bss)
    chassis_pid_speed_structure              0x20000ab8   Data         432  main.o(.bss)
    chassis_pid_position_structure           0x20000c68   Data         108  main.o(.bss)
    yaw_lock_pid_speed_structure             0x20000cd4   Data         108  main.o(.bss)
    yaw_pid_speed_structure                  0x20000d40   Data         108  main.o(.bss)
    yaw_lock_pid_position_structure          0x20000dac   Data         108  main.o(.bss)
    yaw_follow_pid_position_structure        0x20000e18   Data         108  main.o(.bss)
    yaw_head_pid_position_structure          0x20000e84   Data         108  main.o(.bss)
    pit_pid_speed_structure                  0x20000ef0   Data         108  main.o(.bss)
    pit_pid_position_structure               0x20000f5c   Data         108  main.o(.bss)
    motor_2006_PLUCK_structure               0x20000fc8   Data          28  main.o(.bss)
    motor_2006_PLUCK_base_info               0x20000fe4   Data          28  main.o(.bss)
    motor_3508_FIRC_L_structure              0x20001000   Data          28  main.o(.bss)
    motor_3508_FIRC_L_base_info              0x2000101c   Data          14  main.o(.bss)
    motor_3508_FIRC_R_structure              0x2000102c   Data          28  main.o(.bss)
    motor_3508_FIRC_R_base_info              0x20001048   Data          14  main.o(.bss)
    FIRC_L_speed_structure                   0x20001058   Data         108  main.o(.bss)
    FIRC_R_speed_structure                   0x200010c4   Data         108  main.o(.bss)
    STRI_three_speed_structure               0x20001130   Data         108  main.o(.bss)
    STRI_one_speed_structure                 0x2000119c   Data         108  main.o(.bss)
    STRI_position_structure                  0x20001208   Data         108  main.o(.bss)
    gimbal_info_structure                    0x20001274   Data          44  main.o(.bss)
    hadc1                                    0x200014f4   Data          72  adc.o(.bss)
    hcan1                                    0x2000153c   Data          40  can.o(.bss)
    hcan2                                    0x20001564   Data          40  can.o(.bss)
    hdac                                     0x2000158c   Data          20  dac.o(.bss)
    htim1                                    0x200015a0   Data          72  tim.o(.bss)
    htim3                                    0x200015e8   Data          72  tim.o(.bss)
    huart4                                   0x20001630   Data          68  usart.o(.bss)
    huart5                                   0x20001674   Data          68  usart.o(.bss)
    huart1                                   0x200016b8   Data          68  usart.o(.bss)
    huart2                                   0x200016fc   Data          68  usart.o(.bss)
    hdma_uart4_rx                            0x20001740   Data          96  usart.o(.bss)
    hdma_uart5_rx                            0x200017a0   Data          96  usart.o(.bss)
    hdma_usart1_rx                           0x20001800   Data          96  usart.o(.bss)
    hdma_usart2_rx                           0x20001860   Data          96  usart.o(.bss)
    htim2                                    0x200018c0   Data          72  stm32f4xx_hal_timebase_tim.o(.bss)
    __heap_base                              0x200055f8   Data           0  startup_stm32f407xx.o(HEAP)
    __heap_limit                             0x200057f8   Data           0  startup_stm32f407xx.o(HEAP)
    __initial_sp                             0x20005bf8   Data           0  startup_stm32f407xx.o(STACK)



==============================================================================

Memory Map of the image

  Image Entry point : 0x08000189

  Load Region LR_IROM1 (Base: 0x08000000, Size: 0x0000eaa0, Max: 0x00080000, ABSOLUTE, COMPRESSED[0x0000e62c])

    Execution Region ER_IROM1 (Exec base: 0x08000000, Load base: 0x08000000, Size: 0x0000e4e0, Max: 0x00080000, ABSOLUTE)

    Exec Addr    Load Addr    Size         Type   Attr      Idx    E Section Name        Object

    0x08000000   0x08000000   0x00000188   Data   RO            3    RESET               startup_stm32f407xx.o
    0x08000188   0x08000188   0x00000000   Code   RO         9526  * .ARM.Collect$$$$00000000  mc_w.l(entry.o)
    0x08000188   0x08000188   0x00000004   Code   RO         9644    .ARM.Collect$$$$00000001  mc_w.l(entry2.o)
    0x0800018c   0x0800018c   0x00000004   Code   RO         9647    .ARM.Collect$$$$00000004  mc_w.l(entry5.o)
    0x08000190   0x08000190   0x00000000   Code   RO         9649    .ARM.Collect$$$$00000008  mc_w.l(entry7b.o)
    0x08000190   0x08000190   0x00000000   Code   RO         9651    .ARM.Collect$$$$0000000A  mc_w.l(entry8b.o)
    0x08000190   0x08000190   0x00000008   Code   RO         9652    .ARM.Collect$$$$0000000B  mc_w.l(entry9a.o)
    0x08000198   0x08000198   0x00000004   Code   RO         9659    .ARM.Collect$$$$0000000E  mc_w.l(entry12b.o)
    0x0800019c   0x0800019c   0x00000000   Code   RO         9654    .ARM.Collect$$$$0000000F  mc_w.l(entry10a.o)
    0x0800019c   0x0800019c   0x00000000   Code   RO         9656    .ARM.Collect$$$$00000011  mc_w.l(entry11a.o)
    0x0800019c   0x0800019c   0x00000004   Code   RO         9645    .ARM.Collect$$$$00002712  mc_w.l(entry2.o)
    0x080001a0   0x080001a0   0x000000be   Code   RO         8851    .emb_text           port.o
    0x0800025e   0x0800025e   0x00000002   PAD
    0x08000260   0x08000260   0x00000024   Code   RO            4    .text               startup_stm32f407xx.o
    0x08000284   0x08000284   0x00000062   Code   RO         9529    .text               mc_w.l(uldiv.o)
    0x080002e6   0x080002e6   0x00000024   Code   RO         9531    .text               mc_w.l(memcpya.o)
    0x0800030a   0x0800030a   0x00000024   Code   RO         9535    .text               mc_w.l(memseta.o)
    0x0800032e   0x0800032e   0x0000014e   Code   RO         9567    .text               mf_w.l(dadd.o)
    0x0800047c   0x0800047c   0x000000e4   Code   RO         9569    .text               mf_w.l(dmul.o)
    0x08000560   0x08000560   0x00000022   Code   RO         9571    .text               mf_w.l(dflti.o)
    0x08000582   0x08000582   0x0000003e   Code   RO         9573    .text               mf_w.l(dfixi.o)
    0x080005c0   0x080005c0   0x00000026   Code   RO         9575    .text               mf_w.l(f2d.o)
    0x080005e6   0x080005e6   0x00000038   Code   RO         9577    .text               mf_w.l(d2f.o)
    0x0800061e   0x0800061e   0x0000001e   Code   RO         9660    .text               mc_w.l(llshl.o)
    0x0800063c   0x0800063c   0x00000020   Code   RO         9662    .text               mc_w.l(llushr.o)
    0x0800065c   0x0800065c   0x00000024   Code   RO         9664    .text               mc_w.l(llsshr.o)
    0x08000680   0x08000680   0x00000000   Code   RO         9675    .text               mc_w.l(iusefp.o)
    0x08000680   0x08000680   0x0000006e   Code   RO         9676    .text               mf_w.l(fepilogue.o)
    0x080006ee   0x080006ee   0x000000ba   Code   RO         9678    .text               mf_w.l(depilogue.o)
    0x080007a8   0x080007a8   0x000000de   Code   RO         9680    .text               mf_w.l(ddiv.o)
    0x08000886   0x08000886   0x00000002   PAD
    0x08000888   0x08000888   0x00000030   Code   RO         9684    .text               mf_w.l(cdcmple.o)
    0x080008b8   0x080008b8   0x00000024   Code   RO         9686    .text               mc_w.l(init.o)
    0x080008dc   0x080008dc   0x000000a2   Code   RO         9688    .text               mf_w.l(dsqrt.o)
    0x0800097e   0x0800097e   0x00000056   Code   RO         9700    .text               mc_w.l(__dczerorl2.o)
    0x080009d4   0x080009d4   0x00000002   Code   RO          582    i.ADC_Init          drv_adda.o
    0x080009d6   0x080009d6   0x00000002   PAD
    0x080009d8   0x080009d8   0x00000128   Code   RO         4416    i.ADC_Init          stm32f4xx_hal_adc.o
    0x08000b00   0x08000b00   0x0000045c   Code   RO          773    i.BMI_Get_EulerAngle  bmi.o
    0x08000f5c   0x08000f5c   0x0000004e   Code   RO          774    i.BMI_Get_GRO       bmi.o
    0x08000faa   0x08000faa   0x00000048   Code   RO          775    i.BMI_Get_RawData   bmi.o
    0x08000ff2   0x08000ff2   0x00000002   PAD
    0x08000ff4   0x08000ff4   0x0000006c   Code   RO          776    i.BMI_Init          bmi.o
    0x08001060   0x08001060   0x00000008   Code   RO         3677    i.BMI_Task          freertos.o
    0x08001068   0x08001068   0x00000002   Code   RO         4035    i.BusFault_Handler  stm32f4xx_it.o
    0x0800106a   0x0800106a   0x00000002   PAD
    0x0800106c   0x0800106c   0x00000028   Code   RO          149    i.CAN1_Init         drv_can.o
    0x08001094   0x08001094   0x0000000c   Code   RO         4036    i.CAN1_RX0_IRQHandler  stm32f4xx_it.o
    0x080010a0   0x080010a0   0x00000028   Code   RO          151    i.CAN2_Init         drv_can.o
    0x080010c8   0x080010c8   0x0000000c   Code   RO         4037    i.CAN2_RX0_IRQHandler  stm32f4xx_it.o
    0x080010d4   0x080010d4   0x00000006   Code   RO         3297    i.CAN_01_GetMotorAngle  rm_protocol.o
    0x080010da   0x080010da   0x00000008   Code   RO         3298    i.CAN_23_GetMotorSpeed  rm_protocol.o
    0x080010e2   0x080010e2   0x00000008   Code   RO         3300    i.CAN_45_GetMotorCurrent  rm_protocol.o
    0x080010ea   0x080010ea   0x00000004   Code   RO         3302    i.CAN_6_GetMotorTemperature  rm_protocol.o
    0x080010ee   0x080010ee   0x0000000c   Code   RO         3233    i.CAN_AddByte       can_protocol.o
    0x080010fa   0x080010fa   0x00000016   Code   RO         3234    i.CAN_AddHalfWord   can_protocol.o
    0x08001110   0x08001110   0x00000004   Code   RO         3235    i.CAN_AddMsg        can_protocol.o
    0x08001114   0x08001114   0x00000068   Code   RO          153    i.CAN_AddMsgByDriver  drv_can.o
    0x0800117c   0x0800117c   0x00000022   Code   RO         3236    i.CAN_AddWord       can_protocol.o
    0x0800119e   0x0800119e   0x00000002   PAD
    0x080011a0   0x080011a0   0x0000004c   Code   RO          154    i.CAN_AutoTx        drv_can.o
    0x080011ec   0x080011ec   0x00000086   Code   RO          155    i.CAN_CreateTxPort  drv_can.o
    0x08001272   0x08001272   0x0000001a   Code   RO          156    i.CAN_Filter_ParamsInit  drv_can.o
    0x0800128c   0x0800128c   0x00000040   Code   RO          157    i.CAN_MailboxReadyForTx  drv_can.o
    0x080012cc   0x080012cc   0x00000004   Code   RO         3237    i.CAN_ManualTx      can_protocol.o
    0x080012d0   0x080012d0   0x0000002e   Code   RO          158    i.CAN_PopWaitTxPort  drv_can.o
    0x080012fe   0x080012fe   0x0000001e   Code   RO          159    i.CAN_PushWaitTxPort  drv_can.o
    0x0800131c   0x0800131c   0x000000fc   Code   RO          160    i.CAN_Rx_Callback   drv_can.o
    0x08001418   0x08001418   0x00000044   Code   RO          161    i.CAN_StartTxByDriver  drv_can.o
    0x0800145c   0x0800145c   0x00000064   Code   RO          162    i.CAN_StartTxByTxPort  drv_can.o
    0x080014c0   0x080014c0   0x00000008   Code   RO         3678    i.CAR_MODE_Task     freertos.o
    0x080014c8   0x080014c8   0x0000000e   Code   RO         2395    i.CHASSIS_Ctrl      chassis.o
    0x080014d6   0x080014d6   0x0000000e   Code   RO         2396    i.CHASSIS_GetInfo   chassis.o
    0x080014e4   0x080014e4   0x00000018   Code   RO         2398    i.CHASSIS_GetSysInfo  chassis.o
    0x080014fc   0x080014fc   0x00000048   Code   RO         2399    i.CHASSIS_Init      chassis.o
    0x08001544   0x08001544   0x00000078   Code   RO         2401    i.CHASSIS_PidCtrl   chassis.o
    0x080015bc   0x080015bc   0x00000040   Code   RO         2402    i.CHASSIS_PidParamsInit  chassis.o
    0x080015fc   0x080015fc   0x00000058   Code   RO         2404    i.CHASSIS_SelfProtect  chassis.o
    0x08001654   0x08001654   0x0000002a   Code   RO         2405    i.CHASSIS_Speed_PidCalc  chassis.o
    0x0800167e   0x0800167e   0x00000002   Code   RO         2406    i.CHASSIS_Test      chassis.o
    0x08001680   0x08001680   0x00000058   Code   RO         2407    i.CHASSIS_UpdateController  chassis.o
    0x080016d8   0x080016d8   0x0000000c   Code   RO          583    i.DAC_Init          drv_adda.o
    0x080016e4   0x080016e4   0x00000002   Code   RO         9407    i.DATA_UPDATE       my_shoot.o
    0x080016e6   0x080016e6   0x00000002   PAD
    0x080016e8   0x080016e8   0x0000000c   Code   RO         4038    i.DMA1_Stream0_IRQHandler  stm32f4xx_it.o
    0x080016f4   0x080016f4   0x0000000c   Code   RO         4039    i.DMA1_Stream2_IRQHandler  stm32f4xx_it.o
    0x08001700   0x08001700   0x0000000c   Code   RO         4040    i.DMA1_Stream5_IRQHandler  stm32f4xx_it.o
    0x0800170c   0x0800170c   0x0000000c   Code   RO         4041    i.DMA2_Stream2_IRQHandler  stm32f4xx_it.o
    0x08001718   0x08001718   0x00000244   Code   RO          470    i.DMAEx_MultiBufferStart_NoIT  drv_uart.o
    0x0800195c   0x0800195c   0x00000028   Code   RO         5150    i.DMA_CalcBaseAndBitshift  stm32f4xx_hal_dma.o
    0x08001984   0x08001984   0x00000054   Code   RO         5151    i.DMA_CheckFifoParam  stm32f4xx_hal_dma.o
    0x080019d8   0x080019d8   0x00000062   Code   RO          471    i.DMA_Start         drv_uart.o
    0x08001a3a   0x08001a3a   0x00000002   PAD
    0x08001a3c   0x08001a3c   0x0000004c   Code   RO         9408    i.DONE_CHECK        my_shoot.o
    0x08001a88   0x08001a88   0x0000002a   Code   RO          668    i.DRIVER_Init       driver.o
    0x08001ab2   0x08001ab2   0x00000014   Code   RO          472    i.DRV_UART_IRQHandler  drv_uart.o
    0x08001ac6   0x08001ac6   0x00000002   Code   RO         4042    i.DebugMon_Handler  stm32f4xx_it.o
    0x08001ac8   0x08001ac8   0x00000002   Code   RO         3426    i.Error_Handler     main.o
    0x08001aca   0x08001aca   0x00000002   PAD
    0x08001acc   0x08001acc   0x00000018   Code   RO          433    i.FRICTION_PwmOut   drv_tim.o
    0x08001ae4   0x08001ae4   0x00000088   Code   RO         3679    i.GIM_Task          freertos.o
    0x08001b6c   0x08001b6c   0x0000014c   Code   RO         4418    i.HAL_ADC_ConfigChannel  stm32f4xx_hal_adc.o
    0x08001cb8   0x08001cb8   0x00000054   Code   RO         4427    i.HAL_ADC_Init      stm32f4xx_hal_adc.o
    0x08001d0c   0x08001d0c   0x00000060   Code   RO         3762    i.HAL_ADC_MspInit   adc.o
    0x08001d6c   0x08001d6c   0x00000024   Code   RO         5824    i.HAL_CAN_ActivateNotification  stm32f4xx_hal_can.o
    0x08001d90   0x08001d90   0x000000dc   Code   RO         5825    i.HAL_CAN_AddTxMessage  stm32f4xx_hal_can.o
    0x08001e6c   0x08001e6c   0x0000010c   Code   RO         5826    i.HAL_CAN_ConfigFilter  stm32f4xx_hal_can.o
    0x08001f78   0x08001f78   0x00000002   Code   RO         5829    i.HAL_CAN_ErrorCallback  stm32f4xx_hal_can.o
    0x08001f7a   0x08001f7a   0x000000e8   Code   RO         5832    i.HAL_CAN_GetRxMessage  stm32f4xx_hal_can.o
    0x08002062   0x08002062   0x000001fc   Code   RO         5836    i.HAL_CAN_IRQHandler  stm32f4xx_hal_can.o
    0x0800225e   0x0800225e   0x0000011a   Code   RO         5837    i.HAL_CAN_Init      stm32f4xx_hal_can.o
    0x08002378   0x08002378   0x000000fc   Code   RO         3804    i.HAL_CAN_MspInit   can.o
    0x08002474   0x08002474   0x00000002   Code   RO         5844    i.HAL_CAN_RxFifo0FullCallback  stm32f4xx_hal_can.o
    0x08002476   0x08002476   0x00000004   Code   RO          163    i.HAL_CAN_RxFifo0MsgPendingCallback  drv_can.o
    0x0800247a   0x0800247a   0x00000002   Code   RO         5846    i.HAL_CAN_RxFifo1FullCallback  stm32f4xx_hal_can.o
    0x0800247c   0x0800247c   0x00000002   Code   RO         5847    i.HAL_CAN_RxFifo1MsgPendingCallback  stm32f4xx_hal_can.o
    0x0800247e   0x0800247e   0x00000002   Code   RO         5848    i.HAL_CAN_SleepCallback  stm32f4xx_hal_can.o
    0x08002480   0x08002480   0x00000058   Code   RO         5849    i.HAL_CAN_Start     stm32f4xx_hal_can.o
    0x080024d8   0x080024d8   0x00000002   Code   RO         5851    i.HAL_CAN_TxMailbox0AbortCallback  stm32f4xx_hal_can.o
    0x080024da   0x080024da   0x00000002   Code   RO         5852    i.HAL_CAN_TxMailbox0CompleteCallback  stm32f4xx_hal_can.o
    0x080024dc   0x080024dc   0x00000002   Code   RO         5853    i.HAL_CAN_TxMailbox1AbortCallback  stm32f4xx_hal_can.o
    0x080024de   0x080024de   0x00000002   Code   RO         5854    i.HAL_CAN_TxMailbox1CompleteCallback  stm32f4xx_hal_can.o
    0x080024e0   0x080024e0   0x00000002   Code   RO         5855    i.HAL_CAN_TxMailbox2AbortCallback  stm32f4xx_hal_can.o
    0x080024e2   0x080024e2   0x00000002   Code   RO         5856    i.HAL_CAN_TxMailbox2CompleteCallback  stm32f4xx_hal_can.o
    0x080024e4   0x080024e4   0x00000002   Code   RO         5858    i.HAL_CAN_WakeUpFromRxMsgCallback  stm32f4xx_hal_can.o
    0x080024e6   0x080024e6   0x00000046   Code   RO         6060    i.HAL_DAC_ConfigChannel  stm32f4xx_hal_dac.o
    0x0800252c   0x0800252c   0x00000028   Code   RO         6070    i.HAL_DAC_Init      stm32f4xx_hal_dac.o
    0x08002554   0x08002554   0x00000060   Code   RO         3853    i.HAL_DAC_MspInit   dac.o
    0x080025b4   0x080025b4   0x0000005c   Code   RO         6074    i.HAL_DAC_Start     stm32f4xx_hal_dac.o
    0x08002610   0x08002610   0x00000092   Code   RO         5153    i.HAL_DMA_Abort     stm32f4xx_hal_dma.o
    0x080026a2   0x080026a2   0x00000024   Code   RO         5154    i.HAL_DMA_Abort_IT  stm32f4xx_hal_dma.o
    0x080026c6   0x080026c6   0x00000002   PAD
    0x080026c8   0x080026c8   0x000001a0   Code   RO         5158    i.HAL_DMA_IRQHandler  stm32f4xx_hal_dma.o
    0x08002868   0x08002868   0x000000d4   Code   RO         5159    i.HAL_DMA_Init      stm32f4xx_hal_dma.o
    0x0800293c   0x0800293c   0x000001f0   Code   RO         5046    i.HAL_GPIO_Init     stm32f4xx_hal_gpio.o
    0x08002b2c   0x08002b2c   0x00000010   Code   RO         5049    i.HAL_GPIO_TogglePin  stm32f4xx_hal_gpio.o
    0x08002b3c   0x08002b3c   0x0000000a   Code   RO         5050    i.HAL_GPIO_WritePin  stm32f4xx_hal_gpio.o
    0x08002b46   0x08002b46   0x00000002   PAD
    0x08002b48   0x08002b48   0x0000000c   Code   RO         5578    i.HAL_GetTick       stm32f4xx_hal.o
    0x08002b54   0x08002b54   0x00000034   Code   RO          621    i.HAL_IncTick       drv_haltick.o
    0x08002b88   0x08002b88   0x00000034   Code   RO         5585    i.HAL_Init          stm32f4xx_hal.o
    0x08002bbc   0x08002bbc   0x00000098   Code   RO         4186    i.HAL_InitTick      stm32f4xx_hal_timebase_tim.o
    0x08002c54   0x08002c54   0x00000038   Code   RO         4162    i.HAL_MspInit       stm32f4xx_hal_msp.o
    0x08002c8c   0x08002c8c   0x0000001a   Code   RO         5435    i.HAL_NVIC_EnableIRQ  stm32f4xx_hal_cortex.o
    0x08002ca6   0x08002ca6   0x00000002   PAD
    0x08002ca8   0x08002ca8   0x00000040   Code   RO         5441    i.HAL_NVIC_SetPriority  stm32f4xx_hal_cortex.o
    0x08002ce8   0x08002ce8   0x00000024   Code   RO         5442    i.HAL_NVIC_SetPriorityGrouping  stm32f4xx_hal_cortex.o
    0x08002d0c   0x08002d0c   0x00000134   Code   RO         4692    i.HAL_RCC_ClockConfig  stm32f4xx_hal_rcc.o
    0x08002e40   0x08002e40   0x00000040   Code   RO         4696    i.HAL_RCC_GetClockConfig  stm32f4xx_hal_rcc.o
    0x08002e80   0x08002e80   0x00000020   Code   RO         4699    i.HAL_RCC_GetPCLK1Freq  stm32f4xx_hal_rcc.o
    0x08002ea0   0x08002ea0   0x00000020   Code   RO         4700    i.HAL_RCC_GetPCLK2Freq  stm32f4xx_hal_rcc.o
    0x08002ec0   0x08002ec0   0x00000064   Code   RO         4701    i.HAL_RCC_GetSysClockFreq  stm32f4xx_hal_rcc.o
    0x08002f24   0x08002f24   0x0000036c   Code   RO         4704    i.HAL_RCC_OscConfig  stm32f4xx_hal_rcc.o
    0x08003290   0x08003290   0x00000002   Code   RO         7003    i.HAL_TIMEx_BreakCallback  stm32f4xx_hal_tim_ex.o
    0x08003292   0x08003292   0x00000002   Code   RO         7004    i.HAL_TIMEx_CommutCallback  stm32f4xx_hal_tim_ex.o
    0x08003294   0x08003294   0x00000054   Code   RO         7006    i.HAL_TIMEx_ConfigBreakDeadTime  stm32f4xx_hal_tim_ex.o
    0x080032e8   0x080032e8   0x00000090   Code   RO         7022    i.HAL_TIMEx_MasterConfigSynchronization  stm32f4xx_hal_tim_ex.o
    0x08003378   0x08003378   0x0000005a   Code   RO         6299    i.HAL_TIM_Base_Init  stm32f4xx_hal_tim.o
    0x080033d2   0x080033d2   0x00000002   PAD
    0x080033d4   0x080033d4   0x00000044   Code   RO         3922    i.HAL_TIM_Base_MspInit  tim.o
    0x08003418   0x08003418   0x00000080   Code   RO         6304    i.HAL_TIM_Base_Start_IT  stm32f4xx_hal_tim.o
    0x08003498   0x08003498   0x000000dc   Code   RO         6308    i.HAL_TIM_ConfigClockSource  stm32f4xx_hal_tim.o
    0x08003574   0x08003574   0x00000002   Code   RO         6333    i.HAL_TIM_IC_CaptureCallback  stm32f4xx_hal_tim.o
    0x08003576   0x08003576   0x00000166   Code   RO         6347    i.HAL_TIM_IRQHandler  stm32f4xx_hal_tim.o
    0x080036dc   0x080036dc   0x00000084   Code   RO         3923    i.HAL_TIM_MspPostInit  tim.o
    0x08003760   0x08003760   0x00000002   Code   RO         6350    i.HAL_TIM_OC_DelayElapsedCallback  stm32f4xx_hal_tim.o
    0x08003762   0x08003762   0x000000cc   Code   RO         6371    i.HAL_TIM_PWM_ConfigChannel  stm32f4xx_hal_tim.o
    0x0800382e   0x0800382e   0x0000005a   Code   RO         6374    i.HAL_TIM_PWM_Init  stm32f4xx_hal_tim.o
    0x08003888   0x08003888   0x00000002   Code   RO         6376    i.HAL_TIM_PWM_MspInit  stm32f4xx_hal_tim.o
    0x0800388a   0x0800388a   0x00000002   Code   RO         6377    i.HAL_TIM_PWM_PulseFinishedCallback  stm32f4xx_hal_tim.o
    0x0800388c   0x0800388c   0x000000c8   Code   RO         6379    i.HAL_TIM_PWM_Start  stm32f4xx_hal_tim.o
    0x08003954   0x08003954   0x0000000e   Code   RO         3427    i.HAL_TIM_PeriodElapsedCallback  main.o
    0x08003962   0x08003962   0x00000002   Code   RO         6390    i.HAL_TIM_TriggerCallback  stm32f4xx_hal_tim.o
    0x08003964   0x08003964   0x00000002   Code   RO         7281    i.HAL_UARTEx_RxEventCallback  stm32f4xx_hal_uart.o
    0x08003966   0x08003966   0x00000002   Code   RO         7295    i.HAL_UART_ErrorCallback  stm32f4xx_hal_uart.o
    0x08003968   0x08003968   0x00000268   Code   RO         7298    i.HAL_UART_IRQHandler  stm32f4xx_hal_uart.o
    0x08003bd0   0x08003bd0   0x00000062   Code   RO         7299    i.HAL_UART_Init     stm32f4xx_hal_uart.o
    0x08003c32   0x08003c32   0x00000002   PAD
    0x08003c34   0x08003c34   0x000002f4   Code   RO         3976    i.HAL_UART_MspInit  usart.o
    0x08003f28   0x08003f28   0x00000002   Code   RO         7305    i.HAL_UART_RxCpltCallback  stm32f4xx_hal_uart.o
    0x08003f2a   0x08003f2a   0x00000002   Code   RO         7310    i.HAL_UART_TxCpltCallback  stm32f4xx_hal_uart.o
    0x08003f2c   0x08003f2c   0x00000002   Code   RO         4043    i.HardFault_Handler  stm32f4xx_it.o
    0x08003f2e   0x08003f2e   0x00000002   PAD
    0x08003f30   0x08003f30   0x00000040   Code   RO          702    i.IIC_Ack           soft_iic.o
    0x08003f70   0x08003f70   0x00000040   Code   RO          703    i.IIC_NAck          soft_iic.o
    0x08003fb0   0x08003fb0   0x00000068   Code   RO          704    i.IIC_Read_Byte     soft_iic.o
    0x08004018   0x08004018   0x00000060   Code   RO          705    i.IIC_Send_Byte     soft_iic.o
    0x08004078   0x08004078   0x00000040   Code   RO          706    i.IIC_Start         soft_iic.o
    0x080040b8   0x080040b8   0x00000044   Code   RO          707    i.IIC_Stop          soft_iic.o
    0x080040fc   0x080040fc   0x00000054   Code   RO          708    i.IIC_Wait_Ack      soft_iic.o
    0x08004150   0x08004150   0x00000010   Code   RO         3680    i.KAL_Task          freertos.o
    0x08004160   0x08004160   0x00000012   Code   RO         3076    i.Low_Pass_Fliter   rp_math.o
    0x08004172   0x08004172   0x00000002   PAD
    0x08004174   0x08004174   0x00000064   Code   RO         9372    i.MODE_CHECK        car.o
    0x080041d8   0x080041d8   0x00000110   Code   RO         9409    i.MODE_UPDATE       my_shoot.o
    0x080042e8   0x080042e8   0x00000174   Code   RO         3681    i.MONITOR_MOTOR_Task  freertos.o
    0x0800445c   0x0800445c   0x00000094   Code   RO         9024    i.MOTOR_2006_GET_DATA  2006_motor.o
    0x080044f0   0x080044f0   0x00000030   Code   RO         9025    i.MOTOR_2006_INIT   2006_motor.o
    0x08004520   0x08004520   0x00000050   Code   RO         8932    i.MOTOR_3508_CAN2_SENT_DATA  3508_motor.o
    0x08004570   0x08004570   0x00000074   Code   RO         8933    i.MOTOR_3508_GET_DATA1  3508_motor.o
    0x080045e4   0x080045e4   0x00000074   Code   RO         8934    i.MOTOR_3508_GET_DATA2  3508_motor.o
    0x08004658   0x08004658   0x00000024   Code   RO         8935    i.MOTOR_3508_INIT   3508_motor.o
    0x0800467c   0x0800467c   0x00000050   Code   RO         8984    i.MOTOR_6020_GET_DATA  6020_motor.o
    0x080046cc   0x080046cc   0x00000024   Code   RO         8985    i.MOTOR_6020_INIT   6020_motor.o
    0x080046f0   0x080046f0   0x0000004c   Code   RO         2004    i.MPU_Read_Byte     bmi2_common.o
    0x0800473c   0x0800473c   0x00000060   Code   RO         2005    i.MPU_Read_all      bmi2_common.o
    0x0800479c   0x0800479c   0x00000064   Code   RO         3763    i.MX_ADC1_Init      adc.o
    0x08004800   0x08004800   0x00000048   Code   RO         3805    i.MX_CAN1_Init      can.o
    0x08004848   0x08004848   0x00000048   Code   RO         3806    i.MX_CAN2_Init      can.o
    0x08004890   0x08004890   0x0000003c   Code   RO         3854    i.MX_DAC_Init       dac.o
    0x080048cc   0x080048cc   0x0000006c   Code   RO         3894    i.MX_DMA_Init       dma.o
    0x08004938   0x08004938   0x0000015c   Code   RO         3682    i.MX_FREERTOS_Init  freertos.o
    0x08004a94   0x08004a94   0x00000130   Code   RO         3650    i.MX_GPIO_Init      gpio.o
    0x08004bc4   0x08004bc4   0x000000cc   Code   RO         3924    i.MX_TIM1_Init      tim.o
    0x08004c90   0x08004c90   0x000000a8   Code   RO         3925    i.MX_TIM3_Init      tim.o
    0x08004d38   0x08004d38   0x00000038   Code   RO         3977    i.MX_UART4_Init     usart.o
    0x08004d70   0x08004d70   0x00000038   Code   RO         3978    i.MX_UART5_Init     usart.o
    0x08004da8   0x08004da8   0x00000038   Code   RO         3979    i.MX_USART1_UART_Init  usart.o
    0x08004de0   0x08004de0   0x0000003c   Code   RO         3980    i.MX_USART2_UART_Init  usart.o
    0x08004e1c   0x08004e1c   0x00000002   Code   RO         4044    i.MemManage_Handler  stm32f4xx_it.o
    0x08004e1e   0x08004e1e   0x00000002   Code   RO         4045    i.NMI_Handler       stm32f4xx_it.o
    0x08004e20   0x08004e20   0x00000128   Code   RO         3683    i.PID_Task          freertos.o
    0x08004f48   0x08004f48   0x00000018   Code   RO         9060    i.PID_struct_init   dji_pid.o
    0x08004f60   0x08004f60   0x00000038   Code   RO          434    i.PWM_Init          drv_tim.o
    0x08004f98   0x08004f98   0x0000003a   Code   RO         2195    i.RC_ResetData      rc_sensor.o
    0x08004fd2   0x08004fd2   0x0000000a   Code   RO         3310    i.RM3508_GetDataId  rm_protocol.o
    0x08004fdc   0x08004fdc   0x00000016   Code   RO         3311    i.RM3508_GetTxId    rm_protocol.o
    0x08004ff2   0x08004ff2   0x00000002   Code   RO         9410    i.SHE_JI            my_shoot.o
    0x08004ff4   0x08004ff4   0x000000ec   Code   RO         9411    i.SHOOR_WORK        my_shoot.o
    0x080050e0   0x080050e0   0x00000144   Code   RO         9412    i.SHOOT_INIT        my_shoot.o
    0x08005224   0x08005224   0x00000054   Code   RO          777    i.Set_accel         bmi.o
    0x08005278   0x08005278   0x00000058   Code   RO          778    i.Set_gyro          bmi.o
    0x080052d0   0x080052d0   0x00000024   Code   RO         2869    i.StartControlTask  control_task.o
    0x080052f4   0x080052f4   0x00000084   Code   RO         2825    i.StartMonitorTask  monitor_task.o
    0x08005378   0x08005378   0x0000003c   Code   RO         2900    i.StartSendTask     send_task.o
    0x080053b4   0x080053b4   0x0000005c   Code   RO         2738    i.StartSystemTask   system_task.o
    0x08005410   0x08005410   0x0000002c   Code   RO         8852    i.SysTick_Handler   port.o
    0x0800543c   0x0800543c   0x00000088   Code   RO         3428    i.SystemClock_Config  main.o
    0x080054c4   0x080054c4   0x0000001c   Code   RO         4376    i.SystemInit        system_stm32f4xx.o
    0x080054e0   0x080054e0   0x0000000c   Code   RO         4046    i.TIM2_IRQHandler   stm32f4xx_it.o
    0x080054ec   0x080054ec   0x000000c8   Code   RO         6392    i.TIM_Base_SetConfig  stm32f4xx_hal_tim.o
    0x080055b4   0x080055b4   0x0000001a   Code   RO         6393    i.TIM_CCxChannelCmd  stm32f4xx_hal_tim.o
    0x080055ce   0x080055ce   0x00000014   Code   RO         6403    i.TIM_ETR_SetConfig  stm32f4xx_hal_tim.o
    0x080055e2   0x080055e2   0x00000010   Code   RO         6404    i.TIM_ITRx_SetConfig  stm32f4xx_hal_tim.o
    0x080055f2   0x080055f2   0x00000002   PAD
    0x080055f4   0x080055f4   0x00000060   Code   RO         6405    i.TIM_OC1_SetConfig  stm32f4xx_hal_tim.o
    0x08005654   0x08005654   0x0000006c   Code   RO         6406    i.TIM_OC2_SetConfig  stm32f4xx_hal_tim.o
    0x080056c0   0x080056c0   0x00000068   Code   RO         6407    i.TIM_OC3_SetConfig  stm32f4xx_hal_tim.o
    0x08005728   0x08005728   0x00000050   Code   RO         6408    i.TIM_OC4_SetConfig  stm32f4xx_hal_tim.o
    0x08005778   0x08005778   0x00000022   Code   RO         6410    i.TIM_TI1_ConfigInputStage  stm32f4xx_hal_tim.o
    0x0800579a   0x0800579a   0x00000024   Code   RO         6412    i.TIM_TI2_ConfigInputStage  stm32f4xx_hal_tim.o
    0x080057be   0x080057be   0x00000002   PAD
    0x080057c0   0x080057c0   0x00000018   Code   RO         4047    i.UART4_IRQHandler  stm32f4xx_it.o
    0x080057d8   0x080057d8   0x00000018   Code   RO         4048    i.UART5_IRQHandler  stm32f4xx_it.o
    0x080057f0   0x080057f0   0x00000010   Code   RO         7312    i.UART_DMAAbortOnError  stm32f4xx_hal_uart.o
    0x08005800   0x08005800   0x0000004e   Code   RO         7322    i.UART_EndRxTransfer  stm32f4xx_hal_uart.o
    0x0800584e   0x0800584e   0x000000c0   Code   RO         7324    i.UART_Receive_IT   stm32f4xx_hal_uart.o
    0x0800590e   0x0800590e   0x00000002   PAD
    0x08005910   0x08005910   0x0000010c   Code   RO         7325    i.UART_SetConfig    stm32f4xx_hal_uart.o
    0x08005a1c   0x08005a1c   0x00000018   Code   RO         4049    i.USART1_IRQHandler  stm32f4xx_it.o
    0x08005a34   0x08005a34   0x00000038   Code   RO          473    i.USART1_Init       drv_uart.o
    0x08005a6c   0x08005a6c   0x00000018   Code   RO         4050    i.USART2_IRQHandler  stm32f4xx_it.o
    0x08005a84   0x08005a84   0x0000003c   Code   RO          475    i.USART2_Init       drv_uart.o
    0x08005ac0   0x08005ac0   0x0000001c   Code   RO         3152    i.USART2_rxDataHandler  rc_protocol.o
    0x08005adc   0x08005adc   0x00000038   Code   RO          477    i.USART4_Init       drv_uart.o
    0x08005b14   0x08005b14   0x00000002   Code   RO          478    i.USART4_rxDataHandler  drv_uart.o
    0x08005b16   0x08005b16   0x00000002   PAD
    0x08005b18   0x08005b18   0x00000038   Code   RO          479    i.USART5_Init       drv_uart.o
    0x08005b50   0x08005b50   0x00000002   Code   RO          480    i.USART5_rxDataHandler  drv_uart.o
    0x08005b52   0x08005b52   0x00000002   Code   RO         4051    i.UsageFault_Handler  stm32f4xx_it.o
    0x08005b54   0x08005b54   0x00000030   Code   RO         9616    i.__ARM_fpclassify  m_wm.l(fpclassify.o)
    0x08005b84   0x08005b84   0x00000020   Code   RO         5448    i.__NVIC_SetPriority  stm32f4xx_hal_cortex.o
    0x08005ba4   0x08005ba4   0x00000024   Code   RO         2739    i.__NVIC_SystemReset  system_task.o
    0x08005bc8   0x08005bc8   0x00000360   Code   RO         9476    i.__hardfp_asin     m_wm.l(asin.o)
    0x08005f28   0x08005f28   0x000002d8   Code   RO         9579    i.__hardfp_atan     m_wm.l(atan.o)
    0x08006200   0x08006200   0x00000200   Code   RO         9490    i.__hardfp_atan2    m_wm.l(atan2.o)
    0x08006400   0x08006400   0x000000f8   Code   RO         9618    i.__kernel_poly     m_wm.l(poly.o)
    0x080064f8   0x080064f8   0x00000014   Code   RO         9597    i.__mathlib_dbl_infnan  m_wm.l(dunder.o)
    0x0800650c   0x0800650c   0x00000014   Code   RO         9598    i.__mathlib_dbl_infnan2  m_wm.l(dunder.o)
    0x08006520   0x08006520   0x00000020   Code   RO         9599    i.__mathlib_dbl_invalid  m_wm.l(dunder.o)
    0x08006540   0x08006540   0x00000020   Code   RO         9602    i.__mathlib_dbl_underflow  m_wm.l(dunder.o)
    0x08006560   0x08006560   0x0000000e   Code   RO         9694    i.__scatterload_copy  mc_w.l(handlers.o)
    0x0800656e   0x0800656e   0x00000002   Code   RO         9695    i.__scatterload_null  mc_w.l(handlers.o)
    0x08006570   0x08006570   0x0000000e   Code   RO         9696    i.__scatterload_zeroinit  mc_w.l(handlers.o)
    0x0800657e   0x0800657e   0x00000002   PAD
    0x08006580   0x08006580   0x0000000c   Code   RO         9670    i.__set_errno       mc_w.l(errno.o)
    0x0800658c   0x0800658c   0x0000002a   Code   RO         9061    i.abs_limit         dji_pid.o
    0x080065b6   0x080065b6   0x00000010   Code   RO         9581    i.atan              m_wm.l(atan.o)
    0x080065c6   0x080065c6   0x00000002   PAD
    0x080065c8   0x080065c8   0x00000078   Code   RO         2159    i.bmi270_init       bmi270.o
    0x08006640   0x08006640   0x00000002   Code   RO         2007    i.bmi2_error_codes_print_result  bmi2_common.o
    0x08006642   0x08006642   0x00000036   Code   RO          905    i.bmi2_extract_input_feat_config  bmi2.o
    0x08006678   0x08006678   0x000000a0   Code   RO          910    i.bmi2_get_feat_config  bmi2.o
    0x08006718   0x08006718   0x0000003c   Code   RO          917    i.bmi2_get_gyro_cross_sense  bmi2.o
    0x08006754   0x08006754   0x00000030   Code   RO          920    i.bmi2_get_internal_status  bmi2.o
    0x08006784   0x08006784   0x00000092   Code   RO          921    i.bmi2_get_regs     bmi2.o
    0x08006816   0x08006816   0x00000002   PAD
    0x08006818   0x08006818   0x0000023a   Code   RO          923    i.bmi2_get_sensor_config  bmi2.o
    0x08006a52   0x08006a52   0x000002de   Code   RO          924    i.bmi2_get_sensor_data  bmi2.o
    0x08006d30   0x08006d30   0x00000026   Code   RO          925    i.bmi2_get_status   bmi2.o
    0x08006d56   0x08006d56   0x00000002   PAD
    0x08006d58   0x08006d58   0x00000040   Code   RO         2008    i.bmi2_interface_selection  bmi2_common.o
    0x08006d98   0x08006d98   0x00000076   Code   RO          926    i.bmi2_map_data_int  bmi2.o
    0x08006e0e   0x08006e0e   0x00000002   PAD
    0x08006e10   0x08006e10   0x00000064   Code   RO          936    i.bmi2_sec_init     bmi2.o
    0x08006e74   0x08006e74   0x00000038   Code   RO          938    i.bmi2_sensor_enable  bmi2.o
    0x08006eac   0x08006eac   0x00000062   Code   RO          940    i.bmi2_set_adv_power_save  bmi2.o
    0x08006f0e   0x08006f0e   0x00000002   PAD
    0x08006f10   0x08006f10   0x0000009c   Code   RO          950    i.bmi2_set_regs     bmi2.o
    0x08006fac   0x08006fac   0x000001e6   Code   RO          952    i.bmi2_set_sensor_config  bmi2.o
    0x08007192   0x08007192   0x00000060   Code   RO          953    i.bmi2_soft_reset   bmi2.o
    0x080071f2   0x080071f2   0x00000056   Code   RO          957    i.bmi2_write_config_file  bmi2.o
    0x08007248   0x08007248   0x0000003e   Code   RO          960    i.cfg_error_status  bmi2.o
    0x08007286   0x08007286   0x00000012   Code   RO         2506    i.chassis_info_init  my_chassis.o
    0x08007298   0x08007298   0x00000108   Code   RO         2507    i.chassis_init      my_chassis.o
    0x080073a0   0x080073a0   0x00000048   Code   RO         2309    i.chassis_motor_check  chassis_motor.o
    0x080073e8   0x080073e8   0x00000022   Code   RO         2310    i.chassis_motor_heart_beat  chassis_motor.o
    0x0800740a   0x0800740a   0x0000003c   Code   RO         2311    i.chassis_motor_init  chassis_motor.o
    0x08007446   0x08007446   0x0000002c   Code   RO         2312    i.chassis_motor_update  chassis_motor.o
    0x08007472   0x08007472   0x00000030   Code   RO          961    i.check_boundary_val  bmi2.o
    0x080074a2   0x080074a2   0x0000001a   Code   RO          963    i.comp_gyro_cross_axis_sensitivity  bmi2.o
    0x080074bc   0x080074bc   0x000000dc   Code   RO          964    i.config_aux_interface  bmi2.o
    0x08007598   0x08007598   0x00000018   Code   RO          623    i.delay_us          drv_haltick.o
    0x080075b0   0x080075b0   0x00000030   Code   RO          481    i.dma_m0_rxcplt_callback  drv_uart.o
    0x080075e0   0x080075e0   0x00000030   Code   RO          482    i.dma_m1_rxcplt_callback  drv_uart.o
    0x08007610   0x08007610   0x00000058   Code   RO         2826    i.event_notify      monitor_task.o
    0x08007668   0x08007668   0x00000036   Code   RO          971    i.extract_output_feat_config  bmi2.o
    0x0800769e   0x0800769e   0x00000018   Code   RO         9612    i.fabs              m_wm.l(fabs.o)
    0x080076b6   0x080076b6   0x00000002   PAD
    0x080076b8   0x080076b8   0x00000050   Code   RO         9539    i.free              mc_w.l(malloc.o)
    0x08007708   0x08007708   0x00000020   Code   RO          972    i.get_acc_gyr_data  bmi2.o
    0x08007728   0x08007728   0x0000004e   Code   RO          973    i.get_accel_config  bmi2.o
    0x08007776   0x08007776   0x00000068   Code   RO          974    i.get_accel_self_test_status  bmi2.o
    0x080077de   0x080077de   0x0000008a   Code   RO          975    i.get_any_motion_config  bmi2.o
    0x08007868   0x08007868   0x000000aa   Code   RO          976    i.get_aux_config    bmi2.o
    0x08007912   0x08007912   0x00000058   Code   RO          978    i.get_ext_sens_sync_config  bmi2.o
    0x0800796a   0x0800796a   0x00000086   Code   RO          979    i.get_flat_config   bmi2.o
    0x080079f0   0x080079f0   0x00000082   Code   RO          980    i.get_free_fall_det_config  bmi2.o
    0x08007a72   0x08007a72   0x00000058   Code   RO          981    i.get_glance_detect_config  bmi2.o
    0x08007aca   0x08007aca   0x0000005e   Code   RO          982    i.get_gyro_config   bmi2.o
    0x08007b28   0x08007b28   0x00000072   Code   RO          983    i.get_gyro_cross_sense  bmi2.o
    0x08007b9a   0x08007b9a   0x0000008a   Code   RO          984    i.get_gyro_gain_update_config  bmi2.o
    0x08007c24   0x08007c24   0x00000068   Code   RO          985    i.get_gyro_gain_update_status  bmi2.o
    0x08007c8c   0x08007c8c   0x000000a4   Code   RO          986    i.get_high_g_config  bmi2.o
    0x08007d30   0x08007d30   0x00000092   Code   RO          987    i.get_low_g_config  bmi2.o
    0x08007dc2   0x08007dc2   0x0000008a   Code   RO          989    i.get_no_motion_config  bmi2.o
    0x08007e4c   0x08007e4c   0x00000076   Code   RO          990    i.get_nvm_error_status  bmi2.o
    0x08007ec2   0x08007ec2   0x000000b4   Code   RO          991    i.get_ois_output    bmi2.o
    0x08007f76   0x08007f76   0x0000008c   Code   RO          992    i.get_orient_config  bmi2.o
    0x08008002   0x08008002   0x00000056   Code   RO          995    i.get_remapped_data  bmi2.o
    0x08008058   0x08008058   0x000000be   Code   RO          996    i.get_sig_motion_config  bmi2.o
    0x08008116   0x08008116   0x0000008a   Code   RO          998    i.get_step_config   bmi2.o
    0x080081a0   0x080081a0   0x000000aa   Code   RO          999    i.get_step_count_params_config  bmi2.o
    0x0800824a   0x0800824a   0x0000006e   Code   RO         1000    i.get_step_counter_output  bmi2.o
    0x080082b8   0x080082b8   0x00000058   Code   RO         1001    i.get_tilt_config   bmi2.o
    0x08008310   0x08008310   0x00000058   Code   RO         1002    i.get_up_hold_to_wake_config  bmi2.o
    0x08008368   0x08008368   0x0000007c   Code   RO         1004    i.get_wake_up_config  bmi2.o
    0x080083e4   0x080083e4   0x00000076   Code   RO         1005    i.get_wrist_gest_config  bmi2.o
    0x0800845a   0x0800845a   0x0000008a   Code   RO         1006    i.get_wrist_gest_w_config  bmi2.o
    0x080084e4   0x080084e4   0x0000008e   Code   RO         1007    i.get_wrist_wear_wake_up_config  bmi2.o
    0x08008572   0x08008572   0x0000009c   Code   RO         1008    i.get_wrist_wear_wake_up_wh_config  bmi2.o
    0x0800860e   0x0800860e   0x00000012   Code   RO         9187    i.gimbal_info_init  my_gimbal.o
    0x08008620   0x08008620   0x00000128   Code   RO         9188    i.gimbal_init       my_gimbal.o
    0x08008748   0x08008748   0x00000044   Code   RO         2270    i.imu_sensor_check  imu_sensor.o
    0x0800878c   0x0800878c   0x00000006   Code   RO         2271    i.imu_sensor_heart_beat  imu_sensor.o
    0x08008792   0x08008792   0x00000002   PAD
    0x08008794   0x08008794   0x000000a0   Code   RO         3191    i.imu_sensor_init   imu_protocol.o
    0x08008834   0x08008834   0x0000005c   Code   RO         3192    i.imu_sensor_update  imu_protocol.o
    0x08008890   0x08008890   0x0000002c   Code   RO          779    i.inVSqrt           bmi.o
    0x080088bc   0x080088bc   0x00000026   Code   RO          780    i.lsb_to_dps        bmi.o
    0x080088e2   0x080088e2   0x00000002   PAD
    0x080088e4   0x080088e4   0x00000034   Code   RO          781    i.lsb_to_mps2       bmi.o
    0x08008918   0x08008918   0x00000080   Code   RO         3429    i.main              main.o
    0x08008998   0x08008998   0x0000000c   Code   RO         8417    i.makeFreeRtosPriority  cmsis_os.o
    0x080089a4   0x080089a4   0x0000006c   Code   RO         9540    i.malloc            mc_w.l(malloc.o)
    0x08008a10   0x08008a10   0x00000028   Code   RO          624    i.micros            drv_haltick.o
    0x08008a38   0x08008a38   0x000004a8   Code   RO          782    i.my_BMI_Get_EulerAngle  bmi.o
    0x08008ee0   0x08008ee0   0x00000018   Code   RO         1010    i.null_ptr_check    bmi2.o
    0x08008ef8   0x08008ef8   0x0000000e   Code   RO         8419    i.osDelay           cmsis_os.o
    0x08008f06   0x08008f06   0x0000000a   Code   RO         8422    i.osKernelStart     cmsis_os.o
    0x08008f10   0x08008f10   0x00000054   Code   RO         8456    i.osThreadCreate    cmsis_os.o
    0x08008f64   0x08008f64   0x000001c4   Code   RO         9062    i.pid_calc          dji_pid.o
    0x08009128   0x08009128   0x0000000e   Code   RO         9064    i.pid_param_init    dji_pid.o
    0x08009136   0x08009136   0x00000006   Code   RO         9065    i.pid_reset         dji_pid.o
    0x0800913c   0x0800913c   0x00000028   Code   RO         2930    i.pid_val_init      pid.o
    0x08009164   0x08009164   0x00000070   Code   RO         8093    i.prvAddCurrentTaskToDelayedList  tasks.o
    0x080091d4   0x080091d4   0x000000d0   Code   RO         8094    i.prvAddNewTaskToReadyList  tasks.o
    0x080092a4   0x080092a4   0x00000034   Code   RO         8095    i.prvDeleteTCB      tasks.o
    0x080092d8   0x080092d8   0x0000004c   Code   RO         8784    i.prvHeapInit       heap_4.o
    0x08009324   0x08009324   0x00000060   Code   RO         8096    i.prvIdleTask       tasks.o
    0x08009384   0x08009384   0x00000098   Code   RO         8097    i.prvInitialiseNewTask  tasks.o
    0x0800941c   0x0800941c   0x0000004c   Code   RO         8785    i.prvInsertBlockIntoFreeList  heap_4.o
    0x08009468   0x08009468   0x00000020   Code   RO         8098    i.prvResetNextTaskUnblockTime  tasks.o
    0x08009488   0x08009488   0x00000028   Code   RO         8853    i.prvTaskExitError  port.o
    0x080094b0   0x080094b0   0x000000dc   Code   RO         8786    i.pvPortMalloc      heap_4.o
    0x0800958c   0x0800958c   0x0000002c   Code   RO         8854    i.pxPortInitialiseStack  port.o
    0x080095b8   0x080095b8   0x00000124   Code   RO         9142    i.rc_base_info_update  remote.o
    0x080096dc   0x080096dc   0x00000020   Code   RO         9143    i.rc_init           remote.o
    0x080096fc   0x080096fc   0x00000052   Code   RO         2196    i.rc_sensor_check   rc_sensor.o
    0x0800974e   0x0800974e   0x00000024   Code   RO         2197    i.rc_sensor_heart_beat  rc_sensor.o
    0x08009772   0x08009772   0x00000016   Code   RO         3153    i.rc_sensor_init    rc_protocol.o
    0x08009788   0x08009788   0x00000088   Code   RO         3154    i.rc_sensor_update  rc_protocol.o
    0x08009810   0x08009810   0x00000036   Code   RO         9145    i.rc_wheel_status_interrupt_update  remote.o
    0x08009846   0x08009846   0x0000014e   Code   RO         1024    i.select_sensor     bmi2.o
    0x08009994   0x08009994   0x000003c4   Code   RO         1027    i.sensor_enable     bmi2.o
    0x08009d58   0x08009d58   0x00000098   Code   RO         1028    i.set_accel_config  bmi2.o
    0x08009df0   0x08009df0   0x00000056   Code   RO         1030    i.set_act_recog     bmi2.o
    0x08009e46   0x08009e46   0x0000005a   Code   RO         1031    i.set_any_motion    bmi2.o
    0x08009ea0   0x08009ea0   0x000000c6   Code   RO         1032    i.set_any_motion_config  bmi2.o
    0x08009f66   0x08009f66   0x00000090   Code   RO         1033    i.set_aux_config    bmi2.o
    0x08009ff6   0x08009ff6   0x00000036   Code   RO         1034    i.set_config_load   bmi2.o
    0x0800a02c   0x0800a02c   0x00000056   Code   RO         1035    i.set_double_tap    bmi2.o
    0x0800a082   0x0800a082   0x00000056   Code   RO         1036    i.set_ext_sens_sync  bmi2.o
    0x0800a0d8   0x0800a0d8   0x0000008e   Code   RO         1037    i.set_ext_sens_sync_config  bmi2.o
    0x0800a166   0x0800a166   0x00000002   PAD
    0x0800a168   0x0800a168   0x00000068   Code   RO         1038    i.set_feat_accel_self_test  bmi2.o
    0x0800a1d0   0x0800a1d0   0x00000056   Code   RO         1039    i.set_flat          bmi2.o
    0x0800a226   0x0800a226   0x000000bc   Code   RO         1040    i.set_flat_config   bmi2.o
    0x0800a2e2   0x0800a2e2   0x00000056   Code   RO         1041    i.set_free_fall_det  bmi2.o
    0x0800a338   0x0800a338   0x000000a8   Code   RO         1042    i.set_free_fall_det_config  bmi2.o
    0x0800a3e0   0x0800a3e0   0x0000008e   Code   RO         1043    i.set_glance_detect_config  bmi2.o
    0x0800a46e   0x0800a46e   0x00000056   Code   RO         1044    i.set_glance_detector  bmi2.o
    0x0800a4c4   0x0800a4c4   0x000000ac   Code   RO         1045    i.set_gyro_config   bmi2.o
    0x0800a570   0x0800a570   0x00000056   Code   RO         1046    i.set_gyro_self_offset_corr  bmi2.o
    0x0800a5c6   0x0800a5c6   0x0000005a   Code   RO         1047    i.set_gyro_user_gain  bmi2.o
    0x0800a620   0x0800a620   0x000000a2   Code   RO         1048    i.set_gyro_user_gain_config  bmi2.o
    0x0800a6c2   0x0800a6c2   0x0000005a   Code   RO         1049    i.set_high_g        bmi2.o
    0x0800a71c   0x0800a71c   0x000000da   Code   RO         1050    i.set_high_g_config  bmi2.o
    0x0800a7f6   0x0800a7f6   0x0000005a   Code   RO         1052    i.set_low_g         bmi2.o
    0x0800a850   0x0800a850   0x000000ba   Code   RO         1053    i.set_low_g_config  bmi2.o
    0x0800a90a   0x0800a90a   0x0000005a   Code   RO         1055    i.set_no_motion     bmi2.o
    0x0800a964   0x0800a964   0x000000c6   Code   RO         1056    i.set_no_motion_config  bmi2.o
    0x0800aa2a   0x0800aa2a   0x000000c6   Code   RO         1058    i.set_orient_config  bmi2.o
    0x0800aaf0   0x0800aaf0   0x00000056   Code   RO         1059    i.set_orientation   bmi2.o
    0x0800ab46   0x0800ab46   0x0000009e   Code   RO         1060    i.set_primary_ois_config  bmi2.o
    0x0800abe4   0x0800abe4   0x0000005a   Code   RO         1062    i.set_sig_motion    bmi2.o
    0x0800ac3e   0x0800ac3e   0x000000be   Code   RO         1063    i.set_sig_motion_config  bmi2.o
    0x0800acfc   0x0800acfc   0x00000056   Code   RO         1064    i.set_single_tap    bmi2.o
    0x0800ad52   0x0800ad52   0x0000005a   Code   RO         1065    i.set_step_activity  bmi2.o
    0x0800adac   0x0800adac   0x000000c0   Code   RO         1066    i.set_step_config   bmi2.o
    0x0800ae6c   0x0800ae6c   0x000000d4   Code   RO         1067    i.set_step_count_params_config  bmi2.o
    0x0800af40   0x0800af40   0x0000005a   Code   RO         1068    i.set_step_counter  bmi2.o
    0x0800af9a   0x0800af9a   0x0000005a   Code   RO         1069    i.set_step_detector  bmi2.o
    0x0800aff4   0x0800aff4   0x00000056   Code   RO         1070    i.set_tilt          bmi2.o
    0x0800b04a   0x0800b04a   0x0000008e   Code   RO         1071    i.set_tilt_config   bmi2.o
    0x0800b0d8   0x0800b0d8   0x00000056   Code   RO         1072    i.set_triple_tap    bmi2.o
    0x0800b12e   0x0800b12e   0x00000056   Code   RO         1073    i.set_up_hold_to_wake  bmi2.o
    0x0800b184   0x0800b184   0x0000008e   Code   RO         1074    i.set_up_hold_to_wake_config  bmi2.o
    0x0800b212   0x0800b212   0x00000056   Code   RO         1075    i.set_wake_up       bmi2.o
    0x0800b268   0x0800b268   0x000000bc   Code   RO         1076    i.set_wake_up_config  bmi2.o
    0x0800b324   0x0800b324   0x000000b6   Code   RO         1077    i.set_wrist_gest_config  bmi2.o
    0x0800b3da   0x0800b3da   0x000000c8   Code   RO         1078    i.set_wrist_gest_w_config  bmi2.o
    0x0800b4a2   0x0800b4a2   0x00000056   Code   RO         1079    i.set_wrist_gesture  bmi2.o
    0x0800b4f8   0x0800b4f8   0x00000056   Code   RO         1080    i.set_wrist_gesture_wh  bmi2.o
    0x0800b54e   0x0800b54e   0x00000056   Code   RO         1081    i.set_wrist_wear_wake_up  bmi2.o
    0x0800b5a4   0x0800b5a4   0x000000c8   Code   RO         1082    i.set_wrist_wear_wake_up_config  bmi2.o
    0x0800b66c   0x0800b66c   0x00000056   Code   RO         1083    i.set_wrist_wear_wake_up_wh  bmi2.o
    0x0800b6c2   0x0800b6c2   0x000000fa   Code   RO         1084    i.set_wrist_wear_wake_up_wh_config  bmi2.o
    0x0800b7bc   0x0800b7bc   0x0000004c   Code   RO         9413    i.shoot_task        my_shoot.o
    0x0800b808   0x0800b808   0x00000096   Code   RO         2931    i.single_pid_ctrl   pid.o
    0x0800b89e   0x0800b89e   0x0000006e   Code   RO         9634    i.sqrt              m_wm.l(sqrt.o)
    0x0800b90c   0x0800b90c   0x000000c8   Code   RO          483    i.uart_rx_idle_callback  drv_uart.o
    0x0800b9d4   0x0800b9d4   0x00000040   Code   RO         1096    i.upload_file       bmi2.o
    0x0800ba14   0x0800ba14   0x00000004   Code   RO         2012    i.user_delay_us     bmi2_common.o
    0x0800ba18   0x0800ba18   0x00000024   Code   RO         2013    i.user_i2c_reg_read  bmi2_common.o
    0x0800ba3c   0x0800ba3c   0x0000004c   Code   RO         2014    i.user_i2c_reg_write  bmi2_common.o
    0x0800ba88   0x0800ba88   0x00000026   Code   RO         7732    i.uxListRemove      list.o
    0x0800baae   0x0800baae   0x00000002   PAD
    0x0800bab0   0x0800bab0   0x00000014   Code   RO         3685    i.vApplicationGetIdleTaskMemory  freertos.o
    0x0800bac4   0x0800bac4   0x00000016   Code   RO         7733    i.vListInitialise   list.o
    0x0800bada   0x0800bada   0x00000006   Code   RO         7734    i.vListInitialiseItem  list.o
    0x0800bae0   0x0800bae0   0x00000030   Code   RO         7735    i.vListInsert       list.o
    0x0800bb10   0x0800bb10   0x00000018   Code   RO         7736    i.vListInsertEnd    list.o
    0x0800bb28   0x0800bb28   0x00000040   Code   RO         8856    i.vPortEnterCritical  port.o
    0x0800bb68   0x0800bb68   0x00000028   Code   RO         8857    i.vPortExitCritical  port.o
    0x0800bb90   0x0800bb90   0x00000064   Code   RO         8787    i.vPortFree         heap_4.o
    0x0800bbf4   0x0800bbf4   0x00000024   Code   RO         8858    i.vPortSetupTimerInterrupt  port.o
    0x0800bc18   0x0800bc18   0x0000004c   Code   RO         8107    i.vTaskDelay        tasks.o
    0x0800bc64   0x0800bc64   0x0000006c   Code   RO         8121    i.vTaskStartScheduler  tasks.o
    0x0800bcd0   0x0800bcd0   0x00000010   Code   RO         8123    i.vTaskSuspendAll   tasks.o
    0x0800bce0   0x0800bce0   0x0000005c   Code   RO         8124    i.vTaskSwitchContext  tasks.o
    0x0800bd3c   0x0800bd3c   0x000000e4   Code   RO         1102    i.write_config_file  bmi2.o
    0x0800be20   0x0800be20   0x000000f4   Code   RO         8860    i.xPortStartScheduler  port.o
    0x0800bf14   0x0800bf14   0x0000005a   Code   RO         8127    i.xTaskCreate       tasks.o
    0x0800bf6e   0x0800bf6e   0x00000056   Code   RO         8128    i.xTaskCreateStatic  tasks.o
    0x0800bfc4   0x0800bfc4   0x000000e0   Code   RO         8129    i.xTaskGenericNotify  tasks.o
    0x0800c0a4   0x0800c0a4   0x000000cc   Code   RO         8135    i.xTaskIncrementTick  tasks.o
    0x0800c170   0x0800c170   0x0000008c   Code   RO         8137    i.xTaskNotifyWait   tasks.o
    0x0800c1fc   0x0800c1fc   0x000000c4   Code   RO         8141    i.xTaskResumeAll    tasks.o
    0x0800c2c0   0x0800c2c0   0x00000006   Data   RO         1104    .constdata          bmi2.o
    0x0800c2c6   0x0800c2c6   0x00002045   Data   RO         2160    .constdata          bmi270.o
    0x0800e30b   0x0800e30b   0x00000001   PAD
    0x0800e30c   0x0800e30c   0x00000070   Data   RO         3688    .constdata          freertos.o
    0x0800e37c   0x0800e37c   0x00000010   Data   RO         4377    .constdata          system_stm32f4xx.o
    0x0800e38c   0x0800e38c   0x00000008   Data   RO         4378    .constdata          system_stm32f4xx.o
    0x0800e394   0x0800e394   0x00000008   Data   RO         5165    .constdata          stm32f4xx_hal_dma.o
    0x0800e39c   0x0800e39c   0x00000004   PAD
    0x0800e3a0   0x0800e3a0   0x00000050   Data   RO         9479    .constdata          m_wm.l(asin.o)
    0x0800e3f0   0x0800e3f0   0x00000098   Data   RO         9582    .constdata          m_wm.l(atan.o)
    0x0800e488   0x0800e488   0x00000008   Data   RO         9620    .constdata          m_wm.l(qnan.o)
    0x0800e490   0x0800e490   0x00000030   Data   RO         3689    .conststring        freertos.o
    0x0800e4c0   0x0800e4c0   0x00000020   Data   RO         9692    Region$$Table       anon$$obj.o


    Execution Region RW_IRAM1 (Exec base: 0x20000000, Load base: 0x0800e4e0, Size: 0x00005bf8, Max: 0x00020000, ABSOLUTE, COMPRESSED[0x0000014c])

    Exec Addr    Load Addr    Size         Type   Attr      Idx    E Section Name        Object

    0x20000000   COMPRESSED   0x00000010   Data   RW          168    .data               drv_can.o
    0x20000010   COMPRESSED   0x00000004   Data   RW          625    .data               drv_haltick.o
    0x20000014   COMPRESSED   0x0000006c   Data   RW          785    .data               bmi.o
    0x20000080   COMPRESSED   0x00000002   Data   RW         2017    .data               bmi2_common.o
    0x20000082   COMPRESSED   0x0000001a   Data   RW         2199    .data               rc_sensor.o
    0x2000009c   COMPRESSED   0x0000001c   Data   RW         2200    .data               rc_sensor.o
    0x200000b8   COMPRESSED   0x00000002   Data   RW         2272    .data               imu_sensor.o
    0x200000ba   COMPRESSED   0x00000002   PAD
    0x200000bc   COMPRESSED   0x00000020   Data   RW         2273    .data               imu_sensor.o
    0x200000dc   COMPRESSED   0x0000001c   Data   RW         2274    .data               imu_sensor.o
    0x200000f8   COMPRESSED   0x00000090   Data   RW         2313    .data               chassis_motor.o
    0x20000188   COMPRESSED   0x00000050   Data   RW         2314    .data               chassis_motor.o
    0x200001d8   COMPRESSED   0x00000070   Data   RW         2315    .data               chassis_motor.o
    0x20000248   COMPRESSED   0x000001ec   Data   RW         2409    .data               chassis.o
    0x20000434   COMPRESSED   0x00000004   Data   RW         2410    .data               chassis.o
    0x20000438   COMPRESSED   0x00000028   Data   RW         2411    .data               chassis.o
    0x20000460   COMPRESSED   0x00000003   Data   RW         2740    .data               system_task.o
    0x20000463   COMPRESSED   0x00000001   PAD
    0x20000464   COMPRESSED   0x0000000c   Data   RW         2827    .data               monitor_task.o
    0x20000470   COMPRESSED   0x00000004   Data   RW         2901    .data               send_task.o
    0x20000474   COMPRESSED   0x0000000c   Data   RW         3193    .data               imu_protocol.o
    0x20000480   COMPRESSED   0x0000001c   Data   RW         3466    .data               main.o
    0x2000049c   COMPRESSED   0x00000038   Data   RW         3467    .data               main.o
    0x200004d4   COMPRESSED   0x00000003   Data   RW         3469    .data               main.o
    0x200004d7   COMPRESSED   0x00000003   Data   RW         3470    .data               main.o
    0x200004da   COMPRESSED   0x00000003   Data   RW         3471    .data               main.o
    0x200004dd   COMPRESSED   0x00000003   Data   RW         3472    .data               main.o
    0x200004e0   COMPRESSED   0x00000003   Data   RW         3473    .data               main.o
    0x200004e3   COMPRESSED   0x00000003   Data   RW         3474    .data               main.o
    0x200004e6   COMPRESSED   0x00000003   Data   RW         3475    .data               main.o
    0x200004e9   COMPRESSED   0x00000003   Data   RW         3476    .data               main.o
    0x200004ec   COMPRESSED   0x00000003   Data   RW         3477    .data               main.o
    0x200004ef   COMPRESSED   0x00000004   Data   RW         3478    .data               main.o
    0x200004f3   COMPRESSED   0x00000001   PAD
    0x200004f4   COMPRESSED   0x00000004   Data   RW         3479    .data               main.o
    0x200004f8   COMPRESSED   0x00000004   Data   RW         3480    .data               main.o
    0x200004fc   COMPRESSED   0x00000008   Data   RW         3481    .data               main.o
    0x20000504   COMPRESSED   0x0000002c   Data   RW         3692    .data               freertos.o
    0x20000530   COMPRESSED   0x00000004   Data   RW         3808    .data               can.o
    0x20000534   COMPRESSED   0x00000004   Data   RW         4379    .data               system_stm32f4xx.o
    0x20000538   COMPRESSED   0x0000000c   Data   RW         5592    .data               stm32f4xx_hal.o
    0x20000544   COMPRESSED   0x0000003c   Data   RW         8144    .data               tasks.o
    0x20000580   COMPRESSED   0x00000020   Data   RW         8793    .data               heap_4.o
    0x200005a0   COMPRESSED   0x0000000c   Data   RW         8861    .data               port.o
    0x200005ac   COMPRESSED   0x00000002   Data   RW         9373    .data               car.o
    0x200005ae   COMPRESSED   0x00000006   Data   RW         9414    .data               my_shoot.o
    0x200005b4   COMPRESSED   0x00000004   Data   RW         9666    .data               mc_w.l(mvars.o)
    0x200005b8   COMPRESSED   0x00000004   Data   RW         9667    .data               mc_w.l(mvars.o)
    0x200005bc   COMPRESSED   0x00000004   Data   RW         9671    .data               mc_w.l(errno.o)
    0x200005c0        -       0x00000080   Zero   RW          164    .bss                drv_can.o
    0x20000640        -       0x000001c0   Zero   RW          484    .bss                drv_uart.o
    0x20000800        -       0x00000068   Zero   RW          784    .bss                bmi.o
    0x20000868        -       0x00000030   Zero   RW         2408    .bss                chassis.o
    0x20000898        -       0x0000001c   Zero   RW         3430    .bss                main.o
    0x200008b4        -       0x0000000e   Zero   RW         3431    .bss                main.o
    0x200008c2   COMPRESSED   0x00000002   PAD
    0x200008c4        -       0x0000001c   Zero   RW         3432    .bss                main.o
    0x200008e0        -       0x0000000e   Zero   RW         3433    .bss                main.o
    0x200008ee   COMPRESSED   0x00000002   PAD
    0x200008f0        -       0x0000001c   Zero   RW         3434    .bss                main.o
    0x2000090c        -       0x0000000e   Zero   RW         3435    .bss                main.o
    0x2000091a   COMPRESSED   0x00000002   PAD
    0x2000091c        -       0x0000001c   Zero   RW         3436    .bss                main.o
    0x20000938        -       0x0000000e   Zero   RW         3437    .bss                main.o
    0x20000946   COMPRESSED   0x00000002   PAD
    0x20000948        -       0x000000e0   Zero   RW         3438    .bss                main.o
    0x20000a28        -       0x0000000c   Zero   RW         3439    .bss                main.o
    0x20000a34        -       0x0000001a   Zero   RW         3440    .bss                main.o
    0x20000a4e   COMPRESSED   0x00000002   PAD
    0x20000a50        -       0x0000001c   Zero   RW         3441    .bss                main.o
    0x20000a6c        -       0x00000018   Zero   RW         3442    .bss                main.o
    0x20000a84        -       0x0000001c   Zero   RW         3443    .bss                main.o
    0x20000aa0        -       0x00000018   Zero   RW         3444    .bss                main.o
    0x20000ab8        -       0x000001b0   Zero   RW         3445    .bss                main.o
    0x20000c68        -       0x0000006c   Zero   RW         3446    .bss                main.o
    0x20000cd4        -       0x0000006c   Zero   RW         3447    .bss                main.o
    0x20000d40        -       0x0000006c   Zero   RW         3448    .bss                main.o
    0x20000dac        -       0x0000006c   Zero   RW         3449    .bss                main.o
    0x20000e18        -       0x0000006c   Zero   RW         3450    .bss                main.o
    0x20000e84        -       0x0000006c   Zero   RW         3451    .bss                main.o
    0x20000ef0        -       0x0000006c   Zero   RW         3452    .bss                main.o
    0x20000f5c        -       0x0000006c   Zero   RW         3453    .bss                main.o
    0x20000fc8        -       0x0000001c   Zero   RW         3454    .bss                main.o
    0x20000fe4        -       0x0000001c   Zero   RW         3455    .bss                main.o
    0x20001000        -       0x0000001c   Zero   RW         3456    .bss                main.o
    0x2000101c        -       0x0000000e   Zero   RW         3457    .bss                main.o
    0x2000102a   COMPRESSED   0x00000002   PAD
    0x2000102c        -       0x0000001c   Zero   RW         3458    .bss                main.o
    0x20001048        -       0x0000000e   Zero   RW         3459    .bss                main.o
    0x20001056   COMPRESSED   0x00000002   PAD
    0x20001058        -       0x0000006c   Zero   RW         3460    .bss                main.o
    0x200010c4        -       0x0000006c   Zero   RW         3461    .bss                main.o
    0x20001130        -       0x0000006c   Zero   RW         3462    .bss                main.o
    0x2000119c        -       0x0000006c   Zero   RW         3463    .bss                main.o
    0x20001208        -       0x0000006c   Zero   RW         3464    .bss                main.o
    0x20001274        -       0x0000002c   Zero   RW         3465    .bss                main.o
    0x200012a0        -       0x00000254   Zero   RW         3687    .bss                freertos.o
    0x200014f4        -       0x00000048   Zero   RW         3764    .bss                adc.o
    0x2000153c        -       0x00000050   Zero   RW         3807    .bss                can.o
    0x2000158c        -       0x00000014   Zero   RW         3855    .bss                dac.o
    0x200015a0        -       0x00000090   Zero   RW         3926    .bss                tim.o
    0x20001630        -       0x00000290   Zero   RW         3981    .bss                usart.o
    0x200018c0        -       0x00000048   Zero   RW         4189    .bss                stm32f4xx_hal_timebase_tim.o
    0x20001908        -       0x000000f0   Zero   RW         8143    .bss                tasks.o
    0x200019f8        -       0x00003c00   Zero   RW         8792    .bss                heap_4.o
    0x200055f8        -       0x00000200   Zero   RW            2    HEAP                startup_stm32f407xx.o
    0x200057f8        -       0x00000400   Zero   RW            1    STACK               startup_stm32f407xx.o


==============================================================================

Image component sizes


      Code (inc. data)   RO Data    RW Data    ZI Data      Debug   Object Name

       196          8          0          0          0       1968   2006_motor.o
       348         16          0          0          0       4224   3508_motor.o
       116          6          0          0          0       2695   6020_motor.o
       196         24          0          0         72       1685   adc.o
         0          0          0          0          0        392   arm_mat_init_f32.o
      2872         86          0        108        104      49525   bmi.o
     15630        116          6          0          0     154182   bmi2.o
       120         10       8261          0          0       1598   bmi270.o
       354         30          0          2          0       5462   bmi2_common.o
       396         46          0          4         80       2470   can.o
        76          0          0          0          0       3394   can_protocol.o
       100         12          0          2          0        823   car.o
       528         56          0        536         48       8210   chassis.o
       210          0          0        336          0       4220   chassis_motor.o
       120          0          0          0          0      23257   cmsis_os.o
        36          8          0          0          0        543   control_task.o
       156         20          0          0         20       1655   dac.o
         0          0          0          0          0       4007   device.o
       538         12          0          0          0       5536   dji_pid.o
       108          4          0          0          0        826   dma.o
        42          0          0          0          0       1778   driver.o
        14          4          0          0          0        934   drv_adda.o
       984         98          0         16        128     590670   drv_can.o
       116         24          0          4          0       2134   drv_haltick.o
         0          0          0          0          0     718768   drv_io.o
        80         20          0          0          0       1530   drv_tim.o
      1226         94          0          0        448      10422   drv_uart.o
         0          0          0          0          0      16872   event_groups.o
      1204        212        160         44        596       7084   freertos.o
       304         20          0          0          0       1083   gpio.o
       472         24          0         32      15360       7387   heap_4.o
       252         10          0         12          0       2301   imu_protocol.o
        74          0          0         62          0       2607   imu_sensor.o
       138          0          0          0          0       3522   list.o
       280         18          0        131       2554      42956   main.o
       220         36          0         12          0       3262   monitor_task.o
       282         78          0          0          0     694597   my_chassis.o
       314         68          0          0          0      10050   my_gimbal.o
       988        180          0          6          0       7689   my_shoot.o
       190          6          0          0          0       1441   pid.o
       702         72          0         12          0      10948   port.o
       186          6          0          0          0       2159   rc_protocol.o
       176          0          0         54          0      10846   rc_sensor.o
       378          0          0          0          0       2183   remote.o
        58          0          0          0          0       3989   rm_protocol.o
        18          0          0          0          0        638   rp_math.o
        60         12          0          4          0        771   send_task.o
       544         62          0          0          0       4259   soft_iic.o
        36          8        392          0       1536        832   startup_stm32f407xx.o
        64         10          0         12          0       7548   stm32f4xx_hal.o
       712         28          0          0          0       2867   stm32f4xx_hal_adc.o
      1658          6          0          0          0      14179   stm32f4xx_hal_can.o
       158         14          0          0          0      33138   stm32f4xx_hal_cortex.o
       202          0          0          0          0       2659   stm32f4xx_hal_dac.o
       934         16          8          0          0       5583   stm32f4xx_hal_dma.o
       522         46          0          0          0       2821   stm32f4xx_hal_gpio.o
        56          4          0          0          0        858   stm32f4xx_hal_msp.o
      1412         86          0          0          0       5869   stm32f4xx_hal_rcc.o
      2020        136          0          0          0      16790   stm32f4xx_hal_tim.o
       232         28          0          0          0       3253   stm32f4xx_hal_tim_ex.o
       152         18          0          0         72       1467   stm32f4xx_hal_timebase_tim.o
      1276         16          0          0          0       8284   stm32f4xx_hal_uart.o
       192         66          0          0          0       8097   stm32f4xx_it.o
        28          6         24          4          0       1143   system_stm32f4xx.o
       128         20          0          3          0      69179   system_task.o
      1884        140          0         60        240      21693   tasks.o
       572         52          0          0        144       3249   tim.o
       984         88          0          0        656       4255   usart.o

    ----------------------------------------------------------------------
     44678       2286       8888       1460      22072    2653316   Object Totals
         0          0         32          0          0          0   (incl. Generated)
        54          0          5          4         14          0   (incl. Padding)

    ----------------------------------------------------------------------

      Code (inc. data)   RO Data    RW Data    ZI Data      Debug   Library Member Name

       864         94         80          0          0        280   asin.o
       744        106        152          0          0        352   atan.o
       512         64          0          0          0        208   atan2.o
       104         16          0          0          0        496   dunder.o
        24          0          0          0          0        124   fabs.o
        48          0          0          0          0        124   fpclassify.o
       248          0          0          0          0        152   poly.o
         0          0          8          0          0          0   qnan.o
       110          0          0          0          0        148   sqrt.o
        86          0          0          0          0          0   __dczerorl2.o
         0          0          0          0          0          0   entry.o
         0          0          0          0          0          0   entry10a.o
         0          0          0          0          0          0   entry11a.o
         4          0          0          0          0          0   entry12b.o
         8          4          0          0          0          0   entry2.o
         4          0          0          0          0          0   entry5.o
         0          0          0          0          0          0   entry7b.o
         0          0          0          0          0          0   entry8b.o
         8          4          0          0          0          0   entry9a.o
        12          6          0          4          0         68   errno.o
        30          0          0          0          0          0   handlers.o
        36          8          0          0          0         68   init.o
         0          0          0          0          0          0   iusefp.o
        30          0          0          0          0         68   llshl.o
        36          0          0          0          0         68   llsshr.o
        32          0          0          0          0         68   llushr.o
       188         20          0          0          0        160   malloc.o
        36          0          0          0          0         68   memcpya.o
        36          0          0          0          0        108   memseta.o
         0          0          0          8          0          0   mvars.o
        98          0          0          0          0         92   uldiv.o
        48          0          0          0          0         68   cdcmple.o
        56          0          0          0          0         88   d2f.o
       334          0          0          0          0        148   dadd.o
       222          0          0          0          0        100   ddiv.o
       186          0          0          0          0        176   depilogue.o
        62          0          0          0          0         80   dfixi.o
        34          0          0          0          0         76   dflti.o
       228          0          0          0          0         96   dmul.o
       162          0          0          0          0        100   dsqrt.o
        38          0          0          0          0         68   f2d.o
       110          0          0          0          0        168   fepilogue.o

    ----------------------------------------------------------------------
      4786        322        240         12          0       3820   Library Totals
         8          0          0          0          0          0   (incl. Padding)

    ----------------------------------------------------------------------

      Code (inc. data)   RO Data    RW Data    ZI Data      Debug   Library Name

      2654        280        240          0          0       1884   m_wm.l
       644         42          0         12          0        768   mc_w.l
      1480          0          0          0          0       1168   mf_w.l

    ----------------------------------------------------------------------
      4786        322        240         12          0       3820   Library Totals

    ----------------------------------------------------------------------

==============================================================================


      Code (inc. data)   RO Data    RW Data    ZI Data      Debug   

     49464       2608       9128       1472      22072    2615984   Grand Totals
     49464       2608       9128        332      22072    2615984   ELF Image Totals (compressed)
     49464       2608       9128        332          0          0   ROM Totals

==============================================================================

    Total RO  Size (Code + RO Data)                58592 (  57.22kB)
    Total RW  Size (RW Data + ZI Data)             23544 (  22.99kB)
    Total ROM Size (Code + RO Data + RW Data)      58924 (  57.54kB)

==============================================================================

