Component: ARM Compiler 5.06 update 7 (build 960) Tool: armlink [4d3601]

==============================================================================

Section Cross References

    startup_stm32f407xx.o(RESET) refers to startup_stm32f407xx.o(STACK) for __initial_sp
    startup_stm32f407xx.o(RESET) refers to startup_stm32f407xx.o(.text) for Reset_Handler
    startup_stm32f407xx.o(RESET) refers to stm32f4xx_it.o(i.NMI_Handler) for NMI_Handler
    startup_stm32f407xx.o(RESET) refers to stm32f4xx_it.o(i.HardFault_Handler) for HardFault_Handler
    startup_stm32f407xx.o(RESET) refers to stm32f4xx_it.o(i.MemManage_Handler) for MemManage_Handler
    startup_stm32f407xx.o(RESET) refers to stm32f4xx_it.o(i.BusFault_Handler) for BusFault_Handler
    startup_stm32f407xx.o(RESET) refers to stm32f4xx_it.o(i.UsageFault_Handler) for UsageFault_Handler
    startup_stm32f407xx.o(RESET) refers to port.o(.emb_text) for SVC_Handler
    startup_stm32f407xx.o(RESET) refers to stm32f4xx_it.o(i.DebugMon_Handler) for DebugMon_Handler
    startup_stm32f407xx.o(RESET) refers to port.o(i.SysTick_Handler) for SysTick_Handler
    startup_stm32f407xx.o(RESET) refers to stm32f4xx_it.o(i.DMA1_Stream0_IRQHandler) for DMA1_Stream0_IRQHandler
    startup_stm32f407xx.o(RESET) refers to stm32f4xx_it.o(i.DMA1_Stream2_IRQHandler) for DMA1_Stream2_IRQHandler
    startup_stm32f407xx.o(RESET) refers to stm32f4xx_it.o(i.DMA1_Stream5_IRQHandler) for DMA1_Stream5_IRQHandler
    startup_stm32f407xx.o(RESET) refers to stm32f4xx_it.o(i.CAN1_RX0_IRQHandler) for CAN1_RX0_IRQHandler
    startup_stm32f407xx.o(RESET) refers to stm32f4xx_it.o(i.TIM2_IRQHandler) for TIM2_IRQHandler
    startup_stm32f407xx.o(RESET) refers to stm32f4xx_it.o(i.USART1_IRQHandler) for USART1_IRQHandler
    startup_stm32f407xx.o(RESET) refers to stm32f4xx_it.o(i.USART2_IRQHandler) for USART2_IRQHandler
    startup_stm32f407xx.o(RESET) refers to stm32f4xx_it.o(i.UART4_IRQHandler) for UART4_IRQHandler
    startup_stm32f407xx.o(RESET) refers to stm32f4xx_it.o(i.UART5_IRQHandler) for UART5_IRQHandler
    startup_stm32f407xx.o(RESET) refers to stm32f4xx_it.o(i.DMA2_Stream2_IRQHandler) for DMA2_Stream2_IRQHandler
    startup_stm32f407xx.o(RESET) refers to stm32f4xx_it.o(i.CAN2_RX0_IRQHandler) for CAN2_RX0_IRQHandler
    startup_stm32f407xx.o(.text) refers to system_stm32f4xx.o(i.SystemInit) for SystemInit
    startup_stm32f407xx.o(.text) refers to entry.o(.ARM.Collect$$$$00000000) for __main
    drv_can.o(i.CAN1_Init) refers to drv_can.o(i.CAN_Filter_ParamsInit) for CAN_Filter_ParamsInit
    drv_can.o(i.CAN1_Init) refers to stm32f4xx_hal_can.o(i.HAL_CAN_ConfigFilter) for HAL_CAN_ConfigFilter
    drv_can.o(i.CAN1_Init) refers to stm32f4xx_hal_can.o(i.HAL_CAN_ActivateNotification) for HAL_CAN_ActivateNotification
    drv_can.o(i.CAN1_Init) refers to stm32f4xx_hal_can.o(i.HAL_CAN_Start) for HAL_CAN_Start
    drv_can.o(i.CAN1_Init) refers to can.o(.bss) for hcan1
    drv_can.o(i.CAN2_Init) refers to drv_can.o(i.CAN_Filter_ParamsInit) for CAN_Filter_ParamsInit
    drv_can.o(i.CAN2_Init) refers to stm32f4xx_hal_can.o(i.HAL_CAN_ConfigFilter) for HAL_CAN_ConfigFilter
    drv_can.o(i.CAN2_Init) refers to stm32f4xx_hal_can.o(i.HAL_CAN_ActivateNotification) for HAL_CAN_ActivateNotification
    drv_can.o(i.CAN2_Init) refers to stm32f4xx_hal_can.o(i.HAL_CAN_Start) for HAL_CAN_Start
    drv_can.o(i.CAN2_Init) refers to can.o(.bss) for hcan2
    drv_can.o(i.CAN_AddMsgByDriver) refers to drv_can.o(i.CAN_CreateTxPort) for CAN_CreateTxPort
    drv_can.o(i.CAN_AddMsgByDriver) refers to drv_can.o(.bss) for .bss
    drv_can.o(i.CAN_AutoTx) refers to drv_can.o(i.CAN_PopWaitTxPort) for CAN_PopWaitTxPort
    drv_can.o(i.CAN_AutoTx) refers to drv_haltick.o(i.micros) for micros
    drv_can.o(i.CAN_AutoTx) refers to drv_can.o(i.CAN_StartTxByTxPort) for CAN_StartTxByTxPort
    drv_can.o(i.CAN_AutoTx) refers to drv_can.o(.data) for .data
    drv_can.o(i.CAN_AutoTx) refers to monitor_task.o(.data) for send_control_time
    drv_can.o(i.CAN_CreateTxPort) refers to heap_4.o(i.pvPortMalloc) for pvPortMalloc
    drv_can.o(i.CAN_MailboxReadyForTx) refers to drv_haltick.o(i.micros) for micros
    drv_can.o(i.CAN_MailboxReadyForTx) refers to drv_can.o(i.CAN_PushWaitTxPort) for CAN_PushWaitTxPort
    drv_can.o(i.CAN_Rx_Callback) refers to stm32f4xx_hal_can.o(i.HAL_CAN_GetRxMessage) for HAL_CAN_GetRxMessage
    drv_can.o(i.CAN_Rx_Callback) refers to 2006_motor.o(i.MOTOR_2006_GET_DATA) for MOTOR_2006_GET_DATA
    drv_can.o(i.CAN_Rx_Callback) refers to 3508_motor.o(i.MOTOR_3508_GET_DATA1) for MOTOR_3508_GET_DATA1
    drv_can.o(i.CAN_Rx_Callback) refers to 6020_motor.o(i.MOTOR_6020_GET_DATA) for MOTOR_6020_GET_DATA
    drv_can.o(i.CAN_Rx_Callback) refers to 3508_motor.o(i.MOTOR_3508_GET_DATA2) for MOTOR_3508_GET_DATA2
    drv_can.o(i.CAN_Rx_Callback) refers to drv_can.o(.bss) for .bss
    drv_can.o(i.CAN_Rx_Callback) refers to can.o(.bss) for hcan1
[...]
    bmi2_error_codes_print_result            0x080065f1   Thumb Code     2  bmi2_common.o(i.bmi2_error_codes_print_result)
    bmi2_extract_input_feat_config           0x080065f3   Thumb Code    54  bmi2.o(i.bmi2_extract_input_feat_config)
    bmi2_get_feat_config                     0x08006629   Thumb Code   160  bmi2.o(i.bmi2_get_feat_config)
    bmi2_get_gyro_cross_sense                0x080066c9   Thumb Code    60  bmi2.o(i.bmi2_get_gyro_cross_sense)
    bmi2_get_internal_status                 0x08006705   Thumb Code    48  bmi2.o(i.bmi2_get_internal_status)
    bmi2_get_regs                            0x08006735   Thumb Code   146  bmi2.o(i.bmi2_get_regs)
    bmi2_get_sensor_config                   0x080067c9   Thumb Code   570  bmi2.o(i.bmi2_get_sensor_config)
    bmi2_get_sensor_data                     0x08006a03   Thumb Code   734  bmi2.o(i.bmi2_get_sensor_data)
    bmi2_get_status                          0x08006ce1   Thumb Code    38  bmi2.o(i.bmi2_get_status)
    bmi2_interface_selection                 0x08006d09   Thumb Code    48  bmi2_common.o(i.bmi2_interface_selection)
    bmi2_map_data_int                        0x08006d49   Thumb Code   118  bmi2.o(i.bmi2_map_data_int)
    bmi2_sec_init                            0x08006dc1   Thumb Code    96  bmi2.o(i.bmi2_sec_init)
    bmi2_sensor_enable                       0x08006e25   Thumb Code    56  bmi2.o(i.bmi2_sensor_enable)
    bmi2_set_adv_power_save                  0x08006e5d   Thumb Code    98  bmi2.o(i.bmi2_set_adv_power_save)
    bmi2_set_regs                            0x08006ec1   Thumb Code   156  bmi2.o(i.bmi2_set_regs)
    bmi2_set_sensor_config                   0x08006f5d   Thumb Code   486  bmi2.o(i.bmi2_set_sensor_config)
    bmi2_soft_reset                          0x08007143   Thumb Code    96  bmi2.o(i.bmi2_soft_reset)
    bmi2_write_config_file                   0x080071a3   Thumb Code    86  bmi2.o(i.bmi2_write_config_file)
    chassis_info_init                        0x08007237   Thumb Code    18  my_chassis.o(i.chassis_info_init)
    chassis_init                             0x08007249   Thumb Code   186  my_chassis.o(i.chassis_init)
    delay_us                                 0x08007549   Thumb Code    24  drv_haltick.o(i.delay_us)
    fabs                                     0x0800764f   Thumb Code    24  fabs.o(i.fabs)
    free                                     0x08007669   Thumb Code    76  malloc.o(i.free)
    gimbal_info_init                         0x080085bf   Thumb Code    18  my_gimbal.o(i.gimbal_info_init)
    gimbal_init                              0x080085d1   Thumb Code   228  my_gimbal.o(i.gimbal_init)
    imu_sensor_init                          0x08008745   Thumb Code   156  imu_protocol.o(i.imu_sensor_init)
    imu_sensor_update                        0x080087e5   Thumb Code    86  imu_protocol.o(i.imu_sensor_update)
    inVSqrt                                  0x08008841   Thumb Code    40  bmi.o(i.inVSqrt)
    main                                     0x080088c9   Thumb Code   120  main.o(i.main)
    malloc                                   0x08008955   Thumb Code    92  malloc.o(i.malloc)
    micros                                   0x080089c1   Thumb Code    30  drv_haltick.o(i.micros)
    my_BMI_Get_EulerAngle                    0x080089e9   Thumb Code  1192  bmi.o(i.my_BMI_Get_EulerAngle)
    osDelay                                  0x08008ea9   Thumb Code    14  cmsis_os.o(i.osDelay)
    osKernelStart                            0x08008eb7   Thumb Code    10  cmsis_os.o(i.osKernelStart)
    osThreadCreate                           0x08008ec1   Thumb Code    84  cmsis_os.o(i.osThreadCreate)
    pid_calc                                 0x08008f15   Thumb Code   448  dji_pid.o(i.pid_calc)
    pid_val_init                             0x080090ed   Thumb Code    34  pid.o(i.pid_val_init)
    pvPortMalloc                             0x08009461   Thumb Code   216  heap_4.o(i.pvPortMalloc)
    pxPortInitialiseStack                    0x0800953d   Thumb Code    40  port.o(i.pxPortInitialiseStack)
    rc_base_info_update                      0x08009569   Thumb Code   292  remote.o(i.rc_base_info_update)
    rc_init                                  0x0800968d   Thumb Code    32  remote.o(i.rc_init)
    rc_sensor_init                           0x08009723   Thumb Code    22  rc_protocol.o(i.rc_sensor_init)
    rc_sensor_update                         0x08009739   Thumb Code   136  rc_protocol.o(i.rc_sensor_update)
    rc_wheel_status_interrupt_update         0x080097c1   Thumb Code    54  remote.o(i.rc_wheel_status_interrupt_update)
    shoot_task                               0x0800b76d   Thumb Code    54  my_shoot.o(i.shoot_task)
    single_pid_ctrl                          0x0800b7b9   Thumb Code   150  pid.o(i.single_pid_ctrl)
    sqrt                                     0x0800b84f   Thumb Code   110  sqrt.o(i.sqrt)
    user_delay_us                            0x0800b9c5   Thumb Code     4  bmi2_common.o(i.user_delay_us)
    user_i2c_reg_read                        0x0800b9c9   Thumb Code    36  bmi2_common.o(i.user_i2c_reg_read)
    user_i2c_reg_write                       0x0800b9ed   Thumb Code    70  bmi2_common.o(i.user_i2c_reg_write)
    uxListRemove                             0x0800ba39   Thumb Code    38  list.o(i.uxListRemove)
    vApplicationGetIdleTaskMemory            0x0800ba61   Thumb Code    16  freertos.o(i.vApplicationGetIdleTaskMemory)
    vListInitialise                          0x0800ba75   Thumb Code    22  list.o(i.vListInitialise)
    vListInitialiseItem                      0x0800ba8b   Thumb Code     6  list.o(i.vListInitialiseItem)
    vListInsert                              0x0800ba91   Thumb Code    48  list.o(i.vListInsert)
    vListInsertEnd                           0x0800bac1   Thumb Code    24  list.o(i.vListInsertEnd)
    vPortEnterCritical                       0x0800bad9   Thumb Code    54  port.o(i.vPortEnterCritical)
    vPortExitCritical                        0x0800bb19   Thumb Code    34  port.o(i.vPortExitCritical)
    vPortFree                                0x0800bb41   Thumb Code    94  heap_4.o(i.vPortFree)
    vPortSetupTimerInterrupt                 0x0800bba5   Thumb Code    32  port.o(i.vPortSetupTimerInterrupt)
    vTaskDelay                               0x0800bbc9   Thumb Code    66  tasks.o(i.vTaskDelay)
    vTaskStartScheduler                      0x0800bc15   Thumb Code    90  tasks.o(i.vTaskStartScheduler)
    vTaskSuspendAll                          0x0800bc81   Thumb Code    10  tasks.o(i.vTaskSuspendAll)
    vTaskSwitchContext                       0x0800bc91   Thumb Code    82  tasks.o(i.vTaskSwitchContext)
    xPortStartScheduler                      0x0800bdd1   Thumb Code   222  port.o(i.xPortStartScheduler)
    xTaskCreate                              0x0800bec5   Thumb Code    90  tasks.o(i.xTaskCreate)
    xTaskCreateStatic                        0x0800bf1f   Thumb Code    86  tasks.o(i.xTaskCreateStatic)
    xTaskGenericNotify                       0x0800bf75   Thumb Code   212  tasks.o(i.xTaskGenericNotify)
    xTaskIncrementTick                       0x0800c055   Thumb Code   194  tasks.o(i.xTaskIncrementTick)
    xTaskNotifyWait                          0x0800c121   Thumb Code   130  tasks.o(i.xTaskNotifyWait)
    xTaskResumeAll                           0x0800c1ad   Thumb Code   182  tasks.o(i.xTaskResumeAll)
    bmi270_config_file                       0x0800c276   Data        8192  bmi270.o(.constdata)
    bmi270_feat_in                           0x0800e276   Data          48  bmi270.o(.constdata)
    bmi270_feat_out                          0x0800e2a6   Data          21  bmi270.o(.constdata)
    AHBPrescTable                            0x0800e32c   Data          16  system_stm32f4xx.o(.constdata)
    APBPrescTable                            0x0800e33c   Data           8  system_stm32f4xx.o(.constdata)
    __mathlib_zero                           0x0800e438   Data           8  qnan.o(.constdata)
    Region$$Table$$Base                      0x0800e470   Number         0  anon$$obj.o(Region$$Table)
    Region$$Table$$Limit                     0x0800e490   Number         0  anon$$obj.o(Region$$Table)
    tx_time                                  0x20000000   Data           4  drv_can.o(.data)
    delta_time                               0x20000004   Data           4  drv_can.o(.data)
    dlt_t                                    0x20000008   Data           4  drv_can.o(.data)
    last_t                                   0x2000000c   Data           4  drv_can.o(.data)
    HalTick                                  0x20000010   Data           4  drv_haltick.o(.data)
    Kp                                       0x20000014   Data           4  bmi.o(.data)
    Ki                                       0x20000018   Data           4  bmi.o(.data)
    halfT                                    0x2000001c   Data           4  bmi.o(.data)
    q0                                       0x20000020   Data           4  bmi.o(.data)
    q1                                       0x20000024   Data           4  bmi.o(.data)
    q2                                       0x20000028   Data           4  bmi.o(.data)
    q3                                       0x2000002c   Data           4  bmi.o(.data)
    norm                                     0x20000030   Data           4  bmi.o(.data)
    vx                                       0x20000034   Data           4  bmi.o(.data)
    vy                                       0x20000038   Data           4  bmi.o(.data)
    vz                                       0x2000003c   Data           4  bmi.o(.data)
    ex                                       0x20000040   Data           4  bmi.o(.data)
    ey                                       0x20000044   Data           4  bmi.o(.data)
    ez                                       0x20000048   Data           4  bmi.o(.data)
    gx                                       0x2000004c   Data           4  bmi.o(.data)
    gy                                       0x20000050   Data           4  bmi.o(.data)
    gz                                       0x20000054   Data           4  bmi.o(.data)
    ax                                       0x20000058   Data           4  bmi.o(.data)
    ay                                       0x2000005c   Data           4  bmi.o(.data)
    az                                       0x20000060   Data           4  bmi.o(.data)
    exInt                                    0x20000064   Data           4  bmi.o(.data)
    eyInt                                    0x20000068   Data           4  bmi.o(.data)
    ezInt                                    0x2000006c   Data           4  bmi.o(.data)
    q0temp                                   0x20000070   Data           4  bmi.o(.data)
    q1temp                                   0x20000074   Data           4  bmi.o(.data)
    q2temp                                   0x20000078   Data           4  bmi.o(.data)
    q3temp                                   0x2000007c   Data           4  bmi.o(.data)
    MPU_ADDR                                 0x20000080   Data           1  bmi2_common.o(.data)
    rc_sensor_info                           0x20000082   Data          26  rc_sensor.o(.data)
    rc_sensor                                0x2000009c   Data          28  rc_sensor.o(.data)
    imu_sensor_driver                        0x200000b8   Data           2  imu_sensor.o(.data)
    imu_sensor_info                          0x200000bc   Data          32  imu_sensor.o(.data)
    imu_sensor                               0x200000dc   Data          28  imu_sensor.o(.data)
    chassis_motor_driver                     0x200000f8   Data         144  chassis_motor.o(.data)
    chassis_motor_info                       0x20000188   Data          80  chassis_motor.o(.data)
    chassis_motor                            0x200001d8   Data         112  chassis_motor.o(.data)
    chas_info                                0x20000248   Data           2  chassis.o(.data)
    chas_motor_pid                           0x2000024c   Data         464  chassis.o(.data)
    chas_dev                                 0x2000041c   Data          24  chassis.o(.data)
    chas_ctrl                                0x20000434   Data           4  chassis.o(.data)
    chassis                                  0x20000438   Data          40  chassis.o(.data)
    sys                                      0x20000460   Data           3  system_task.o(.data)
    send_control_time                        0x20000468   Data           4  monitor_task.o(.data)
    event                                    0x2000046c   Data           4  monitor_task.o(.data)
    SendFlag                                 0x20000470   Data           4  send_task.o(.data)
    gyrox                                    0x20000474   Data           2  imu_protocol.o(.data)
    gyroy                                    0x20000476   Data           2  imu_protocol.o(.data)
    gyroz                                    0x20000478   Data           2  imu_protocol.o(.data)
    accx                                     0x2000047a   Data           2  imu_protocol.o(.data)
    accy                                     0x2000047c   Data           2  imu_protocol.o(.data)
    accz                                     0x2000047e   Data           2  imu_protocol.o(.data)
    gimbal_config_structure                  0x20000480   Data          28  main.o(.data)
    rc_structure                             0x2000049c   Data           8  main.o(.data)
    car_structure                            0x200004a4   Data           8  main.o(.data)
    gimbal_structure                         0x200004ac   Data          40  main.o(.data)
    motor_3508_LF_info                       0x200004d4   Data           3  main.o(.data)
    motor_3508_RF_info                       0x200004d7   Data           3  main.o(.data)
    motor_3508_LB_info                       0x200004da   Data           3  main.o(.data)
    motor_3508_RB_info                       0x200004dd   Data           3  main.o(.data)
    motor_6020_YAW_info                      0x200004e0   Data           3  main.o(.data)
    motor_6020_PIT_info                      0x200004e3   Data           3  main.o(.data)
    motor_2006_PLUCK_info                    0x200004e6   Data           3  main.o(.data)
    motor_3508_FIRC_L_info                   0x200004e9   Data           3  main.o(.data)
    motor_3508_FIRC_R_info                   0x200004ec   Data           3  main.o(.data)
    gimbal_work_info_structure               0x200004ef   Data           4  main.o(.data)
    s_pitch_work_info_structure              0x200004f4   Data           4  main.o(.data)
    s_yaw_work_info_structure                0x200004f8   Data           4  main.o(.data)
    bmi_structure                            0x200004fc   Data           8  main.o(.data)
    rc_connect                               0x20000504   Data           1  freertos.o(.data)
    rc_offline                               0x20000505   Data           1  freertos.o(.data)
    MonitorTaskHandle                        0x20000520   Data           4  freertos.o(.data)
    ControlTaskHandle                        0x20000524   Data           4  freertos.o(.data)
    SystemTaskHandle                         0x20000528   Data           4  freertos.o(.data)
    SendTaskHandle                           0x2000052c   Data           4  freertos.o(.data)
    SystemCoreClock                          0x20000534   Data           4  system_stm32f4xx.o(.data)
    uwTickFreq                               0x20000538   Data           1  stm32f4xx_hal.o(.data)
    uwTickPrio                               0x2000053c   Data           4  stm32f4xx_hal.o(.data)
    uwTick                                   0x20000540   Data           4  stm32f4xx_hal.o(.data)
    pxCurrentTCB                             0x20000544   Data           4  tasks.o(.data)
    s2_down_flag                             0x200005ac   Data           1  car.o(.data)
    s2_up_flag                               0x200005ad   Data           1  car.o(.data)
    s2_up_last_flag                          0x200005ae   Data           1  my_shoot.o(.data)
    init_ok                                  0x200005af   Data           1  my_shoot.o(.data)
    deal_done                                0x200005b0   Data           1  my_shoot.o(.data)
    shoot_offline_cnt                        0x200005b2   Data           2  my_shoot.o(.data)
    __microlib_freelist                      0x200005b4   Data           4  mvars.o(.data)
    __microlib_freelist_initialised          0x200005b8   Data           4  mvars.o(.data)
    hcan1Mailbox                             0x200005c0   Data          28  drv_can.o(.bss)
    hcan2Mailbox                             0x200005dc   Data          28  drv_can.o(.bss)
    hcan1RxFrame                             0x200005f8   Data          36  drv_can.o(.bss)
    hcan2RxFrame                             0x2000061c   Data          36  drv_can.o(.bss)
    usart1_dma_rxbuf                         0x20000640   Data         100  drv_uart.o(.bss)
    usart2_dma_rxbuf                         0x200006a4   Data          48  drv_uart.o(.bss)
    usart4_dma_rxbuf                         0x200006d4   Data         100  drv_uart.o(.bss)
    usart5_dma_rxbuf                         0x20000738   Data         200  drv_uart.o(.bss)
    bmi2_dev                                 0x20000800   Data         104  bmi.o(.bss)
    chas_drv                                 0x20000868   Data          16  chassis.o(.bss)
    chas_motor                               0x20000878   Data          16  chassis.o(.bss)
    chas_motor_info                          0x20000888   Data          16  chassis.o(.bss)
    motor_3508_LF_structure                  0x20000898   Data          28  main.o(.bss)
    motor_3508_LF_base_info                  0x200008b4   Data          14  main.o(.bss)
    motor_3508_RF_structure                  0x200008c4   Data          28  main.o(.bss)
    motor_3508_RF_base_info                  0x200008e0   Data          14  main.o(.bss)
    motor_3508_LB_structure                  0x200008f0   Data          28  main.o(.bss)
    motor_3508_LB_base_info                  0x2000090c   Data          14  main.o(.bss)
    motor_3508_RB_structure                  0x2000091c   Data          28  main.o(.bss)
    motor_3508_RB_base_info                  0x20000938   Data          14  main.o(.bss)
    chassis_structure                        0x20000948   Data          24  main.o(.bss)
    rc_info_structure                        0x20000960   Data          20  main.o(.bss)
    rc_base_info_structure                   0x20000974   Data         134  main.o(.bss)
    shoot_structure                          0x200009fc   Data          44  main.o(.bss)
    chassis_config_structure                 0x20000a28   Data          12  main.o(.bss)
    chassis_info_structure                   0x20000a34   Data          26  main.o(.bss)
    motor_6020_YAW_structure                 0x20000a50   Data          28  main.o(.bss)
    motor_6020_YAW_base_info                 0x20000a6c   Data          24  main.o(.bss)
    motor_6020_PIT_structure                 0x20000a84   Data          28  main.o(.bss)
    motor_6020_PIT_base_info                 0x20000aa0   Data          24  main.o(.bss)
    chassis_pid_speed_structure              0x20000ab8   Data         432  main.o(.bss)
    chassis_pid_position_structure           0x20000c68   Data         108  main.o(.bss)
    yaw_lock_pid_speed_structure             0x20000cd4   Data         108  main.o(.bss)
    yaw_pid_speed_structure                  0x20000d40   Data         108  main.o(.bss)
    yaw_lock_pid_position_structure          0x20000dac   Data         108  main.o(.bss)
    yaw_follow_pid_position_structure        0x20000e18   Data         108  main.o(.bss)
    yaw_head_pid_position_structure          0x20000e84   Data         108  main.o(.bss)
    pit_pid_speed_structure                  0x20000ef0   Data         108  main.o(.bss)
    pit_pid_position_structure               0x20000f5c   Data         108  main.o(.bss)
    motor_2006_PLUCK_structure               0x20000fc8   Data          28  main.o(.bss)
    motor_2006_PLUCK_base_info               0x20000fe4   Data          28  main.o(.bss)
    motor_3508_FIRC_L_structure              0x20001000   Data          28  main.o(.bss)
    motor_3508_FIRC_L_base_info              0x2000101c   Data          14  main.o(.bss)
    motor_3508_FIRC_R_structure              0x2000102c   Data          28  main.o(.bss)
    motor_3508_FIRC_R_base_info              0x20001048   Data          14  main.o(.bss)
    FIRC_L_speed_structure                   0x20001058   Data         108  main.o(.bss)
    FIRC_R_speed_structure                   0x200010c4   Data         108  main.o(.bss)
    STRI_three_speed_structure               0x20001130   Data         108  main.o(.bss)
    STRI_one_speed_structure                 0x2000119c   Data         108  main.o(.bss)
    STRI_position_structure                  0x20001208   Data         108  main.o(.bss)
    gimbal_info_structure                    0x20001274   Data          44  main.o(.bss)
    hadc1                                    0x200014f4   Data          72  adc.o(.bss)
    hcan1                                    0x2000153c   Data          40  can.o(.bss)
    hcan2                                    0x20001564   Data          40  can.o(.bss)
    hdac                                     0x2000158c   Data          20  dac.o(.bss)
    htim1                                    0x200015a0   Data          72  tim.o(.bss)
    htim3                                    0x200015e8   Data          72  tim.o(.bss)
    huart4                                   0x20001630   Data          68  usart.o(.bss)
    huart5                                   0x20001674   Data          68  usart.o(.bss)
    huart1                                   0x200016b8   Data          68  usart.o(.bss)
    huart2                                   0x200016fc   Data          68  usart.o(.bss)
    hdma_uart4_rx                            0x20001740   Data          96  usart.o(.bss)
    hdma_uart5_rx                            0x200017a0   Data          96  usart.o(.bss)
    hdma_usart1_rx                           0x20001800   Data          96  usart.o(.bss)
    hdma_usart2_rx                           0x20001860   Data          96  usart.o(.bss)
    htim2                                    0x200018c0   Data          72  stm32f4xx_hal_timebase_tim.o(.bss)
    __heap_base                              0x200055f8   Data           0  startup_stm32f407xx.o(HEAP)
    __heap_limit                             0x200057f8   Data           0  startup_stm32f407xx.o(HEAP)
    __initial_sp                             0x20005bf8   Data           0  startup_stm32f407xx.o(STACK)



==============================================================================

Memory Map of the image

  Image Entry point : 0x08000189

  Load Region LR_IROM1 (Base: 0x08000000, Size: 0x0000ea50, Max: 0x00080000, ABSOLUTE, COMPRESSED[0x0000e5d8])

    Execution Region ER_IROM1 (Exec base: 0x08000000, Load base: 0x08000000, Size: 0x0000e490, Max: 0x00080000, ABSOLUTE)

    Exec Addr    Load Addr    Size         Type   Attr      Idx    E Section Name        Object

    0x08000000   0x08000000   0x00000188   Data   RO            3    RESET               startup_stm32f407xx.o
    0x08000188   0x08000188   0x00000000   Code   RO         9074  * .ARM.Collect$$$$00000000  mc_w.l(entry.o)
    0x08000188   0x08000188   0x00000004   Code   RO         9192    .ARM.Collect$$$$00000001  mc_w.l(entry2.o)
    0x0800018c   0x0800018c   0x00000004   Code   RO         9195    .ARM.Collect$$$$00000004  mc_w.l(entry5.o)
    0x08000190   0x08000190   0x00000000   Code   RO         9197    .ARM.Collect$$$$00000008  mc_w.l(entry7b.o)
    0x08000190   0x08000190   0x00000000   Code   RO         9199    .ARM.Collect$$$$0000000A  mc_w.l(entry8b.o)
    0x08000190   0x08000190   0x00000008   Code   RO         9200    .ARM.Collect$$$$0000000B  mc_w.l(entry9a.o)
    0x08000198   0x08000198   0x00000004   Code   RO         9207    .ARM.Collect$$$$0000000E  mc_w.l(entry12b.o)
    0x0800019c   0x0800019c   0x00000000   Code   RO         9202    .ARM.Collect$$$$0000000F  mc_w.l(entry10a.o)
    0x0800019c   0x0800019c   0x00000000   Code   RO         9204    .ARM.Collect$$$$00000011  mc_w.l(entry11a.o)
    0x0800019c   0x0800019c   0x00000004   Code   RO         9193    .ARM.Collect$$$$00002712  mc_w.l(entry2.o)
    0x080001a0   0x080001a0   0x000000be   Code   RO         8449    .emb_text           port.o
    0x0800025e   0x0800025e   0x00000002   PAD
    0x08000260   0x08000260   0x00000024   Code   RO            4    .text               startup_stm32f407xx.o
    0x08000284   0x08000284   0x00000062   Code   RO         9077    .text               mc_w.l(uldiv.o)
    0x080002e6   0x080002e6   0x00000024   Code   RO         9079    .text               mc_w.l(memcpya.o)
    0x0800030a   0x0800030a   0x00000024   Code   RO         9083    .text               mc_w.l(memseta.o)
    0x0800032e   0x0800032e   0x0000014e   Code   RO         9115    .text               mf_w.l(dadd.o)
    0x0800047c   0x0800047c   0x000000e4   Code   RO         9117    .text               mf_w.l(dmul.o)
    0x08000560   0x08000560   0x0000003e   Code   RO         9121    .text               mf_w.l(dfixi.o)
    0x0800059e   0x0800059e   0x00000026   Code   RO         9123    .text               mf_w.l(f2d.o)
    0x080005c4   0x080005c4   0x00000038   Code   RO         9125    .text               mf_w.l(d2f.o)
    0x080005fc   0x080005fc   0x0000001e   Code   RO         9208    .text               mc_w.l(llshl.o)
    0x0800061a   0x0800061a   0x00000020   Code   RO         9210    .text               mc_w.l(llushr.o)
    0x0800063a   0x0800063a   0x00000024   Code   RO         9212    .text               mc_w.l(llsshr.o)
    0x0800065e   0x0800065e   0x00000000   Code   RO         9223    .text               mc_w.l(iusefp.o)
    0x0800065e   0x0800065e   0x0000006e   Code   RO         9224    .text               mf_w.l(fepilogue.o)
    0x080006cc   0x080006cc   0x000000ba   Code   RO         9226    .text               mf_w.l(depilogue.o)
    0x08000786   0x08000786   0x000000de   Code   RO         9228    .text               mf_w.l(ddiv.o)
    0x08000864   0x08000864   0x00000030   Code   RO         9232    .text               mf_w.l(cdcmple.o)
    0x08000894   0x08000894   0x00000024   Code   RO         9234    .text               mc_w.l(init.o)
    0x080008b8   0x080008b8   0x000000a2   Code   RO         9236    .text               mf_w.l(dsqrt.o)
    0x0800095a   0x0800095a   0x00000056   Code   RO         9248    .text               mc_w.l(__dczerorl2.o)
    0x080009b0   0x080009b0   0x00000002   Code   RO          477    i.ADC_Init          drv_adda.o
    0x080009b2   0x080009b2   0x00000002   PAD
    0x080009b4   0x080009b4   0x00000128   Code   RO         4018    i.ADC_Init          stm32f4xx_hal_adc.o
    0x08000adc   0x08000adc   0x0000045c   Code   RO          662    i.BMI_Get_EulerAngle  bmi.o
    0x08000f38   0x08000f38   0x0000004e   Code   RO          663    i.BMI_Get_GRO       bmi.o
    0x08000f86   0x08000f86   0x00000048   Code   RO          664    i.BMI_Get_RawData   bmi.o
    0x08000fce   0x08000fce   0x00000002   PAD
    0x08000fd0   0x08000fd0   0x0000006c   Code   RO          665    i.BMI_Init          bmi.o
    0x0800103c   0x0800103c   0x00000008   Code   RO         3285    i.BMI_Task          freertos.o
    0x08001044   0x08001044   0x00000002   Code   RO         3640    i.BusFault_Handler  stm32f4xx_it.o
    0x08001046   0x08001046   0x00000002   PAD
    0x08001048   0x08001048   0x00000028   Code   RO          149    i.CAN1_Init         drv_can.o
    0x08001070   0x08001070   0x0000000c   Code   RO         3641    i.CAN1_RX0_IRQHandler  stm32f4xx_it.o
    0x0800107c   0x0800107c   0x00000028   Code   RO          151    i.CAN2_Init         drv_can.o
    0x080010a4   0x080010a4   0x0000000c   Code   RO         3642    i.CAN2_RX0_IRQHandler  stm32f4xx_it.o
    0x080010b0   0x080010b0   0x00000006   Code   RO         2982    i.CAN_01_GetMotorAngle  rm_protocol.o
    0x080010b6   0x080010b6   0x00000008   Code   RO         2983    i.CAN_23_GetMotorSpeed  rm_protocol.o
    0x080010be   0x080010be   0x00000008   Code   RO         2985    i.CAN_45_GetMotorCurrent  rm_protocol.o
    0x080010c6   0x080010c6   0x00000004   Code   RO         2987    i.CAN_6_GetMotorTemperature  rm_protocol.o
    0x080010ca   0x080010ca   0x0000000c   Code   RO         2918    i.CAN_AddByte       can_protocol.o
    0x080010d6   0x080010d6   0x00000016   Code   RO         2919    i.CAN_AddHalfWord   can_protocol.o
    0x080010ec   0x080010ec   0x00000004   Code   RO         2920    i.CAN_AddMsg        can_protocol.o
    0x080010f0   0x080010f0   0x00000068   Code   RO          153    i.CAN_AddMsgByDriver  drv_can.o
    0x08001158   0x08001158   0x00000022   Code   RO         2921    i.CAN_AddWord       can_protocol.o
    0x0800117a   0x0800117a   0x00000002   PAD
    0x0800117c   0x0800117c   0x0000004c   Code   RO          154    i.CAN_AutoTx        drv_can.o
    0x080011c8   0x080011c8   0x00000086   Code   RO          155    i.CAN_CreateTxPort  drv_can.o
    0x0800124e   0x0800124e   0x0000001a   Code   RO          156    i.CAN_Filter_ParamsInit  drv_can.o
    0x08001268   0x08001268   0x00000040   Code   RO          157    i.CAN_MailboxReadyForTx  drv_can.o
    0x080012a8   0x080012a8   0x00000004   Code   RO         2922    i.CAN_ManualTx      can_protocol.o
    0x080012ac   0x080012ac   0x0000002e   Code   RO          158    i.CAN_PopWaitTxPort  drv_can.o
    0x080012da   0x080012da   0x0000001e   Code   RO          159    i.CAN_PushWaitTxPort  drv_can.o
    0x080012f8   0x080012f8   0x000000fc   Code   RO          160    i.CAN_Rx_Callback   drv_can.o
    0x080013f4   0x080013f4   0x00000044   Code   RO          161    i.CAN_StartTxByDriver  drv_can.o
    0x08001438   0x08001438   0x00000064   Code   RO          162    i.CAN_StartTxByTxPort  drv_can.o
    0x0800149c   0x0800149c   0x00000008   Code   RO         3286    i.CAR_MODE_Task     freertos.o
    0x080014a4   0x080014a4   0x0000000e   Code   RO         2260    i.CHASSIS_Ctrl      chassis.o
    0x080014b2   0x080014b2   0x0000000e   Code   RO         2261    i.CHASSIS_GetInfo   chassis.o
    0x080014c0   0x080014c0   0x00000018   Code   RO         2263    i.CHASSIS_GetSysInfo  chassis.o
    0x080014d8   0x080014d8   0x00000048   Code   RO         2264    i.CHASSIS_Init      chassis.o
    0x08001520   0x08001520   0x00000078   Code   RO         2266    i.CHASSIS_PidCtrl   chassis.o
    0x08001598   0x08001598   0x00000040   Code   RO         2267    i.CHASSIS_PidParamsInit  chassis.o
    0x080015d8   0x080015d8   0x00000058   Code   RO         2269    i.CHASSIS_SelfProtect  chassis.o
    0x08001630   0x08001630   0x0000002a   Code   RO         2270    i.CHASSIS_Speed_PidCalc  chassis.o
    0x0800165a   0x0800165a   0x00000002   Code   RO         2271    i.CHASSIS_Test      chassis.o
    0x0800165c   0x0800165c   0x00000058   Code   RO         2272    i.CHASSIS_UpdateController  chassis.o
    0x080016b4   0x080016b4   0x0000000c   Code   RO          478    i.DAC_Init          drv_adda.o
    0x080016c0   0x080016c0   0x00000002   Code   RO         8963    i.DATA_UPDATE       my_shoot.o
    0x080016c2   0x080016c2   0x00000002   PAD
    0x080016c4   0x080016c4   0x0000000c   Code   RO         3643    i.DMA1_Stream0_IRQHandler  stm32f4xx_it.o
    0x080016d0   0x080016d0   0x0000000c   Code   RO         3644    i.DMA1_Stream2_IRQHandler  stm32f4xx_it.o
    0x080016dc   0x080016dc   0x0000000c   Code   RO         3645    i.DMA1_Stream5_IRQHandler  stm32f4xx_it.o
    0x080016e8   0x080016e8   0x0000000c   Code   RO         3646    i.DMA2_Stream2_IRQHandler  stm32f4xx_it.o
    0x080016f4   0x080016f4   0x00000244   Code   RO          365    i.DMAEx_MultiBufferStart_NoIT  drv_uart.o
    0x08001938   0x08001938   0x00000028   Code   RO         4752    i.DMA_CalcBaseAndBitshift  stm32f4xx_hal_dma.o
    0x08001960   0x08001960   0x00000054   Code   RO         4753    i.DMA_CheckFifoParam  stm32f4xx_hal_dma.o
    0x080019b4   0x080019b4   0x00000062   Code   RO          366    i.DMA_Start         drv_uart.o
    0x08001a16   0x08001a16   0x00000002   PAD
    0x08001a18   0x08001a18   0x00000044   Code   RO         8964    i.DONE_CHECK        my_shoot.o
    0x08001a5c   0x08001a5c   0x0000002a   Code   RO          560    i.DRIVER_Init       driver.o
    0x08001a86   0x08001a86   0x00000014   Code   RO          367    i.DRV_UART_IRQHandler  drv_uart.o
    0x08001a9a   0x08001a9a   0x00000002   Code   RO         3647    i.DebugMon_Handler  stm32f4xx_it.o
    0x08001a9c   0x08001a9c   0x00000002   Code   RO         3111    i.Error_Handler     main.o
    0x08001a9e   0x08001a9e   0x00000002   PAD
    0x08001aa0   0x08001aa0   0x00000018   Code   RO          328    i.FRICTION_PwmOut   drv_tim.o
    0x08001ab8   0x08001ab8   0x00000088   Code   RO         3287    i.GIM_Task          freertos.o
    0x08001b40   0x08001b40   0x0000014c   Code   RO         4020    i.HAL_ADC_ConfigChannel  stm32f4xx_hal_adc.o
    0x08001c8c   0x08001c8c   0x00000054   Code   RO         4029    i.HAL_ADC_Init      stm32f4xx_hal_adc.o
    0x08001ce0   0x08001ce0   0x00000060   Code   RO         3370    i.HAL_ADC_MspInit   adc.o
    0x08001d40   0x08001d40   0x00000024   Code   RO         5426    i.HAL_CAN_ActivateNotification  stm32f4xx_hal_can.o
    0x08001d64   0x08001d64   0x000000dc   Code   RO         5427    i.HAL_CAN_AddTxMessage  stm32f4xx_hal_can.o
    0x08001e40   0x08001e40   0x0000010c   Code   RO         5428    i.HAL_CAN_ConfigFilter  stm32f4xx_hal_can.o
    0x08001f4c   0x08001f4c   0x00000002   Code   RO         5431    i.HAL_CAN_ErrorCallback  stm32f4xx_hal_can.o
    0x08001f4e   0x08001f4e   0x000000e8   Code   RO         5434    i.HAL_CAN_GetRxMessage  stm32f4xx_hal_can.o
    0x08002036   0x08002036   0x000001fc   Code   RO         5438    i.HAL_CAN_IRQHandler  stm32f4xx_hal_can.o
    0x08002232   0x08002232   0x0000011a   Code   RO         5439    i.HAL_CAN_Init      stm32f4xx_hal_can.o
    0x0800234c   0x0800234c   0x000000fc   Code   RO         3412    i.HAL_CAN_MspInit   can.o
    0x08002448   0x08002448   0x00000002   Code   RO         5446    i.HAL_CAN_RxFifo0FullCallback  stm32f4xx_hal_can.o
    0x0800244a   0x0800244a   0x00000004   Code   RO          163    i.HAL_CAN_RxFifo0MsgPendingCallback  drv_can.o
    0x0800244e   0x0800244e   0x00000002   Code   RO         5448    i.HAL_CAN_RxFifo1FullCallback  stm32f4xx_hal_can.o
    0x08002450   0x08002450   0x00000002   Code   RO         5449    i.HAL_CAN_RxFifo1MsgPendingCallback  stm32f4xx_hal_can.o
    0x08002452   0x08002452   0x00000002   Code   RO         5450    i.HAL_CAN_SleepCallback  stm32f4xx_hal_can.o
    0x08002454   0x08002454   0x00000058   Code   RO         5451    i.HAL_CAN_Start     stm32f4xx_hal_can.o
    0x080024ac   0x080024ac   0x00000002   Code   RO         5453    i.HAL_CAN_TxMailbox0AbortCallback  stm32f4xx_hal_can.o
    0x080024ae   0x080024ae   0x00000002   Code   RO         5454    i.HAL_CAN_TxMailbox0CompleteCallback  stm32f4xx_hal_can.o
    0x080024b0   0x080024b0   0x00000002   Code   RO         5455    i.HAL_CAN_TxMailbox1AbortCallback  stm32f4xx_hal_can.o
    0x080024b2   0x080024b2   0x00000002   Code   RO         5456    i.HAL_CAN_TxMailbox1CompleteCallback  stm32f4xx_hal_can.o
    0x080024b4   0x080024b4   0x00000002   Code   RO         5457    i.HAL_CAN_TxMailbox2AbortCallback  stm32f4xx_hal_can.o
    0x080024b6   0x080024b6   0x00000002   Code   RO         5458    i.HAL_CAN_TxMailbox2CompleteCallback  stm32f4xx_hal_can.o
    0x080024b8   0x080024b8   0x00000002   Code   RO         5460    i.HAL_CAN_WakeUpFromRxMsgCallback  stm32f4xx_hal_can.o
    0x080024ba   0x080024ba   0x00000046   Code   RO         5662    i.HAL_DAC_ConfigChannel  stm32f4xx_hal_dac.o
    0x08002500   0x08002500   0x00000028   Code   RO         5672    i.HAL_DAC_Init      stm32f4xx_hal_dac.o
    0x08002528   0x08002528   0x00000060   Code   RO         3461    i.HAL_DAC_MspInit   dac.o
    0x08002588   0x08002588   0x0000005c   Code   RO         5676    i.HAL_DAC_Start     stm32f4xx_hal_dac.o
    0x080025e4   0x080025e4   0x00000092   Code   RO         4755    i.HAL_DMA_Abort     stm32f4xx_hal_dma.o
    0x08002676   0x08002676   0x00000024   Code   RO         4756    i.HAL_DMA_Abort_IT  stm32f4xx_hal_dma.o
    0x0800269a   0x0800269a   0x00000002   PAD
    0x0800269c   0x0800269c   0x000001a0   Code   RO         4760    i.HAL_DMA_IRQHandler  stm32f4xx_hal_dma.o
    0x0800283c   0x0800283c   0x000000d4   Code   RO         4761    i.HAL_DMA_Init      stm32f4xx_hal_dma.o
    0x08002910   0x08002910   0x000001f0   Code   RO         4648    i.HAL_GPIO_Init     stm32f4xx_hal_gpio.o
    0x08002b00   0x08002b00   0x00000010   Code   RO         4651    i.HAL_GPIO_TogglePin  stm32f4xx_hal_gpio.o
    0x08002b10   0x08002b10   0x0000000a   Code   RO         4652    i.HAL_GPIO_WritePin  stm32f4xx_hal_gpio.o
    0x08002b1a   0x08002b1a   0x00000002   PAD
    0x08002b1c   0x08002b1c   0x0000000c   Code   RO         5180    i.HAL_GetTick       stm32f4xx_hal.o
    0x08002b28   0x08002b28   0x00000034   Code   RO          516    i.HAL_IncTick       drv_haltick.o
    0x08002b5c   0x08002b5c   0x00000034   Code   RO         5187    i.HAL_Init          stm32f4xx_hal.o
    0x08002b90   0x08002b90   0x00000098   Code   RO         3788    i.HAL_InitTick      stm32f4xx_hal_timebase_tim.o
    0x08002c28   0x08002c28   0x00000038   Code   RO         3764    i.HAL_MspInit       stm32f4xx_hal_msp.o
    0x08002c60   0x08002c60   0x0000001a   Code   RO         5037    i.HAL_NVIC_EnableIRQ  stm32f4xx_hal_cortex.o
    0x08002c7a   0x08002c7a   0x00000002   PAD
    0x08002c7c   0x08002c7c   0x00000040   Code   RO         5043    i.HAL_NVIC_SetPriority  stm32f4xx_hal_cortex.o
    0x08002cbc   0x08002cbc   0x00000024   Code   RO         5044    i.HAL_NVIC_SetPriorityGrouping  stm32f4xx_hal_cortex.o
    0x08002ce0   0x08002ce0   0x00000134   Code   RO         4294    i.HAL_RCC_ClockConfig  stm32f4xx_hal_rcc.o
    0x08002e14   0x08002e14   0x00000040   Code   RO         4298    i.HAL_RCC_GetClockConfig  stm32f4xx_hal_rcc.o
    0x08002e54   0x08002e54   0x00000020   Code   RO         4301    i.HAL_RCC_GetPCLK1Freq  stm32f4xx_hal_rcc.o
    0x08002e74   0x08002e74   0x00000020   Code   RO         4302    i.HAL_RCC_GetPCLK2Freq  stm32f4xx_hal_rcc.o
    0x08002e94   0x08002e94   0x00000064   Code   RO         4303    i.HAL_RCC_GetSysClockFreq  stm32f4xx_hal_rcc.o
    0x08002ef8   0x08002ef8   0x0000036c   Code   RO         4306    i.HAL_RCC_OscConfig  stm32f4xx_hal_rcc.o
    0x08003264   0x08003264   0x00000002   Code   RO         6605    i.HAL_TIMEx_BreakCallback  stm32f4xx_hal_tim_ex.o
    0x08003266   0x08003266   0x00000002   Code   RO         6606    i.HAL_TIMEx_CommutCallback  stm32f4xx_hal_tim_ex.o
    0x08003268   0x08003268   0x00000054   Code   RO         6608    i.HAL_TIMEx_ConfigBreakDeadTime  stm32f4xx_hal_tim_ex.o
    0x080032bc   0x080032bc   0x00000090   Code   RO         6624    i.HAL_TIMEx_MasterConfigSynchronization  stm32f4xx_hal_tim_ex.o
    0x0800334c   0x0800334c   0x0000005a   Code   RO         5901    i.HAL_TIM_Base_Init  stm32f4xx_hal_tim.o
    0x080033a6   0x080033a6   0x00000002   PAD
    0x080033a8   0x080033a8   0x00000044   Code   RO         3527    i.HAL_TIM_Base_MspInit  tim.o
    0x080033ec   0x080033ec   0x00000080   Code   RO         5906    i.HAL_TIM_Base_Start_IT  stm32f4xx_hal_tim.o
    0x0800346c   0x0800346c   0x000000dc   Code   RO         5910    i.HAL_TIM_ConfigClockSource  stm32f4xx_hal_tim.o
    0x08003548   0x08003548   0x00000002   Code   RO         5935    i.HAL_TIM_IC_CaptureCallback  stm32f4xx_hal_tim.o
    0x0800354a   0x0800354a   0x00000166   Code   RO         5949    i.HAL_TIM_IRQHandler  stm32f4xx_hal_tim.o
    0x080036b0   0x080036b0   0x00000084   Code   RO         3528    i.HAL_TIM_MspPostInit  tim.o
    0x08003734   0x08003734   0x00000002   Code   RO         5952    i.HAL_TIM_OC_DelayElapsedCallback  stm32f4xx_hal_tim.o
    0x08003736   0x08003736   0x000000cc   Code   RO         5973    i.HAL_TIM_PWM_ConfigChannel  stm32f4xx_hal_tim.o
    0x08003802   0x08003802   0x0000005a   Code   RO         5976    i.HAL_TIM_PWM_Init  stm32f4xx_hal_tim.o
    0x0800385c   0x0800385c   0x00000002   Code   RO         5978    i.HAL_TIM_PWM_MspInit  stm32f4xx_hal_tim.o
    0x0800385e   0x0800385e   0x00000002   Code   RO         5979    i.HAL_TIM_PWM_PulseFinishedCallback  stm32f4xx_hal_tim.o
    0x08003860   0x08003860   0x000000c8   Code   RO         5981    i.HAL_TIM_PWM_Start  stm32f4xx_hal_tim.o
    0x08003928   0x08003928   0x0000000e   Code   RO         3112    i.HAL_TIM_PeriodElapsedCallback  main.o
    0x08003936   0x08003936   0x00000002   Code   RO         5992    i.HAL_TIM_TriggerCallback  stm32f4xx_hal_tim.o
    0x08003938   0x08003938   0x00000002   Code   RO         6883    i.HAL_UARTEx_RxEventCallback  stm32f4xx_hal_uart.o
    0x0800393a   0x0800393a   0x00000002   Code   RO         6897    i.HAL_UART_ErrorCallback  stm32f4xx_hal_uart.o
    0x0800393c   0x0800393c   0x00000268   Code   RO         6900    i.HAL_UART_IRQHandler  stm32f4xx_hal_uart.o
    0x08003ba4   0x08003ba4   0x00000062   Code   RO         6901    i.HAL_UART_Init     stm32f4xx_hal_uart.o
    0x08003c06   0x08003c06   0x00000002   PAD
    0x08003c08   0x08003c08   0x000002f4   Code   RO         3581    i.HAL_UART_MspInit  usart.o
    0x08003efc   0x08003efc   0x00000002   Code   RO         6907    i.HAL_UART_RxCpltCallback  stm32f4xx_hal_uart.o
    0x08003efe   0x08003efe   0x00000002   Code   RO         6912    i.HAL_UART_TxCpltCallback  stm32f4xx_hal_uart.o
    0x08003f00   0x08003f00   0x00000002   Code   RO         3648    i.HardFault_Handler  stm32f4xx_it.o
    0x08003f02   0x08003f02   0x00000002   PAD
    0x08003f04   0x08003f04   0x00000040   Code   RO          591    i.IIC_Ack           soft_iic.o
    0x08003f44   0x08003f44   0x00000040   Code   RO          592    i.IIC_NAck          soft_iic.o
    0x08003f84   0x08003f84   0x00000068   Code   RO          593    i.IIC_Read_Byte     soft_iic.o
    0x08003fec   0x08003fec   0x00000060   Code   RO          594    i.IIC_Send_Byte     soft_iic.o
    0x0800404c   0x0800404c   0x00000040   Code   RO          595    i.IIC_Start         soft_iic.o
    0x0800408c   0x0800408c   0x00000044   Code   RO          596    i.IIC_Stop          soft_iic.o
    0x080040d0   0x080040d0   0x00000054   Code   RO          597    i.IIC_Wait_Ack      soft_iic.o
    0x08004124   0x08004124   0x00000010   Code   RO         3288    i.KAL_Task          freertos.o
    0x08004134   0x08004134   0x00000012   Code   RO         2765    i.Low_Pass_Fliter   rp_math.o
    0x08004146   0x08004146   0x00000002   PAD
    0x08004148   0x08004148   0x00000064   Code   RO         8931    i.MODE_CHECK        car.o
    0x080041ac   0x080041ac   0x000000e8   Code   RO         8965    i.MODE_UPDATE       my_shoot.o
    0x08004294   0x08004294   0x00000174   Code   RO         3289    i.MONITOR_MOTOR_Task  freertos.o
    0x08004408   0x08004408   0x00000094   Code   RO         8616    i.MOTOR_2006_GET_DATA  2006_motor.o
    0x0800449c   0x0800449c   0x00000030   Code   RO         8617    i.MOTOR_2006_INIT   2006_motor.o
    0x080044cc   0x080044cc   0x00000050   Code   RO         8530    i.MOTOR_3508_CAN2_SENT_DATA  3508_motor.o
    0x0800451c   0x0800451c   0x00000074   Code   RO         8531    i.MOTOR_3508_GET_DATA1  3508_motor.o
    0x08004590   0x08004590   0x00000074   Code   RO         8532    i.MOTOR_3508_GET_DATA2  3508_motor.o
    0x08004604   0x08004604   0x00000024   Code   RO         8533    i.MOTOR_3508_INIT   3508_motor.o
    0x08004628   0x08004628   0x00000050   Code   RO         8579    i.MOTOR_6020_GET_DATA  6020_motor.o
    0x08004678   0x08004678   0x00000024   Code   RO         8580    i.MOTOR_6020_INIT   6020_motor.o
    0x0800469c   0x0800469c   0x0000004c   Code   RO         1881    i.MPU_Read_Byte     bmi2_common.o
    0x080046e8   0x080046e8   0x00000060   Code   RO         1882    i.MPU_Read_all      bmi2_common.o
    0x08004748   0x08004748   0x00000064   Code   RO         3371    i.MX_ADC1_Init      adc.o
    0x080047ac   0x080047ac   0x00000048   Code   RO         3413    i.MX_CAN1_Init      can.o
    0x080047f4   0x080047f4   0x00000048   Code   RO         3414    i.MX_CAN2_Init      can.o
    0x0800483c   0x0800483c   0x0000003c   Code   RO         3462    i.MX_DAC_Init       dac.o
    0x08004878   0x08004878   0x0000006c   Code   RO         3502    i.MX_DMA_Init       dma.o
    0x080048e4   0x080048e4   0x0000015c   Code   RO         3290    i.MX_FREERTOS_Init  freertos.o
    0x08004a40   0x08004a40   0x00000130   Code   RO         3261    i.MX_GPIO_Init      gpio.o
    0x08004b70   0x08004b70   0x000000cc   Code   RO         3529    i.MX_TIM1_Init      tim.o
    0x08004c3c   0x08004c3c   0x000000a8   Code   RO         3530    i.MX_TIM3_Init      tim.o
    0x08004ce4   0x08004ce4   0x00000038   Code   RO         3582    i.MX_UART4_Init     usart.o
    0x08004d1c   0x08004d1c   0x00000038   Code   RO         3583    i.MX_UART5_Init     usart.o
    0x08004d54   0x08004d54   0x00000038   Code   RO         3584    i.MX_USART1_UART_Init  usart.o
    0x08004d8c   0x08004d8c   0x0000003c   Code   RO         3585    i.MX_USART2_UART_Init  usart.o
    0x08004dc8   0x08004dc8   0x00000002   Code   RO         3649    i.MemManage_Handler  stm32f4xx_it.o
    0x08004dca   0x08004dca   0x00000002   Code   RO         3650    i.NMI_Handler       stm32f4xx_it.o
    0x08004dcc   0x08004dcc   0x00000128   Code   RO         3291    i.PID_Task          freertos.o
    0x08004ef4   0x08004ef4   0x00000018   Code   RO         8652    i.PID_struct_init   dji_pid.o
    0x08004f0c   0x08004f0c   0x00000038   Code   RO          329    i.PWM_Init          drv_tim.o
    0x08004f44   0x08004f44   0x0000003a   Code   RO         2063    i.RC_ResetData      rc_sensor.o
    0x08004f7e   0x08004f7e   0x0000000a   Code   RO         2995    i.RM3508_GetDataId  rm_protocol.o
    0x08004f88   0x08004f88   0x00000016   Code   RO         2996    i.RM3508_GetTxId    rm_protocol.o
    0x08004f9e   0x08004f9e   0x00000002   Code   RO         8966    i.SHE_JI            my_shoot.o
    0x08004fa0   0x08004fa0   0x000000ec   Code   RO         8967    i.SHOOR_WORK        my_shoot.o
    0x0800508c   0x0800508c   0x00000148   Code   RO         8968    i.SHOOT_INIT        my_shoot.o
    0x080051d4   0x080051d4   0x00000054   Code   RO          666    i.Set_accel         bmi.o
    0x08005228   0x08005228   0x00000058   Code   RO          667    i.Set_gyro          bmi.o
    0x08005280   0x08005280   0x00000024   Code   RO         2558    i.StartControlTask  control_task.o
    0x080052a4   0x080052a4   0x00000084   Code   RO         2518    i.StartMonitorTask  monitor_task.o
    0x08005328   0x08005328   0x0000003c   Code   RO         2589    i.StartSendTask     send_task.o
    0x08005364   0x08005364   0x0000005c   Code   RO         2473    i.StartSystemTask   system_task.o
    0x080053c0   0x080053c0   0x0000002c   Code   RO         8450    i.SysTick_Handler   port.o
    0x080053ec   0x080053ec   0x00000088   Code   RO         3113    i.SystemClock_Config  main.o
    0x08005474   0x08005474   0x0000001c   Code   RO         3978    i.SystemInit        system_stm32f4xx.o
    0x08005490   0x08005490   0x0000000c   Code   RO         3651    i.TIM2_IRQHandler   stm32f4xx_it.o
    0x0800549c   0x0800549c   0x000000c8   Code   RO         5994    i.TIM_Base_SetConfig  stm32f4xx_hal_tim.o
    0x08005564   0x08005564   0x0000001a   Code   RO         5995    i.TIM_CCxChannelCmd  stm32f4xx_hal_tim.o
    0x0800557e   0x0800557e   0x00000014   Code   RO         6005    i.TIM_ETR_SetConfig  stm32f4xx_hal_tim.o
    0x08005592   0x08005592   0x00000010   Code   RO         6006    i.TIM_ITRx_SetConfig  stm32f4xx_hal_tim.o
    0x080055a2   0x080055a2   0x00000002   PAD
    0x080055a4   0x080055a4   0x00000060   Code   RO         6007    i.TIM_OC1_SetConfig  stm32f4xx_hal_tim.o
    0x08005604   0x08005604   0x0000006c   Code   RO         6008    i.TIM_OC2_SetConfig  stm32f4xx_hal_tim.o
    0x08005670   0x08005670   0x00000068   Code   RO         6009    i.TIM_OC3_SetConfig  stm32f4xx_hal_tim.o
    0x080056d8   0x080056d8   0x00000050   Code   RO         6010    i.TIM_OC4_SetConfig  stm32f4xx_hal_tim.o
    0x08005728   0x08005728   0x00000022   Code   RO         6012    i.TIM_TI1_ConfigInputStage  stm32f4xx_hal_tim.o
    0x0800574a   0x0800574a   0x00000024   Code   RO         6014    i.TIM_TI2_ConfigInputStage  stm32f4xx_hal_tim.o
    0x0800576e   0x0800576e   0x00000002   PAD
    0x08005770   0x08005770   0x00000018   Code   RO         3652    i.UART4_IRQHandler  stm32f4xx_it.o
    0x08005788   0x08005788   0x00000018   Code   RO         3653    i.UART5_IRQHandler  stm32f4xx_it.o
    0x080057a0   0x080057a0   0x00000010   Code   RO         6914    i.UART_DMAAbortOnError  stm32f4xx_hal_uart.o
    0x080057b0   0x080057b0   0x0000004e   Code   RO         6924    i.UART_EndRxTransfer  stm32f4xx_hal_uart.o
    0x080057fe   0x080057fe   0x000000c0   Code   RO         6926    i.UART_Receive_IT   stm32f4xx_hal_uart.o
    0x080058be   0x080058be   0x00000002   PAD
    0x080058c0   0x080058c0   0x0000010c   Code   RO         6927    i.UART_SetConfig    stm32f4xx_hal_uart.o
    0x080059cc   0x080059cc   0x00000018   Code   RO         3654    i.USART1_IRQHandler  stm32f4xx_it.o
    0x080059e4   0x080059e4   0x00000038   Code   RO          368    i.USART1_Init       drv_uart.o
    0x08005a1c   0x08005a1c   0x00000018   Code   RO         3655    i.USART2_IRQHandler  stm32f4xx_it.o
    0x08005a34   0x08005a34   0x0000003c   Code   RO          370    i.USART2_Init       drv_uart.o
    0x08005a70   0x08005a70   0x0000001c   Code   RO         2841    i.USART2_rxDataHandler  rc_protocol.o
    0x08005a8c   0x08005a8c   0x00000038   Code   RO          372    i.USART4_Init       drv_uart.o
    0x08005ac4   0x08005ac4   0x00000002   Code   RO          373    i.USART4_rxDataHandler  drv_uart.o
    0x08005ac6   0x08005ac6   0x00000002   PAD
    0x08005ac8   0x08005ac8   0x00000038   Code   RO          374    i.USART5_Init       drv_uart.o
    0x08005b00   0x08005b00   0x00000002   Code   RO          375    i.USART5_rxDataHandler  drv_uart.o
    0x08005b02   0x08005b02   0x00000002   Code   RO         3656    i.UsageFault_Handler  stm32f4xx_it.o
    0x08005b04   0x08005b04   0x00000030   Code   RO         9164    i.__ARM_fpclassify  m_wm.l(fpclassify.o)
    0x08005b34   0x08005b34   0x00000020   Code   RO         5050    i.__NVIC_SetPriority  stm32f4xx_hal_cortex.o
    0x08005b54   0x08005b54   0x00000024   Code   RO         2474    i.__NVIC_SystemReset  system_task.o
    0x08005b78   0x08005b78   0x00000360   Code   RO         9024    i.__hardfp_asin     m_wm.l(asin.o)
    0x08005ed8   0x08005ed8   0x000002d8   Code   RO         9127    i.__hardfp_atan     m_wm.l(atan.o)
    0x080061b0   0x080061b0   0x00000200   Code   RO         9038    i.__hardfp_atan2    m_wm.l(atan2.o)
    0x080063b0   0x080063b0   0x000000f8   Code   RO         9166    i.__kernel_poly     m_wm.l(poly.o)
    0x080064a8   0x080064a8   0x00000014   Code   RO         9145    i.__mathlib_dbl_infnan  m_wm.l(dunder.o)
    0x080064bc   0x080064bc   0x00000014   Code   RO         9146    i.__mathlib_dbl_infnan2  m_wm.l(dunder.o)
    0x080064d0   0x080064d0   0x00000020   Code   RO         9147    i.__mathlib_dbl_invalid  m_wm.l(dunder.o)
    0x080064f0   0x080064f0   0x00000020   Code   RO         9150    i.__mathlib_dbl_underflow  m_wm.l(dunder.o)
    0x08006510   0x08006510   0x0000000e   Code   RO         9242    i.__scatterload_copy  mc_w.l(handlers.o)
    0x0800651e   0x0800651e   0x00000002   Code   RO         9243    i.__scatterload_null  mc_w.l(handlers.o)
    0x08006520   0x08006520   0x0000000e   Code   RO         9244    i.__scatterload_zeroinit  mc_w.l(handlers.o)
    0x0800652e   0x0800652e   0x00000002   PAD
    0x08006530   0x08006530   0x0000000c   Code   RO         9218    i.__set_errno       mc_w.l(errno.o)
    0x0800653c   0x0800653c   0x0000002a   Code   RO         8653    i.abs_limit         dji_pid.o
    0x08006566   0x08006566   0x00000010   Code   RO         9129    i.atan              m_wm.l(atan.o)
    0x08006576   0x08006576   0x00000002   PAD
    0x08006578   0x08006578   0x00000078   Code   RO         2033    i.bmi270_init       bmi270.o
    0x080065f0   0x080065f0   0x00000002   Code   RO         1884    i.bmi2_error_codes_print_result  bmi2_common.o
    0x080065f2   0x080065f2   0x00000036   Code   RO          788    i.bmi2_extract_input_feat_config  bmi2.o
    0x08006628   0x08006628   0x000000a0   Code   RO          793    i.bmi2_get_feat_config  bmi2.o
    0x080066c8   0x080066c8   0x0000003c   Code   RO          800    i.bmi2_get_gyro_cross_sense  bmi2.o
    0x08006704   0x08006704   0x00000030   Code   RO          803    i.bmi2_get_internal_status  bmi2.o
    0x08006734   0x08006734   0x00000092   Code   RO          804    i.bmi2_get_regs     bmi2.o
    0x080067c6   0x080067c6   0x00000002   PAD
    0x080067c8   0x080067c8   0x0000023a   Code   RO          806    i.bmi2_get_sensor_config  bmi2.o
    0x08006a02   0x08006a02   0x000002de   Code   RO          807    i.bmi2_get_sensor_data  bmi2.o
    0x08006ce0   0x08006ce0   0x00000026   Code   RO          808    i.bmi2_get_status   bmi2.o
    0x08006d06   0x08006d06   0x00000002   PAD
    0x08006d08   0x08006d08   0x00000040   Code   RO         1885    i.bmi2_interface_selection  bmi2_common.o
    0x08006d48   0x08006d48   0x00000076   Code   RO          809    i.bmi2_map_data_int  bmi2.o
    0x08006dbe   0x08006dbe   0x00000002   PAD
    0x08006dc0   0x08006dc0   0x00000064   Code   RO          819    i.bmi2_sec_init     bmi2.o
    0x08006e24   0x08006e24   0x00000038   Code   RO          821    i.bmi2_sensor_enable  bmi2.o
    0x08006e5c   0x08006e5c   0x00000062   Code   RO          823    i.bmi2_set_adv_power_save  bmi2.o
    0x08006ebe   0x08006ebe   0x00000002   PAD
    0x08006ec0   0x08006ec0   0x0000009c   Code   RO          833    i.bmi2_set_regs     bmi2.o
    0x08006f5c   0x08006f5c   0x000001e6   Code   RO          835    i.bmi2_set_sensor_config  bmi2.o
    0x08007142   0x08007142   0x00000060   Code   RO          836    i.bmi2_soft_reset   bmi2.o
    0x080071a2   0x080071a2   0x00000056   Code   RO          840    i.bmi2_write_config_file  bmi2.o
    0x080071f8   0x080071f8   0x0000003e   Code   RO          843    i.cfg_error_status  bmi2.o
    0x08007236   0x08007236   0x00000012   Code   RO         2368    i.chassis_info_init  my_chassis.o
    0x08007248   0x08007248   0x00000108   Code   RO         2369    i.chassis_init      my_chassis.o
    0x08007350   0x08007350   0x00000048   Code   RO         2174    i.chassis_motor_check  chassis_motor.o
    0x08007398   0x08007398   0x00000022   Code   RO         2175    i.chassis_motor_heart_beat  chassis_motor.o
    0x080073ba   0x080073ba   0x0000003c   Code   RO         2176    i.chassis_motor_init  chassis_motor.o
    0x080073f6   0x080073f6   0x0000002c   Code   RO         2177    i.chassis_motor_update  chassis_motor.o
    0x08007422   0x08007422   0x00000030   Code   RO          844    i.check_boundary_val  bmi2.o
    0x08007452   0x08007452   0x0000001a   Code   RO          846    i.comp_gyro_cross_axis_sensitivity  bmi2.o
    0x0800746c   0x0800746c   0x000000dc   Code   RO          847    i.config_aux_interface  bmi2.o
    0x08007548   0x08007548   0x00000018   Code   RO          518    i.delay_us          drv_haltick.o
    0x08007560   0x08007560   0x00000030   Code   RO          376    i.dma_m0_rxcplt_callback  drv_uart.o
    0x08007590   0x08007590   0x00000030   Code   RO          377    i.dma_m1_rxcplt_callback  drv_uart.o
    0x080075c0   0x080075c0   0x00000058   Code   RO         2519    i.event_notify      monitor_task.o
    0x08007618   0x08007618   0x00000036   Code   RO          854    i.extract_output_feat_config  bmi2.o
    0x0800764e   0x0800764e   0x00000018   Code   RO         9160    i.fabs              m_wm.l(fabs.o)
    0x08007666   0x08007666   0x00000002   PAD
    0x08007668   0x08007668   0x00000050   Code   RO         9087    i.free              mc_w.l(malloc.o)
    0x080076b8   0x080076b8   0x00000020   Code   RO          855    i.get_acc_gyr_data  bmi2.o
    0x080076d8   0x080076d8   0x0000004e   Code   RO          856    i.get_accel_config  bmi2.o
    0x08007726   0x08007726   0x00000068   Code   RO          857    i.get_accel_self_test_status  bmi2.o
    0x0800778e   0x0800778e   0x0000008a   Code   RO          858    i.get_any_motion_config  bmi2.o
    0x08007818   0x08007818   0x000000aa   Code   RO          859    i.get_aux_config    bmi2.o
    0x080078c2   0x080078c2   0x00000058   Code   RO          861    i.get_ext_sens_sync_config  bmi2.o
    0x0800791a   0x0800791a   0x00000086   Code   RO          862    i.get_flat_config   bmi2.o
    0x080079a0   0x080079a0   0x00000082   Code   RO          863    i.get_free_fall_det_config  bmi2.o
    0x08007a22   0x08007a22   0x00000058   Code   RO          864    i.get_glance_detect_config  bmi2.o
    0x08007a7a   0x08007a7a   0x0000005e   Code   RO          865    i.get_gyro_config   bmi2.o
    0x08007ad8   0x08007ad8   0x00000072   Code   RO          866    i.get_gyro_cross_sense  bmi2.o
    0x08007b4a   0x08007b4a   0x0000008a   Code   RO          867    i.get_gyro_gain_update_config  bmi2.o
    0x08007bd4   0x08007bd4   0x00000068   Code   RO          868    i.get_gyro_gain_update_status  bmi2.o
    0x08007c3c   0x08007c3c   0x000000a4   Code   RO          869    i.get_high_g_config  bmi2.o
    0x08007ce0   0x08007ce0   0x00000092   Code   RO          870    i.get_low_g_config  bmi2.o
    0x08007d72   0x08007d72   0x0000008a   Code   RO          872    i.get_no_motion_config  bmi2.o
    0x08007dfc   0x08007dfc   0x00000076   Code   RO          873    i.get_nvm_error_status  bmi2.o
    0x08007e72   0x08007e72   0x000000b4   Code   RO          874    i.get_ois_output    bmi2.o
    0x08007f26   0x08007f26   0x0000008c   Code   RO          875    i.get_orient_config  bmi2.o
    0x08007fb2   0x08007fb2   0x00000056   Code   RO          878    i.get_remapped_data  bmi2.o
    0x08008008   0x08008008   0x000000be   Code   RO          879    i.get_sig_motion_config  bmi2.o
    0x080080c6   0x080080c6   0x0000008a   Code   RO          881    i.get_step_config   bmi2.o
    0x08008150   0x08008150   0x000000aa   Code   RO          882    i.get_step_count_params_config  bmi2.o
    0x080081fa   0x080081fa   0x0000006e   Code   RO          883    i.get_step_counter_output  bmi2.o
    0x08008268   0x08008268   0x00000058   Code   RO          884    i.get_tilt_config   bmi2.o
    0x080082c0   0x080082c0   0x00000058   Code   RO          885    i.get_up_hold_to_wake_config  bmi2.o
    0x08008318   0x08008318   0x0000007c   Code   RO          887    i.get_wake_up_config  bmi2.o
    0x08008394   0x08008394   0x00000076   Code   RO          888    i.get_wrist_gest_config  bmi2.o
    0x0800840a   0x0800840a   0x0000008a   Code   RO          889    i.get_wrist_gest_w_config  bmi2.o
    0x08008494   0x08008494   0x0000008e   Code   RO          890    i.get_wrist_wear_wake_up_config  bmi2.o
    0x08008522   0x08008522   0x0000009c   Code   RO          891    i.get_wrist_wear_wake_up_wh_config  bmi2.o
    0x080085be   0x080085be   0x00000012   Code   RO         8779    i.gimbal_info_init  my_gimbal.o
    0x080085d0   0x080085d0   0x00000128   Code   RO         8780    i.gimbal_init       my_gimbal.o
    0x080086f8   0x080086f8   0x00000044   Code   RO         2135    i.imu_sensor_check  imu_sensor.o
    0x0800873c   0x0800873c   0x00000006   Code   RO         2136    i.imu_sensor_heart_beat  imu_sensor.o
    0x08008742   0x08008742   0x00000002   PAD
    0x08008744   0x08008744   0x000000a0   Code   RO         2880    i.imu_sensor_init   imu_protocol.o
    0x080087e4   0x080087e4   0x0000005c   Code   RO         2881    i.imu_sensor_update  imu_protocol.o
    0x08008840   0x08008840   0x0000002c   Code   RO          668    i.inVSqrt           bmi.o
    0x0800886c   0x0800886c   0x00000026   Code   RO          669    i.lsb_to_dps        bmi.o
    0x08008892   0x08008892   0x00000002   PAD
    0x08008894   0x08008894   0x00000034   Code   RO          670    i.lsb_to_mps2       bmi.o
    0x080088c8   0x080088c8   0x00000080   Code   RO         3114    i.main              main.o
    0x08008948   0x08008948   0x0000000c   Code   RO         8015    i.makeFreeRtosPriority  cmsis_os.o
    0x08008954   0x08008954   0x0000006c   Code   RO         9088    i.malloc            mc_w.l(malloc.o)
    0x080089c0   0x080089c0   0x00000028   Code   RO          519    i.micros            drv_haltick.o
    0x080089e8   0x080089e8   0x000004a8   Code   RO          671    i.my_BMI_Get_EulerAngle  bmi.o
    0x08008e90   0x08008e90   0x00000018   Code   RO          893    i.null_ptr_check    bmi2.o
    0x08008ea8   0x08008ea8   0x0000000e   Code   RO         8017    i.osDelay           cmsis_os.o
    0x08008eb6   0x08008eb6   0x0000000a   Code   RO         8020    i.osKernelStart     cmsis_os.o
    0x08008ec0   0x08008ec0   0x00000054   Code   RO         8054    i.osThreadCreate    cmsis_os.o
    0x08008f14   0x08008f14   0x000001c4   Code   RO         8654    i.pid_calc          dji_pid.o
    0x080090d8   0x080090d8   0x0000000e   Code   RO         8656    i.pid_param_init    dji_pid.o
    0x080090e6   0x080090e6   0x00000006   Code   RO         8657    i.pid_reset         dji_pid.o
    0x080090ec   0x080090ec   0x00000028   Code   RO         2619    i.pid_val_init      pid.o
    0x08009114   0x08009114   0x00000070   Code   RO         7691    i.prvAddCurrentTaskToDelayedList  tasks.o
    0x08009184   0x08009184   0x000000d0   Code   RO         7692    i.prvAddNewTaskToReadyList  tasks.o
    0x08009254   0x08009254   0x00000034   Code   RO         7693    i.prvDeleteTCB      tasks.o
    0x08009288   0x08009288   0x0000004c   Code   RO         8382    i.prvHeapInit       heap_4.o
    0x080092d4   0x080092d4   0x00000060   Code   RO         7694    i.prvIdleTask       tasks.o
    0x08009334   0x08009334   0x00000098   Code   RO         7695    i.prvInitialiseNewTask  tasks.o
    0x080093cc   0x080093cc   0x0000004c   Code   RO         8383    i.prvInsertBlockIntoFreeList  heap_4.o
    0x08009418   0x08009418   0x00000020   Code   RO         7696    i.prvResetNextTaskUnblockTime  tasks.o
    0x08009438   0x08009438   0x00000028   Code   RO         8451    i.prvTaskExitError  port.o
    0x08009460   0x08009460   0x000000dc   Code   RO         8384    i.pvPortMalloc      heap_4.o
    0x0800953c   0x0800953c   0x0000002c   Code   RO         8452    i.pxPortInitialiseStack  port.o
    0x08009568   0x08009568   0x00000124   Code   RO         8734    i.rc_base_info_update  remote.o
    0x0800968c   0x0800968c   0x00000020   Code   RO         8735    i.rc_init           remote.o
    0x080096ac   0x080096ac   0x00000052   Code   RO         2064    i.rc_sensor_check   rc_sensor.o
    0x080096fe   0x080096fe   0x00000024   Code   RO         2065    i.rc_sensor_heart_beat  rc_sensor.o
    0x08009722   0x08009722   0x00000016   Code   RO         2842    i.rc_sensor_init    rc_protocol.o
    0x08009738   0x08009738   0x00000088   Code   RO         2843    i.rc_sensor_update  rc_protocol.o
    0x080097c0   0x080097c0   0x00000036   Code   RO         8737    i.rc_wheel_status_interrupt_update  remote.o
    0x080097f6   0x080097f6   0x0000014e   Code   RO          907    i.select_sensor     bmi2.o
    0x08009944   0x08009944   0x000003c4   Code   RO          910    i.sensor_enable     bmi2.o
    0x08009d08   0x08009d08   0x00000098   Code   RO          911    i.set_accel_config  bmi2.o
    0x08009da0   0x08009da0   0x00000056   Code   RO          913    i.set_act_recog     bmi2.o
    0x08009df6   0x08009df6   0x0000005a   Code   RO          914    i.set_any_motion    bmi2.o
    0x08009e50   0x08009e50   0x000000c6   Code   RO          915    i.set_any_motion_config  bmi2.o
    0x08009f16   0x08009f16   0x00000090   Code   RO          916    i.set_aux_config    bmi2.o
    0x08009fa6   0x08009fa6   0x00000036   Code   RO          917    i.set_config_load   bmi2.o
    0x08009fdc   0x08009fdc   0x00000056   Code   RO          918    i.set_double_tap    bmi2.o
    0x0800a032   0x0800a032   0x00000056   Code   RO          919    i.set_ext_sens_sync  bmi2.o
    0x0800a088   0x0800a088   0x0000008e   Code   RO          920    i.set_ext_sens_sync_config  bmi2.o
    0x0800a116   0x0800a116   0x00000002   PAD
    0x0800a118   0x0800a118   0x00000068   Code   RO          921    i.set_feat_accel_self_test  bmi2.o
    0x0800a180   0x0800a180   0x00000056   Code   RO          922    i.set_flat          bmi2.o
    0x0800a1d6   0x0800a1d6   0x000000bc   Code   RO          923    i.set_flat_config   bmi2.o
    0x0800a292   0x0800a292   0x00000056   Code   RO          924    i.set_free_fall_det  bmi2.o
    0x0800a2e8   0x0800a2e8   0x000000a8   Code   RO          925    i.set_free_fall_det_config  bmi2.o
    0x0800a390   0x0800a390   0x0000008e   Code   RO          926    i.set_glance_detect_config  bmi2.o
    0x0800a41e   0x0800a41e   0x00000056   Code   RO          927    i.set_glance_detector  bmi2.o
    0x0800a474   0x0800a474   0x000000ac   Code   RO          928    i.set_gyro_config   bmi2.o
    0x0800a520   0x0800a520   0x00000056   Code   RO          929    i.set_gyro_self_offset_corr  bmi2.o
    0x0800a576   0x0800a576   0x0000005a   Code   RO          930    i.set_gyro_user_gain  bmi2.o
    0x0800a5d0   0x0800a5d0   0x000000a2   Code   RO          931    i.set_gyro_user_gain_config  bmi2.o
    0x0800a672   0x0800a672   0x0000005a   Code   RO          932    i.set_high_g        bmi2.o
    0x0800a6cc   0x0800a6cc   0x000000da   Code   RO          933    i.set_high_g_config  bmi2.o
    0x0800a7a6   0x0800a7a6   0x0000005a   Code   RO          935    i.set_low_g         bmi2.o
    0x0800a800   0x0800a800   0x000000ba   Code   RO          936    i.set_low_g_config  bmi2.o
    0x0800a8ba   0x0800a8ba   0x0000005a   Code   RO          938    i.set_no_motion     bmi2.o
    0x0800a914   0x0800a914   0x000000c6   Code   RO          939    i.set_no_motion_config  bmi2.o
    0x0800a9da   0x0800a9da   0x000000c6   Code   RO          941    i.set_orient_config  bmi2.o
    0x0800aaa0   0x0800aaa0   0x00000056   Code   RO          942    i.set_orientation   bmi2.o
    0x0800aaf6   0x0800aaf6   0x0000009e   Code   RO          943    i.set_primary_ois_config  bmi2.o
    0x0800ab94   0x0800ab94   0x0000005a   Code   RO          945    i.set_sig_motion    bmi2.o
    0x0800abee   0x0800abee   0x000000be   Code   RO          946    i.set_sig_motion_config  bmi2.o
    0x0800acac   0x0800acac   0x00000056   Code   RO          947    i.set_single_tap    bmi2.o
    0x0800ad02   0x0800ad02   0x0000005a   Code   RO          948    i.set_step_activity  bmi2.o
    0x0800ad5c   0x0800ad5c   0x000000c0   Code   RO          949    i.set_step_config   bmi2.o
    0x0800ae1c   0x0800ae1c   0x000000d4   Code   RO          950    i.set_step_count_params_config  bmi2.o
    0x0800aef0   0x0800aef0   0x0000005a   Code   RO          951    i.set_step_counter  bmi2.o
    0x0800af4a   0x0800af4a   0x0000005a   Code   RO          952    i.set_step_detector  bmi2.o
    0x0800afa4   0x0800afa4   0x00000056   Code   RO          953    i.set_tilt          bmi2.o
    0x0800affa   0x0800affa   0x0000008e   Code   RO          954    i.set_tilt_config   bmi2.o
    0x0800b088   0x0800b088   0x00000056   Code   RO          955    i.set_triple_tap    bmi2.o
    0x0800b0de   0x0800b0de   0x00000056   Code   RO          956    i.set_up_hold_to_wake  bmi2.o
    0x0800b134   0x0800b134   0x0000008e   Code   RO          957    i.set_up_hold_to_wake_config  bmi2.o
    0x0800b1c2   0x0800b1c2   0x00000056   Code   RO          958    i.set_wake_up       bmi2.o
    0x0800b218   0x0800b218   0x000000bc   Code   RO          959    i.set_wake_up_config  bmi2.o
    0x0800b2d4   0x0800b2d4   0x000000b6   Code   RO          960    i.set_wrist_gest_config  bmi2.o
    0x0800b38a   0x0800b38a   0x000000c8   Code   RO          961    i.set_wrist_gest_w_config  bmi2.o
    0x0800b452   0x0800b452   0x00000056   Code   RO          962    i.set_wrist_gesture  bmi2.o
    0x0800b4a8   0x0800b4a8   0x00000056   Code   RO          963    i.set_wrist_gesture_wh  bmi2.o
    0x0800b4fe   0x0800b4fe   0x00000056   Code   RO          964    i.set_wrist_wear_wake_up  bmi2.o
    0x0800b554   0x0800b554   0x000000c8   Code   RO          965    i.set_wrist_wear_wake_up_config  bmi2.o
    0x0800b61c   0x0800b61c   0x00000056   Code   RO          966    i.set_wrist_wear_wake_up_wh  bmi2.o
    0x0800b672   0x0800b672   0x000000fa   Code   RO          967    i.set_wrist_wear_wake_up_wh_config  bmi2.o
    0x0800b76c   0x0800b76c   0x0000004c   Code   RO         8969    i.shoot_task        my_shoot.o
    0x0800b7b8   0x0800b7b8   0x00000096   Code   RO         2620    i.single_pid_ctrl   pid.o
    0x0800b84e   0x0800b84e   0x0000006e   Code   RO         9182    i.sqrt              m_wm.l(sqrt.o)
    0x0800b8bc   0x0800b8bc   0x000000c8   Code   RO          378    i.uart_rx_idle_callback  drv_uart.o
    0x0800b984   0x0800b984   0x00000040   Code   RO          979    i.upload_file       bmi2.o
    0x0800b9c4   0x0800b9c4   0x00000004   Code   RO         1889    i.user_delay_us     bmi2_common.o
    0x0800b9c8   0x0800b9c8   0x00000024   Code   RO         1890    i.user_i2c_reg_read  bmi2_common.o
    0x0800b9ec   0x0800b9ec   0x0000004c   Code   RO         1891    i.user_i2c_reg_write  bmi2_common.o
    0x0800ba38   0x0800ba38   0x00000026   Code   RO         7330    i.uxListRemove      list.o
    0x0800ba5e   0x0800ba5e   0x00000002   PAD
    0x0800ba60   0x0800ba60   0x00000014   Code   RO         3293    i.vApplicationGetIdleTaskMemory  freertos.o
    0x0800ba74   0x0800ba74   0x00000016   Code   RO         7331    i.vListInitialise   list.o
    0x0800ba8a   0x0800ba8a   0x00000006   Code   RO         7332    i.vListInitialiseItem  list.o
    0x0800ba90   0x0800ba90   0x00000030   Code   RO         7333    i.vListInsert       list.o
    0x0800bac0   0x0800bac0   0x00000018   Code   RO         7334    i.vListInsertEnd    list.o
    0x0800bad8   0x0800bad8   0x00000040   Code   RO         8454    i.vPortEnterCritical  port.o
    0x0800bb18   0x0800bb18   0x00000028   Code   RO         8455    i.vPortExitCritical  port.o
    0x0800bb40   0x0800bb40   0x00000064   Code   RO         8385    i.vPortFree         heap_4.o
    0x0800bba4   0x0800bba4   0x00000024   Code   RO         8456    i.vPortSetupTimerInterrupt  port.o
    0x0800bbc8   0x0800bbc8   0x0000004c   Code   RO         7705    i.vTaskDelay        tasks.o
    0x0800bc14   0x0800bc14   0x0000006c   Code   RO         7719    i.vTaskStartScheduler  tasks.o
    0x0800bc80   0x0800bc80   0x00000010   Code   RO         7721    i.vTaskSuspendAll   tasks.o
    0x0800bc90   0x0800bc90   0x0000005c   Code   RO         7722    i.vTaskSwitchContext  tasks.o
    0x0800bcec   0x0800bcec   0x000000e4   Code   RO          985    i.write_config_file  bmi2.o
    0x0800bdd0   0x0800bdd0   0x000000f4   Code   RO         8458    i.xPortStartScheduler  port.o
    0x0800bec4   0x0800bec4   0x0000005a   Code   RO         7725    i.xTaskCreate       tasks.o
    0x0800bf1e   0x0800bf1e   0x00000056   Code   RO         7726    i.xTaskCreateStatic  tasks.o
    0x0800bf74   0x0800bf74   0x000000e0   Code   RO         7727    i.xTaskGenericNotify  tasks.o
    0x0800c054   0x0800c054   0x000000cc   Code   RO         7733    i.xTaskIncrementTick  tasks.o
    0x0800c120   0x0800c120   0x0000008c   Code   RO         7735    i.xTaskNotifyWait   tasks.o
    0x0800c1ac   0x0800c1ac   0x000000c4   Code   RO         7739    i.xTaskResumeAll    tasks.o
    0x0800c270   0x0800c270   0x00000006   Data   RO          987    .constdata          bmi2.o
    0x0800c276   0x0800c276   0x00002045   Data   RO         2034    .constdata          bmi270.o
    0x0800e2bb   0x0800e2bb   0x00000001   PAD
    0x0800e2bc   0x0800e2bc   0x00000070   Data   RO         3296    .constdata          freertos.o
    0x0800e32c   0x0800e32c   0x00000010   Data   RO         3979    .constdata          system_stm32f4xx.o
    0x0800e33c   0x0800e33c   0x00000008   Data   RO         3980    .constdata          system_stm32f4xx.o
    0x0800e344   0x0800e344   0x00000008   Data   RO         4767    .constdata          stm32f4xx_hal_dma.o
    0x0800e34c   0x0800e34c   0x00000004   PAD
    0x0800e350   0x0800e350   0x00000050   Data   RO         9027    .constdata          m_wm.l(asin.o)
    0x0800e3a0   0x0800e3a0   0x00000098   Data   RO         9130    .constdata          m_wm.l(atan.o)
    0x0800e438   0x0800e438   0x00000008   Data   RO         9168    .constdata          m_wm.l(qnan.o)
    0x0800e440   0x0800e440   0x00000030   Data   RO         3297    .conststring        freertos.o
    0x0800e470   0x0800e470   0x00000020   Data   RO         9240    Region$$Table       anon$$obj.o


    Execution Region RW_IRAM1 (Exec base: 0x20000000, Load base: 0x0800e490, Size: 0x00005bf8, Max: 0x00020000, ABSOLUTE, COMPRESSED[0x00000148])

    Exec Addr    Load Addr    Size         Type   Attr      Idx    E Section Name        Object

    0x20000000   COMPRESSED   0x00000010   Data   RW          168    .data               drv_can.o
    0x20000010   COMPRESSED   0x00000004   Data   RW          520    .data               drv_haltick.o
    0x20000014   COMPRESSED   0x0000006c   Data   RW          674    .data               bmi.o
    0x20000080   COMPRESSED   0x00000002   Data   RW         1894    .data               bmi2_common.o
    0x20000082   COMPRESSED   0x0000001a   Data   RW         2067    .data               rc_sensor.o
    0x2000009c   COMPRESSED   0x0000001c   Data   RW         2068    .data               rc_sensor.o
    0x200000b8   COMPRESSED   0x00000002   Data   RW         2137    .data               imu_sensor.o
    0x200000ba   COMPRESSED   0x00000002   PAD
    0x200000bc   COMPRESSED   0x00000020   Data   RW         2138    .data               imu_sensor.o
    0x200000dc   COMPRESSED   0x0000001c   Data   RW         2139    .data               imu_sensor.o
    0x200000f8   COMPRESSED   0x00000090   Data   RW         2178    .data               chassis_motor.o
    0x20000188   COMPRESSED   0x00000050   Data   RW         2179    .data               chassis_motor.o
    0x200001d8   COMPRESSED   0x00000070   Data   RW         2180    .data               chassis_motor.o
    0x20000248   COMPRESSED   0x000001ec   Data   RW         2274    .data               chassis.o
    0x20000434   COMPRESSED   0x00000004   Data   RW         2275    .data               chassis.o
    0x20000438   COMPRESSED   0x00000028   Data   RW         2276    .data               chassis.o
    0x20000460   COMPRESSED   0x00000003   Data   RW         2475    .data               system_task.o
    0x20000463   COMPRESSED   0x00000001   PAD
    0x20000464   COMPRESSED   0x0000000c   Data   RW         2520    .data               monitor_task.o
    0x20000470   COMPRESSED   0x00000004   Data   RW         2590    .data               send_task.o
    0x20000474   COMPRESSED   0x0000000c   Data   RW         2882    .data               imu_protocol.o
    0x20000480   COMPRESSED   0x0000001c   Data   RW         3151    .data               main.o
    0x2000049c   COMPRESSED   0x00000038   Data   RW         3152    .data               main.o
    0x200004d4   COMPRESSED   0x00000003   Data   RW         3154    .data               main.o
    0x200004d7   COMPRESSED   0x00000003   Data   RW         3155    .data               main.o
    0x200004da   COMPRESSED   0x00000003   Data   RW         3156    .data               main.o
    0x200004dd   COMPRESSED   0x00000003   Data   RW         3157    .data               main.o
    0x200004e0   COMPRESSED   0x00000003   Data   RW         3158    .data               main.o
    0x200004e3   COMPRESSED   0x00000003   Data   RW         3159    .data               main.o
    0x200004e6   COMPRESSED   0x00000003   Data   RW         3160    .data               main.o
    0x200004e9   COMPRESSED   0x00000003   Data   RW         3161    .data               main.o
    0x200004ec   COMPRESSED   0x00000003   Data   RW         3162    .data               main.o
    0x200004ef   COMPRESSED   0x00000004   Data   RW         3163    .data               main.o
    0x200004f3   COMPRESSED   0x00000001   PAD
    0x200004f4   COMPRESSED   0x00000004   Data   RW         3164    .data               main.o
    0x200004f8   COMPRESSED   0x00000004   Data   RW         3165    .data               main.o
    0x200004fc   COMPRESSED   0x00000008   Data   RW         3166    .data               main.o
    0x20000504   COMPRESSED   0x0000002c   Data   RW         3300    .data               freertos.o
    0x20000530   COMPRESSED   0x00000004   Data   RW         3416    .data               can.o
    0x20000534   COMPRESSED   0x00000004   Data   RW         3981    .data               system_stm32f4xx.o
    0x20000538   COMPRESSED   0x0000000c   Data   RW         5194    .data               stm32f4xx_hal.o
    0x20000544   COMPRESSED   0x0000003c   Data   RW         7742    .data               tasks.o
    0x20000580   COMPRESSED   0x00000020   Data   RW         8391    .data               heap_4.o
    0x200005a0   COMPRESSED   0x0000000c   Data   RW         8459    .data               port.o
    0x200005ac   COMPRESSED   0x00000002   Data   RW         8932    .data               car.o
    0x200005ae   COMPRESSED   0x00000006   Data   RW         8970    .data               my_shoot.o
    0x200005b4   COMPRESSED   0x00000004   Data   RW         9214    .data               mc_w.l(mvars.o)
    0x200005b8   COMPRESSED   0x00000004   Data   RW         9215    .data               mc_w.l(mvars.o)
    0x200005bc   COMPRESSED   0x00000004   Data   RW         9219    .data               mc_w.l(errno.o)
    0x200005c0        -       0x00000080   Zero   RW          164    .bss                drv_can.o
    0x20000640        -       0x000001c0   Zero   RW          379    .bss                drv_uart.o
    0x20000800        -       0x00000068   Zero   RW          673    .bss                bmi.o
    0x20000868        -       0x00000030   Zero   RW         2273    .bss                chassis.o
    0x20000898        -       0x0000001c   Zero   RW         3115    .bss                main.o
    0x200008b4        -       0x0000000e   Zero   RW         3116    .bss                main.o
    0x200008c2   COMPRESSED   0x00000002   PAD
    0x200008c4        -       0x0000001c   Zero   RW         3117    .bss                main.o
    0x200008e0        -       0x0000000e   Zero   RW         3118    .bss                main.o
    0x200008ee   COMPRESSED   0x00000002   PAD
    0x200008f0        -       0x0000001c   Zero   RW         3119    .bss                main.o
    0x2000090c        -       0x0000000e   Zero   RW         3120    .bss                main.o
    0x2000091a   COMPRESSED   0x00000002   PAD
    0x2000091c        -       0x0000001c   Zero   RW         3121    .bss                main.o
    0x20000938        -       0x0000000e   Zero   RW         3122    .bss                main.o
    0x20000946   COMPRESSED   0x00000002   PAD
    0x20000948        -       0x000000e0   Zero   RW         3123    .bss                main.o
    0x20000a28        -       0x0000000c   Zero   RW         3124    .bss                main.o
    0x20000a34        -       0x0000001a   Zero   RW         3125    .bss                main.o
    0x20000a4e   COMPRESSED   0x00000002   PAD
    0x20000a50        -       0x0000001c   Zero   RW         3126    .bss                main.o
    0x20000a6c        -       0x00000018   Zero   RW         3127    .bss                main.o
    0x20000a84        -       0x0000001c   Zero   RW         3128    .bss                main.o
    0x20000aa0        -       0x00000018   Zero   RW         3129    .bss                main.o
    0x20000ab8        -       0x000001b0   Zero   RW         3130    .bss                main.o
    0x20000c68        -       0x0000006c   Zero   RW         3131    .bss                main.o
    0x20000cd4        -       0x0000006c   Zero   RW         3132    .bss                main.o
    0x20000d40        -       0x0000006c   Zero   RW         3133    .bss                main.o
    0x20000dac        -       0x0000006c   Zero   RW         3134    .bss                main.o
    0x20000e18        -       0x0000006c   Zero   RW         3135    .bss                main.o
    0x20000e84        -       0x0000006c   Zero   RW         3136    .bss                main.o
    0x20000ef0        -       0x0000006c   Zero   RW         3137    .bss                main.o
    0x20000f5c        -       0x0000006c   Zero   RW         3138    .bss                main.o
    0x20000fc8        -       0x0000001c   Zero   RW         3139    .bss                main.o
    0x20000fe4        -       0x0000001c   Zero   RW         3140    .bss                main.o
    0x20001000        -       0x0000001c   Zero   RW         3141    .bss                main.o
    0x2000101c        -       0x0000000e   Zero   RW         3142    .bss                main.o
    0x2000102a   COMPRESSED   0x00000002   PAD
    0x2000102c        -       0x0000001c   Zero   RW         3143    .bss                main.o
    0x20001048        -       0x0000000e   Zero   RW         3144    .bss                main.o
    0x20001056   COMPRESSED   0x00000002   PAD
    0x20001058        -       0x0000006c   Zero   RW         3145    .bss                main.o
    0x200010c4        -       0x0000006c   Zero   RW         3146    .bss                main.o
    0x20001130        -       0x0000006c   Zero   RW         3147    .bss                main.o
    0x2000119c        -       0x0000006c   Zero   RW         3148    .bss                main.o
    0x20001208        -       0x0000006c   Zero   RW         3149    .bss                main.o
    0x20001274        -       0x0000002c   Zero   RW         3150    .bss                main.o
    0x200012a0        -       0x00000254   Zero   RW         3295    .bss                freertos.o
    0x200014f4        -       0x00000048   Zero   RW         3372    .bss                adc.o
    0x2000153c        -       0x00000050   Zero   RW         3415    .bss                can.o
    0x2000158c        -       0x00000014   Zero   RW         3463    .bss                dac.o
    0x200015a0        -       0x00000090   Zero   RW         3531    .bss                tim.o
    0x20001630        -       0x00000290   Zero   RW         3586    .bss                usart.o
    0x200018c0        -       0x00000048   Zero   RW         3791    .bss                stm32f4xx_hal_timebase_tim.o
    0x20001908        -       0x000000f0   Zero   RW         7741    .bss                tasks.o
    0x200019f8        -       0x00003c00   Zero   RW         8390    .bss                heap_4.o
    0x200055f8        -       0x00000200   Zero   RW            2    HEAP                startup_stm32f407xx.o
    0x200057f8        -       0x00000400   Zero   RW            1    STACK               startup_stm32f407xx.o


==============================================================================

Image component sizes


      Code (inc. data)   RO Data    RW Data    ZI Data      Debug   Object Name

       196          8          0          0          0       1988   2006_motor.o
       348         16          0          0          0       3308   3508_motor.o
       116          6          0          0          0       1731   6020_motor.o
       196         24          0          0         72       1685   adc.o
         0          0          0          0          0        392   arm_mat_init_f32.o
      2872         86          0        108        104      49301   bmi.o
     15630        116          6          0          0     114254   bmi2.o
       120         10       8261          0          0       1598   bmi270.o
       354         30          0          2          0       5462   bmi2_common.o
       396         46          0          4         80       2470   can.o
        76          0          0          0          0       3394   can_protocol.o
       100         12          0          2          0       2616   car.o
       528         56          0        536         48       8210   chassis.o
       210          0          0        336          0       4220   chassis_motor.o
       120          0          0          0          0      23257   cmsis_os.o
        36          8          0          0          0        543   control_task.o
       156         20          0          0         20       1655   dac.o
         0          0          0          0          0       4007   device.o
       538         12          0          0          0       5536   dji_pid.o
       108          4          0          0          0        826   dma.o
        42          0          0          0          0        542   driver.o
        14          4          0          0          0        934   drv_adda.o
       984         98          0         16        128      48178   drv_can.o
       116         24          0          4          0       2134   drv_haltick.o
         0          0          0          0          0     718768   drv_io.o
        80         20          0          0          0       1530   drv_tim.o
      1226         94          0          0        448      10422   drv_uart.o
         0          0          0          0          0      16872   event_groups.o
      1204        212        160         44        596       7068   freertos.o
       304         20          0          0          0       1083   gpio.o
       472         24          0         32      15360       7387   heap_4.o
       252         10          0         12          0       2301   imu_protocol.o
        74          0          0         62          0       2607   imu_sensor.o
       138          0          0          0          0       3522   list.o
       280         18          0        131       2554      12972   main.o
       220         36          0         12          0       2214   monitor_task.o
       282         78          0          0          0      10027   my_chassis.o
       314         68          0          0          0       3673   my_gimbal.o
       944        172          0          6          0       5868   my_shoot.o
       190          6          0          0          0       1441   pid.o
       702         72          0         12          0      10948   port.o
       186          6          0          0          0       2159   rc_protocol.o
       176          0          0         54          0      10846   rc_sensor.o
       378          0          0          0          0       2183   remote.o
        58          0          0          0          0       3989   rm_protocol.o
        18          0          0          0          0        638   rp_math.o
        60         12          0          4          0        771   send_task.o
       544         62          0          0          0       4259   soft_iic.o
        36          8        392          0       1536        832   startup_stm32f407xx.o
        64         10          0         12          0       7548   stm32f4xx_hal.o
       712         28          0          0          0       2867   stm32f4xx_hal_adc.o
      1658          6          0          0          0      14179   stm32f4xx_hal_can.o
       158         14          0          0          0      33138   stm32f4xx_hal_cortex.o
       202          0          0          0          0       2659   stm32f4xx_hal_dac.o
       934         16          8          0          0       5583   stm32f4xx_hal_dma.o
       522         46          0          0          0       2821   stm32f4xx_hal_gpio.o
        56          4          0          0          0        858   stm32f4xx_hal_msp.o
      1412         86          0          0          0       5869   stm32f4xx_hal_rcc.o
      2020        136          0          0          0      16790   stm32f4xx_hal_tim.o
       232         28          0          0          0       3253   stm32f4xx_hal_tim_ex.o
       152         18          0          0         72       1467   stm32f4xx_hal_timebase_tim.o
      1276         16          0          0          0       8284   stm32f4xx_hal_uart.o
       192         66          0          0          0       8097   stm32f4xx_it.o
        28          6         24          4          0       1143   system_stm32f4xx.o
       128         20          0          3          0      37579   system_task.o
      1884        140          0         60        240      21693   tasks.o
       572         52          0          0        144       3249   tim.o
       984         88          0          0        656       4255   usart.o

    ----------------------------------------------------------------------
     44634       2278       8888       1460      22072    1313953   Object Totals
         0          0         32          0          0          0   (incl. Generated)
        54          0          5          4         14          0   (incl. Padding)

    ----------------------------------------------------------------------

      Code (inc. data)   RO Data    RW Data    ZI Data      Debug   Library Member Name

       864         94         80          0          0        280   asin.o
       744        106        152          0          0        352   atan.o
       512         64          0          0          0        208   atan2.o
       104         16          0          0          0        496   dunder.o
        24          0          0          0          0        124   fabs.o
        48          0          0          0          0        124   fpclassify.o
       248          0          0          0          0        152   poly.o
         0          0          8          0          0          0   qnan.o
       110          0          0          0          0        148   sqrt.o
        86          0          0          0          0          0   __dczerorl2.o
         0          0          0          0          0          0   entry.o
         0          0          0          0          0          0   entry10a.o
         0          0          0          0          0          0   entry11a.o
         4          0          0          0          0          0   entry12b.o
         8          4          0          0          0          0   entry2.o
         4          0          0          0          0          0   entry5.o
         0          0          0          0          0          0   entry7b.o
         0          0          0          0          0          0   entry8b.o
         8          4          0          0          0          0   entry9a.o
        12          6          0          4          0         68   errno.o
        30          0          0          0          0          0   handlers.o
        36          8          0          0          0         68   init.o
         0          0          0          0          0          0   iusefp.o
        30          0          0          0          0         68   llshl.o
        36          0          0          0          0         68   llsshr.o
        32          0          0          0          0         68   llushr.o
       188         20          0          0          0        160   malloc.o
        36          0          0          0          0         68   memcpya.o
        36          0          0          0          0        108   memseta.o
         0          0          0          8          0          0   mvars.o
        98          0          0          0          0         92   uldiv.o
        48          0          0          0          0         68   cdcmple.o
        56          0          0          0          0         88   d2f.o
       334          0          0          0          0        148   dadd.o
       222          0          0          0          0        100   ddiv.o
       186          0          0          0          0        176   depilogue.o
        62          0          0          0          0         80   dfixi.o
       228          0          0          0          0         96   dmul.o
       162          0          0          0          0        100   dsqrt.o
        38          0          0          0          0         68   f2d.o
       110          0          0          0          0        168   fepilogue.o

    ----------------------------------------------------------------------
      4750        322        240         12          0       3744   Library Totals
         6          0          0          0          0          0   (incl. Padding)

    ----------------------------------------------------------------------

      Code (inc. data)   RO Data    RW Data    ZI Data      Debug   Library Name

      2654        280        240          0          0       1884   m_wm.l
       644         42          0         12          0        768   mc_w.l
      1446          0          0          0          0       1092   mf_w.l

    ----------------------------------------------------------------------
      4750        322        240         12          0       3744   Library Totals

    ----------------------------------------------------------------------

==============================================================================


      Code (inc. data)   RO Data    RW Data    ZI Data      Debug   

     49384       2600       9128       1472      22072    1276597   Grand Totals
     49384       2600       9128        328      22072    1276597   ELF Image Totals (compressed)
     49384       2600       9128        328          0          0   ROM Totals

==============================================================================

    Total RO  Size (Code + RO Data)                58512 (  57.14kB)
    Total RW  Size (RW Data + ZI Data)             23544 (  22.99kB)
    Total ROM Size (Code + RO Data + RW Data)      58840 (  57.46kB)

==============================================================================

